08-29 01:18:41.814 22760 22760 E ActivityThread: android.app.ServiceConnectionLeaked: Service com.android.exchange.ExchangeService has leaked ServiceConnection com.android.emailcommon.service.ServiceProxy$ProxyConnection@41dc5198 that was originally bound here
08-29 01:18:41.814 22760 22760 E ActivityThread: 	at android.app.LoadedApk$ServiceDispatcher.<init>(LoadedApk.java:969)
08-29 01:18:41.814 22760 22760 E ActivityThread: 	at android.app.LoadedApk.getServiceDispatcher(LoadedApk.java:863)
08-29 01:18:41.814 22760 22760 E ActivityThread: 	at android.app.ContextImpl.bindService(ContextImpl.java:1424)
08-29 01:18:41.814 22760 22760 E ActivityThread: 	at android.app.ContextImpl.bindService(ContextImpl.java:1413)
08-29 01:18:41.814 22760 22760 E ActivityThread: 	at android.content.ContextWrapper.bindService(ContextWrapper.java:473)
08-29 01:18:41.814 22760 22760 E ActivityThread: 	at com.android.emailcommon.service.ServiceProxy.setTask(ServiceProxy.java:157)
08-29 01:18:41.814 22760 22760 E ActivityThread: 	at com.android.emailcommon.service.ServiceProxy.setTask(ServiceProxy.java:145)
08-29 01:18:41.814 22760 22760 E ActivityThread: 	at com.android.emailcommon.service.ServiceProxy.test(ServiceProxy.java:191)
08-29 01:18:41.814 22760 22760 E ActivityThread: 	at com.android.exchange.ExchangeService$7.run(ExchangeService.java:1850)
08-29 01:18:41.814 22760 22760 E ActivityThread: 	at com.android.emailcommon.utility.Utility$2.doInBackground(Utility.java:551)
08-29 01:18:41.814 22760 22760 E ActivityThread: 	at com.android.emailcommon.utility.Utility$2.doInBackground(Utility.java:549)
08-29 01:18:41.814 22760 22760 E ActivityThread: 	at android.os.AsyncTask$2.call(AsyncTask.java:287)
08-29 01:18:41.814 22760 22760 E ActivityThread: 	at java.util.concurrent.FutureTask.run(FutureTask.java:234)
08-29 01:18:41.814 22760 22760 E ActivityThread: 	at java.util.concurrent.ThreadPoolExecutor.runWorker(ThreadPoolExecutor.java:1080)
08-29 01:18:41.814 22760 22760 E ActivityThread: 	at java.util.concurrent.ThreadPoolExecutor$Worker.run(ThreadPoolExecutor.java:573)
08-29 01:18:41.814 22760 22760 E ActivityThread: 	at java.lang.Thread.run(Thread.java:856)
08-29 01:18:41.824 22195 22206 W ActivityManager: Unable to start service Intent { act=com.android.email.ACCOUNT_INTENT } U=0: not found
08-29 01:18:41.824 22195 22207 W ActivityManager: Unbind failed: could not find connection for android.os.BinderProxy@42109480
08-29 01:19:31.867 22195 22319 W ActivityManager: Unable to start service Intent { act=com.android.email.ACCOUNT_INTENT } U=0: not found
08-29 01:19:31.877 22760 22760 E ActivityThread: Service com.android.exchange.ExchangeService has leaked ServiceConnection com.android.emailcommon.service.ServiceProxy$ProxyConnection@41e5d138 that was originally bound here
08-29 01:19:31.877 22760 22760 E ActivityThread: android.app.ServiceConnectionLeaked: Service com.android.exchange.ExchangeService has leaked ServiceConnection com.android.emailcommon.service.ServiceProxy$ProxyConnection@41e5d138 that was originally bound here
08-29 01:19:31.877 22760 22760 E ActivityThread: 	at android.app.LoadedApk$ServiceDispatcher.<init>(LoadedApk.java:969)
08-29 01:19:31.877 22760 22760 E ActivityThread: 	at android.app.LoadedApk.getServiceDispatcher(LoadedApk.java:863)
08-29 01:19:31.877 22760 22760 E ActivityThread: 	at android.app.ContextImpl.bindService(ContextImpl.java:1424)
08-29 01:19:31.877 22760 22760 E ActivityThread: 	at android.app.ContextImpl.bindService(ContextImpl.java:1413)
08-29 01:19:31.877 22760 22760 E ActivityThread: 	at android.content.ContextWrapper.bindService(ContextWrapper.java:473)
08-29 01:19:31.877 22760 22760 E ActivityThread: 	at com.android.emailcommon.service.ServiceProxy.setTask(ServiceProxy.java:157)
08-29 01:19:31.877 22760 22760 E ActivityThread: 	at com.android.emailcommon.service.ServiceProxy.setTask(ServiceProxy.java:145)
08-29 01:19:31.877 22760 22760 E ActivityThread: 	at com.android.emailcommon.service.ServiceProxy.test(ServiceProxy.java:191)
08-29 01:19:31.877 22760 22760 E ActivityThread: 	at com.android.exchange.ExchangeService$7.run(ExchangeService.java:1850)
08-29 01:19:31.877 22760 22760 E ActivityThread: 	at com.android.emailcommon.utility.Utility$2.doInBackground(Utility.java:551)
08-29 01:19:31.877 22760 22760 E ActivityThread: 	at com.android.emailcommon.utility.Utility$2.doInBackground(Utility.java:549)
08-29 01:19:31.877 22760 22760 E ActivityThread: 	at android.os.AsyncTask$2.call(AsyncTask.java:287)
08-29 01:19:31.877 22760 22760 E ActivityThread: 	at java.util.concurrent.FutureTask.run(FutureTask.java:234)
08-29 01:19:31.877 22760 22760 E ActivityThread: 	at java.util.concurrent.ThreadPoolExecutor.runWorker(ThreadPoolExecutor.java:1080)
08-29 01:19:31.877 22760 22760 E ActivityThread: 	at java.util.concurrent.ThreadPoolExecutor$Worker.run(ThreadPoolExecutor.java:573)
08-29 01:19:31.877 22760 22760 E ActivityThread: 	at java.lang.Thread.run(Thread.java:856)
08-29 01:19:31.907 22195 22206 W ActivityManager: Unable to start service Intent { act=com.android.email.ACCOUNT_INTENT } U=0: not found
08-29 01:19:31.907 22195 22207 W ActivityManager: Unbind failed: could not find connection for android.os.BinderProxy@4211ccd0
08-29 01:20:21.951 22195 23453 W ActivityManager: Unable to start service Intent { act=com.android.email.ACCOUNT_INTENT } U=0: not found
08-29 01:20:21.971 22760 22760 E ActivityThread: Service com.android.exchange.ExchangeService has leaked ServiceConnection com.android.emailcommon.service.ServiceProxy$ProxyConnection@41ded228 that was originally bound here
08-29 01:20:21.971 22760 22760 E ActivityThread: android.app.ServiceConnectionLeaked: Service com.android.exchange.ExchangeService has leaked ServiceConnection com.android.emailcommon.service.ServiceProxy$ProxyConnection@41ded228 that was originally bound here
08-29 01:20:21.971 22760 22760 E ActivityThread: 	at android.app.LoadedApk$ServiceDispatcher.<init>(LoadedApk.java:969)
08-29 01:20:21.971 22760 22760 E ActivityThread: 	at android.app.LoadedApk.getServiceDispatcher(LoadedApk.java:863)
08-29 01:20:21.971 22760 22760 E ActivityThread: 	at android.app.ContextImpl.bindService(ContextImpl.java:1424)
08-29 01:20:21.971 22760 22760 E ActivityThread: 	at android.app.ContextImpl.bindService(ContextImpl.java:1413)
08-29 01:20:21.971 22760 22760 E ActivityThread: 	at android.content.ContextWrapper.bindService(ContextWrapper.java:473)
08-29 01:20:21.971 22760 22760 E ActivityThread: 	at com.android.emailcommon.service.ServiceProxy.setTask(ServiceProxy.java:157)
08-29 01:20:21.971 22760 22760 E ActivityThread: 	at com.android.emailcommon.service.ServiceProxy.setTask(ServiceProxy.java:145)
08-29 01:20:21.971 22760 22760 E ActivityThread: 	at com.android.emailcommon.service.ServiceProxy.test(ServiceProxy.java:191)
08-29 01:20:21.971 22760 22760 E ActivityThread: 	at com.android.exchange.ExchangeService$7.run(ExchangeService.java:1850)
08-29 01:20:21.971 22760 22760 E ActivityThread: 	at com.android.emailcommon.utility.Utility$2.doInBackground(Utility.java:551)
08-29 01:20:21.971 22760 22760 E ActivityThread: 	at com.android.emailcommon.utility.Utility$2.doInBackground(Utility.java:549)
08-29 01:20:21.971 22760 22760 E ActivityThread: 	at android.os.AsyncTask$2.call(AsyncTask.java:287)
08-29 01:20:21.971 22760 22760 E ActivityThread: 	at java.util.concurrent.FutureTask.run(FutureTask.java:234)
08-29 01:20:21.971 22760 22760 E ActivityThread: 	at java.util.concurrent.ThreadPoolExecutor.runWorker(ThreadPoolExecutor.java:1080)
08-29 01:20:21.971 22760 22760 E ActivityThread: 	at java.util.concurrent.ThreadPoolExecutor$Worker.run(ThreadPoolExecutor.java:573)
08-29 01:20:21.971 22760 22760 E ActivityThread: 	at java.lang.Thread.run(Thread.java:856)
08-29 01:20:21.981 22195 22195 W ActivityManager: Unable to start service Intent { act=com.android.email.ACCOUNT_INTENT } U=0: not found
08-29 01:20:21.981 22195 23437 W ActivityManager: Unbind failed: could not find connection for android.os.BinderProxy@421b6558
08-29 01:20:43.063 22195 22216 W ActivityManager: No content provider found for permission revoke: file:///data/local/tmp/InferringMedia.apk
08-29 01:20:43.073 22195 22216 W ActivityManager: No content provider found for permission revoke: file:///data/local/tmp/InferringMedia.apk
08-29 01:20:43.073 22195 22216 I PackageManager: Copying native libraries to /data/app-lib/vmdl1875577236
08-29 01:20:43.123 22195 22213 I ActivityManager: Force stopping package edu.ucla.ee.nesl.inferringmedia appid=10046 user=-1
08-29 01:20:43.123 22195 22213 I ActivityManager: Killing proc 7007:edu.ucla.ee.nesl.inferringmedia/u0a10046: force stop edu.ucla.ee.nesl.inferringmedia
08-29 01:20:43.123 22195 22213 W ActivityManager: Force removing ActivityRecord{42114280 u0 edu.ucla.ee.nesl.inferringmedia/.ControlRecording}: app died, no saved state
08-29 01:20:43.153 22195 22206 I WindowState: WIN DEATH: Window{421cf248 u0 edu.ucla.ee.nesl.inferringmedia/edu.ucla.ee.nesl.inferringmedia.ControlRecording}
08-29 01:20:43.233 22195 22216 I PackageManager: Package edu.ucla.ee.nesl.inferringmedia codePath changed from /data/app/edu.ucla.ee.nesl.inferringmedia-2.apk to /data/app/edu.ucla.ee.nesl.inferringmedia-1.apk; Retaining data and using new
08-29 01:20:43.273 22195 22513 W InputMethodManagerService: Got RemoteException sending setActive(false) notification to pid 7007 uid 10046
08-29 01:20:43.604 22195 22213 I ActivityManager: Force stopping package edu.ucla.ee.nesl.inferringmedia appid=10046 user=-1
08-29 01:20:43.604 22195 22216 W PackageManager: Code path for pkg : edu.ucla.ee.nesl.inferringmedia changing from /data/app/edu.ucla.ee.nesl.inferringmedia-2.apk to /data/app/edu.ucla.ee.nesl.inferringmedia-1.apk
08-29 01:20:43.604 22195 22216 W PackageManager: Resource path for pkg : edu.ucla.ee.nesl.inferringmedia changing from /data/app/edu.ucla.ee.nesl.inferringmedia-2.apk to /data/app/edu.ucla.ee.nesl.inferringmedia-1.apk
08-29 01:20:43.684 22195 22216 I ActivityManager: Force stopping package edu.ucla.ee.nesl.inferringmedia appid=10046 user=0
08-29 01:20:43.794  8914  8914 W ContextImpl: Calling a method in the system process without a qualified user: android.app.ContextImpl.startService:1358 android.content.ContextWrapper.startService:450 android.content.ContextWrapper.startService:450 com.android.keychain.KeyChainBroadcastReceiver.onReceive:12 android.app.ActivityThread.handleReceiver:2376 
08-29 01:20:43.854 22195 22224 W InputMethodManagerService: Found no subtypes in a system IME: com.android.inputmethod.pinyin
08-29 01:20:43.954 22195 22224 W RecognitionManagerService: no available voice recognition services found for user 0
08-29 01:20:44.465 22195 22195 I ActivityManager: START u0 {act=android.intent.action.MAIN cat=[android.intent.category.LAUNCHER] flg=0x10000000 cmp=edu.ucla.ee.nesl.inferringmedia/.ControlRecording} from pid 7805
08-29 01:20:44.565 22195 23453 I ActivityManager: Start proc edu.ucla.ee.nesl.inferringmedia for activity edu.ucla.ee.nesl.inferringmedia/.ControlRecording: pid=7817 uid=10046 gids={50046, 1015, 3003, 1028}
08-29 01:20:46.237 22195 22210 I ActivityManager: Config changes=1480 {1.0 ?mcc?mnc en_US ldltr sw384dp w598dp h359dp 320dpi nrml land finger -keyb/v/h -nav/h s.77}
08-29 01:20:46.377  7817  7817 E ActivityThread: Activity edu.ucla.ee.nesl.inferringmedia.ControlRecording has leaked IntentReceiver edu.ucla.ee.nesl.inferringmedia.ControlRecording$2@41d9eff8 that was originally registered here. Are you missing a call to unregisterReceiver()?
08-29 01:20:46.377  7817  7817 E ActivityThread: android.app.IntentReceiverLeaked: Activity edu.ucla.ee.nesl.inferringmedia.ControlRecording has leaked IntentReceiver edu.ucla.ee.nesl.inferringmedia.ControlRecording$2@41d9eff8 that was originally registered here. Are you missing a call to unregisterReceiver()?
08-29 01:20:46.377  7817  7817 E ActivityThread: 	at android.app.LoadedApk$ReceiverDispatcher.<init>(LoadedApk.java:795)
08-29 01:20:46.377  7817  7817 E ActivityThread: 	at android.app.LoadedApk.getReceiverDispatcher(LoadedApk.java:596)
08-29 01:20:46.377  7817  7817 E ActivityThread: 	at android.app.ContextImpl.registerReceiverInternal(ContextImpl.java:1322)
08-29 01:20:46.377  7817  7817 E ActivityThread: 	at android.app.ContextImpl.registerReceiver(ContextImpl.java:1302)
08-29 01:20:46.377  7817  7817 E ActivityThread: 	at android.app.ContextImpl.registerReceiver(ContextImpl.java:1296)
08-29 01:20:46.377  7817  7817 E ActivityThread: 	at android.content.ContextWrapper.registerReceiver(ContextWrapper.java:423)
08-29 01:20:46.377  7817  7817 E ActivityThread: 	at edu.ucla.ee.nesl.inferringmedia.ControlRecording.onCreate(ControlRecording.java:60)
08-29 01:20:46.377  7817  7817 E ActivityThread: 	at android.app.Activity.performCreate(Activity.java:5104)
08-29 01:20:46.377  7817  7817 E ActivityThread: 	at android.app.Instrumentation.callActivityOnCreate(Instrumentation.java:1080)
08-29 01:20:46.377  7817  7817 E ActivityThread: 	at android.app.ActivityThread.performLaunchActivity(ActivityThread.java:2144)
08-29 01:20:46.377  7817  7817 E ActivityThread: 	at android.app.ActivityThread.handleLaunchActivity(ActivityThread.java:2230)
08-29 01:20:46.377  7817  7817 E ActivityThread: 	at android.app.ActivityThread.access$600(ActivityThread.java:141)
08-29 01:20:46.377  7817  7817 E ActivityThread: 	at android.app.ActivityThread$H.handleMessage(ActivityThread.java:1234)
08-29 01:20:46.377  7817  7817 E ActivityThread: 	at android.os.Handler.dispatchMessage(Handler.java:99)
08-29 01:20:46.377  7817  7817 E ActivityThread: 	at android.os.Looper.loop(Looper.java:137)
08-29 01:20:46.377  7817  7817 E ActivityThread: 	at android.app.ActivityThread.main(ActivityThread.java:5041)
08-29 01:20:46.377  7817  7817 E ActivityThread: 	at java.lang.reflect.Method.invokeNative(Native Method)
08-29 01:20:46.377  7817  7817 E ActivityThread: 	at java.lang.reflect.Method.invoke(Method.java:511)
08-29 01:20:46.377  7817  7817 E ActivityThread: 	at com.android.internal.os.ZygoteInit$MethodAndArgsCaller.run(ZygoteInit.java:793)
08-29 01:20:46.377  7817  7817 E ActivityThread: 	at com.android.internal.os.ZygoteInit.main(ZygoteInit.java:560)
08-29 01:20:46.377  7817  7817 E ActivityThread: 	at dalvik.system.NativeStart.main(Native Method)
08-29 01:20:46.387  7817  7817 E ActivityThread: Activity edu.ucla.ee.nesl.inferringmedia.ControlRecording has leaked IntentReceiver edu.ucla.ee.nesl.inferringmedia.ControlRecording$1@41d9ed20 that was originally registered here. Are you missing a call to unregisterReceiver()?
08-29 01:20:46.387  7817  7817 E ActivityThread: android.app.IntentReceiverLeaked: Activity edu.ucla.ee.nesl.inferringmedia.ControlRecording has leaked IntentReceiver edu.ucla.ee.nesl.inferringmedia.ControlRecording$1@41d9ed20 that was originally registered here. Are you missing a call to unregisterReceiver()?
08-29 01:20:46.387  7817  7817 E ActivityThread: 	at android.app.LoadedApk$ReceiverDispatcher.<init>(LoadedApk.java:795)
08-29 01:20:46.387  7817  7817 E ActivityThread: 	at android.app.LoadedApk.getReceiverDispatcher(LoadedApk.java:596)
08-29 01:20:46.387  7817  7817 E ActivityThread: 	at android.app.ContextImpl.registerReceiverInternal(ContextImpl.java:1322)
08-29 01:20:46.387  7817  7817 E ActivityThread: 	at android.app.ContextImpl.registerReceiver(ContextImpl.java:1302)
08-29 01:20:46.387  7817  7817 E ActivityThread: 	at android.app.ContextImpl.registerReceiver(ContextImpl.java:1296)
08-29 01:20:46.387  7817  7817 E ActivityThread: 	at android.content.ContextWrapper.registerReceiver(ContextWrapper.java:423)
08-29 01:20:46.387  7817  7817 E ActivityThread: 	at edu.ucla.ee.nesl.inferringmedia.ControlRecording.onCreate(ControlRecording.java:59)
08-29 01:20:46.387  7817  7817 E ActivityThread: 	at android.app.Activity.performCreate(Activity.java:5104)
08-29 01:20:46.387  7817  7817 E ActivityThread: 	at android.app.Instrumentation.callActivityOnCreate(Instrumentation.java:1080)
08-29 01:20:46.387  7817  7817 E ActivityThread: 	at android.app.ActivityThread.performLaunchActivity(ActivityThread.java:2144)
08-29 01:20:46.387  7817  7817 E ActivityThread: 	at android.app.ActivityThread.handleLaunchActivity(ActivityThread.java:2230)
08-29 01:20:46.387  7817  7817 E ActivityThread: 	at android.app.ActivityThread.access$600(ActivityThread.java:141)
08-29 01:20:46.387  7817  7817 E ActivityThread: 	at android.app.ActivityThread$H.handleMessage(ActivityThread.java:1234)
08-29 01:20:46.387  7817  7817 E ActivityThread: 	at android.os.Handler.dispatchMessage(Handler.java:99)
08-29 01:20:46.387  7817  7817 E ActivityThread: 	at android.os.Looper.loop(Looper.java:137)
08-29 01:20:46.387  7817  7817 E ActivityThread: 	at android.app.ActivityThread.main(ActivityThread.java:5041)
08-29 01:20:46.387  7817  7817 E ActivityThread: 	at java.lang.reflect.Method.invokeNative(Native Method)
08-29 01:20:46.387  7817  7817 E ActivityThread: 	at java.lang.reflect.Method.invoke(Method.java:511)
08-29 01:20:46.387  7817  7817 E ActivityThread: 	at com.android.internal.os.ZygoteInit$MethodAndArgsCaller.run(ZygoteInit.java:793)
08-29 01:20:46.387  7817  7817 E ActivityThread: 	at com.android.internal.os.ZygoteInit.main(ZygoteInit.java:560)
08-29 01:20:46.387  7817  7817 E ActivityThread: 	at dalvik.system.NativeStart.main(Native Method)
08-29 01:20:46.897 22195 22212 I ActivityManager: Config changes=1480 {1.0 ?mcc?mnc en_US ldltr sw384dp w384dp h567dp 320dpi nrml port finger -keyb/v/h -nav/h s.78}
08-29 01:20:47.027 22276 22276 W PhoneStatusBar/NavigationBarView: *** Invalid layout in navigation bar (sizeChanged this=768x96 cur=84x768)
08-29 01:20:47.097  7817  7817 E ActivityThread: Activity edu.ucla.ee.nesl.inferringmedia.ControlRecording has leaked IntentReceiver edu.ucla.ee.nesl.inferringmedia.ControlRecording$2@41dd4ea0 that was originally registered here. Are you missing a call to unregisterReceiver()?
08-29 01:20:47.097  7817  7817 E ActivityThread: android.app.IntentReceiverLeaked: Activity edu.ucla.ee.nesl.inferringmedia.ControlRecording has leaked IntentReceiver edu.ucla.ee.nesl.inferringmedia.ControlRecording$2@41dd4ea0 that was originally registered here. Are you missing a call to unregisterReceiver()?
08-29 01:20:47.097  7817  7817 E ActivityThread: 	at android.app.LoadedApk$ReceiverDispatcher.<init>(LoadedApk.java:795)
08-29 01:20:47.097  7817  7817 E ActivityThread: 	at android.app.LoadedApk.getReceiverDispatcher(LoadedApk.java:596)
08-29 01:20:47.097  7817  7817 E ActivityThread: 	at android.app.ContextImpl.registerReceiverInternal(ContextImpl.java:1322)
08-29 01:20:47.097  7817  7817 E ActivityThread: 	at android.app.ContextImpl.registerReceiver(ContextImpl.java:1302)
08-29 01:20:47.097  7817  7817 E ActivityThread: 	at android.app.ContextImpl.registerReceiver(ContextImpl.java:1296)
08-29 01:20:47.097  7817  7817 E ActivityThread: 	at android.content.ContextWrapper.registerReceiver(ContextWrapper.java:423)
08-29 01:20:47.097  7817  7817 E ActivityThread: 	at edu.ucla.ee.nesl.inferringmedia.ControlRecording.onCreate(ControlRecording.java:60)
08-29 01:20:47.097  7817  7817 E ActivityThread: 	at android.app.Activity.performCreate(Activity.java:5104)
08-29 01:20:47.097  7817  7817 E ActivityThread: 	at android.app.Instrumentation.callActivityOnCreate(Instrumentation.java:1080)
08-29 01:20:47.097  7817  7817 E ActivityThread: 	at android.app.ActivityThread.performLaunchActivity(ActivityThread.java:2144)
08-29 01:20:47.097  7817  7817 E ActivityThread: 	at android.app.ActivityThread.handleLaunchActivity(ActivityThread.java:2230)
08-29 01:20:47.097  7817  7817 E ActivityThread: 	at android.app.ActivityThread.handleRelaunchActivity(ActivityThread.java:3692)
08-29 01:20:47.097  7817  7817 E ActivityThread: 	at android.app.ActivityThread.access$700(ActivityThread.java:141)
08-29 01:20:47.097  7817  7817 E ActivityThread: 	at android.app.ActivityThread$H.handleMessage(ActivityThread.java:1240)
08-29 01:20:47.097  7817  7817 E ActivityThread: 	at android.os.Handler.dispatchMessage(Handler.java:99)
08-29 01:20:47.097  7817  7817 E ActivityThread: 	at android.os.Looper.loop(Looper.java:137)
08-29 01:20:47.097  7817  7817 E ActivityThread: 	at android.app.ActivityThread.main(ActivityThread.java:5041)
08-29 01:20:47.097  7817  7817 E ActivityThread: 	at java.lang.reflect.Method.invokeNative(Native Method)
08-29 01:20:47.097  7817  7817 E ActivityThread: 	at java.lang.reflect.Method.invoke(Method.java:511)
08-29 01:20:47.097  7817  7817 E ActivityThread: 	at com.android.internal.os.ZygoteInit$MethodAndArgsCaller.run(ZygoteInit.java:793)
08-29 01:20:47.097  7817  7817 E ActivityThread: 	at com.android.internal.os.ZygoteInit.main(ZygoteInit.java:560)
08-29 01:20:47.097  7817  7817 E ActivityThread: 	at dalvik.system.NativeStart.main(Native Method)
08-29 01:20:47.097  7817  7817 E ActivityThread: Activity edu.ucla.ee.nesl.inferringmedia.ControlRecording has leaked IntentReceiver edu.ucla.ee.nesl.inferringmedia.ControlRecording$1@41dd4e88 that was originally registered here. Are you missing a call to unregisterReceiver()?
08-29 01:20:47.097  7817  7817 E ActivityThread: android.app.IntentReceiverLeaked: Activity edu.ucla.ee.nesl.inferringmedia.ControlRecording has leaked IntentReceiver edu.ucla.ee.nesl.inferringmedia.ControlRecording$1@41dd4e88 that was originally registered here. Are you missing a call to unregisterReceiver()?
08-29 01:20:47.097  7817  7817 E ActivityThread: 	at android.app.LoadedApk$ReceiverDispatcher.<init>(LoadedApk.java:795)
08-29 01:20:47.097  7817  7817 E ActivityThread: 	at android.app.LoadedApk.getReceiverDispatcher(LoadedApk.java:596)
08-29 01:20:47.097  7817  7817 E ActivityThread: 	at android.app.ContextImpl.registerReceiverInternal(ContextImpl.java:1322)
08-29 01:20:47.097  7817  7817 E ActivityThread: 	at android.app.ContextImpl.registerReceiver(ContextImpl.java:1302)
08-29 01:20:47.097  7817  7817 E ActivityThread: 	at android.app.ContextImpl.registerReceiver(ContextImpl.java:1296)
08-29 01:20:47.097  7817  7817 E ActivityThread: 	at android.content.ContextWrapper.registerReceiver(ContextWrapper.java:423)
08-29 01:20:47.097  7817  7817 E ActivityThread: 	at edu.ucla.ee.nesl.inferringmedia.ControlRecording.onCreate(ControlRecording.java:59)
08-29 01:20:47.097  7817  7817 E ActivityThread: 	at android.app.Activity.performCreate(Activity.java:5104)
08-29 01:20:47.097  7817  7817 E ActivityThread: 	at android.app.Instrumentation.callActivityOnCreate(Instrumentation.java:1080)
08-29 01:20:47.097  7817  7817 E ActivityThread: 	at android.app.ActivityThread.performLaunchActivity(ActivityThread.java:2144)
08-29 01:20:47.097  7817  7817 E ActivityThread: 	at android.app.ActivityThread.handleLaunchActivity(ActivityThread.java:2230)
08-29 01:20:47.097  7817  7817 E ActivityThread: 	at android.app.ActivityThread.handleRelaunchActivity(ActivityThread.java:3692)
08-29 01:20:47.097  7817  7817 E ActivityThread: 	at android.app.ActivityThread.access$700(ActivityThread.java:141)
08-29 01:20:47.097  7817  7817 E ActivityThread: 	at android.app.ActivityThread$H.handleMessage(ActivityThread.java:1240)
08-29 01:20:47.097  7817  7817 E ActivityThread: 	at android.os.Handler.dispatchMessage(Handler.java:99)
08-29 01:20:47.097  7817  7817 E ActivityThread: 	at android.os.Looper.loop(Looper.java:137)
08-29 01:20:47.097  7817  7817 E ActivityThread: 	at android.app.ActivityThread.main(ActivityThread.java:5041)
08-29 01:20:47.097  7817  7817 E ActivityThread: 	at java.lang.reflect.Method.invokeNative(Native Method)
08-29 01:20:47.097  7817  7817 E ActivityThread: 	at java.lang.reflect.Method.invoke(Method.java:511)
08-29 01:20:47.097  7817  7817 E ActivityThread: 	at com.android.internal.os.ZygoteInit$MethodAndArgsCaller.run(ZygoteInit.java:793)
08-29 01:20:47.097  7817  7817 E ActivityThread: 	at com.android.internal.os.ZygoteInit.main(ZygoteInit.java:560)
08-29 01:20:47.097  7817  7817 E ActivityThread: 	at dalvik.system.NativeStart.main(Native Method)
08-29 01:21:12.004 22195 22320 W ActivityManager: Unable to start service Intent { act=com.android.email.ACCOUNT_INTENT } U=0: not found
08-29 01:21:12.014 22760 22760 E ActivityThread: Service com.android.exchange.ExchangeService has leaked ServiceConnection com.android.emailcommon.service.ServiceProxy$ProxyConnection@41e2f3b0 that was originally bound here
08-29 01:21:12.014 22760 22760 E ActivityThread: android.app.ServiceConnectionLeaked: Service com.android.exchange.ExchangeService has leaked ServiceConnection com.android.emailcommon.service.ServiceProxy$ProxyConnection@41e2f3b0 that was originally bound here
08-29 01:21:12.014 22760 22760 E ActivityThread: 	at android.app.LoadedApk$ServiceDispatcher.<init>(LoadedApk.java:969)
08-29 01:21:12.014 22760 22760 E ActivityThread: 	at android.app.LoadedApk.getServiceDispatcher(LoadedApk.java:863)
08-29 01:21:12.014 22760 22760 E ActivityThread: 	at android.app.ContextImpl.bindService(ContextImpl.java:1424)
08-29 01:21:12.014 22760 22760 E ActivityThread: 	at android.app.ContextImpl.bindService(ContextImpl.java:1413)
08-29 01:21:12.014 22760 22760 E ActivityThread: 	at android.content.ContextWrapper.bindService(ContextWrapper.java:473)
08-29 01:21:12.014 22760 22760 E ActivityThread: 	at com.android.emailcommon.service.ServiceProxy.setTask(ServiceProxy.java:157)
08-29 01:21:12.014 22760 22760 E ActivityThread: 	at com.android.emailcommon.service.ServiceProxy.setTask(ServiceProxy.java:145)
08-29 01:21:12.014 22760 22760 E ActivityThread: 	at com.android.emailcommon.service.ServiceProxy.test(ServiceProxy.java:191)
08-29 01:21:12.014 22760 22760 E ActivityThread: 	at com.android.exchange.ExchangeService$7.run(ExchangeService.java:1850)
08-29 01:21:12.014 22760 22760 E ActivityThread: 	at com.android.emailcommon.utility.Utility$2.doInBackground(Utility.java:551)
08-29 01:21:12.014 22760 22760 E ActivityThread: 	at com.android.emailcommon.utility.Utility$2.doInBackground(Utility.java:549)
08-29 01:21:12.014 22760 22760 E ActivityThread: 	at android.os.AsyncTask$2.call(AsyncTask.java:287)
08-29 01:21:12.014 22760 22760 E ActivityThread: 	at java.util.concurrent.FutureTask.run(FutureTask.java:234)
08-29 01:21:12.014 22760 22760 E ActivityThread: 	at java.util.concurrent.ThreadPoolExecutor.runWorker(ThreadPoolExecutor.java:1080)
08-29 01:21:12.014 22760 22760 E ActivityThread: 	at java.util.concurrent.ThreadPoolExecutor$Worker.run(ThreadPoolExecutor.java:573)
08-29 01:21:12.014 22760 22760 E ActivityThread: 	at java.lang.Thread.run(Thread.java:856)
08-29 01:21:12.014 22195 23437 W ActivityManager: Unable to start service Intent { act=com.android.email.ACCOUNT_INTENT } U=0: not found
08-29 01:21:12.024 22195 22493 W ActivityManager: Unbind failed: could not find connection for android.os.BinderProxy@41f7f9e8
08-29 01:21:30.794 22195 22513 W InputMethodManagerService: Window already focused, ignoring focus gain of: com.android.internal.view.IInputMethodClient$Stub$Proxy@421e1748 attribute=null, token = android.os.BinderProxy@420c8668
08-29 01:21:43.027 22195 22513 W InputMethodManagerService: Window already focused, ignoring focus gain of: com.android.internal.view.IInputMethodClient$Stub$Proxy@42192b68 attribute=null, token = android.os.BinderProxy@420c8668
08-29 01:21:45.620 22195 22210 I ActivityManager: Config changes=1480 {1.0 ?mcc?mnc en_US ldltr sw384dp w598dp h359dp 320dpi nrml land finger -keyb/v/h -nav/h s.79}
08-29 01:21:45.790  7817  7817 E ActivityThread: Activity edu.ucla.ee.nesl.inferringmedia.ControlRecording has leaked IntentReceiver edu.ucla.ee.nesl.inferringmedia.ControlRecording$1@41dfac40 that was originally registered here. Are you missing a call to unregisterReceiver()?
08-29 01:21:45.790  7817  7817 E ActivityThread: android.app.IntentReceiverLeaked: Activity edu.ucla.ee.nesl.inferringmedia.ControlRecording has leaked IntentReceiver edu.ucla.ee.nesl.inferringmedia.ControlRecording$1@41dfac40 that was originally registered here. Are you missing a call to unregisterReceiver()?
08-29 01:21:45.790  7817  7817 E ActivityThread: 	at android.app.LoadedApk$ReceiverDispatcher.<init>(LoadedApk.java:795)
08-29 01:21:45.790  7817  7817 E ActivityThread: 	at android.app.LoadedApk.getReceiverDispatcher(LoadedApk.java:596)
08-29 01:21:45.790  7817  7817 E ActivityThread: 	at android.app.ContextImpl.registerReceiverInternal(ContextImpl.java:1322)
08-29 01:21:45.790  7817  7817 E ActivityThread: 	at android.app.ContextImpl.registerReceiver(ContextImpl.java:1302)
08-29 01:21:45.790  7817  7817 E ActivityThread: 	at android.app.ContextImpl.registerReceiver(ContextImpl.java:1296)
08-29 01:21:45.790  7817  7817 E ActivityThread: 	at android.content.ContextWrapper.registerReceiver(ContextWrapper.java:423)
08-29 01:21:45.790  7817  7817 E ActivityThread: 	at edu.ucla.ee.nesl.inferringmedia.ControlRecording.onCreate(ControlRecording.java:59)
08-29 01:21:45.790  7817  7817 E ActivityThread: 	at android.app.Activity.performCreate(Activity.java:5104)
08-29 01:21:45.790  7817  7817 E ActivityThread: 	at android.app.Instrumentation.callActivityOnCreate(Instrumentation.java:1080)
08-29 01:21:45.790  7817  7817 E ActivityThread: 	at android.app.ActivityThread.performLaunchActivity(ActivityThread.java:2144)
08-29 01:21:45.790  7817  7817 E ActivityThread: 	at android.app.ActivityThread.handleLaunchActivity(ActivityThread.java:2230)
08-29 01:21:45.790  7817  7817 E ActivityThread: 	at android.app.ActivityThread.handleRelaunchActivity(ActivityThread.java:3692)
08-29 01:21:45.790  7817  7817 E ActivityThread: 	at android.app.ActivityThread.access$700(ActivityThread.java:141)
08-29 01:21:45.790  7817  7817 E ActivityThread: 	at android.app.ActivityThread$H.handleMessage(ActivityThread.java:1240)
08-29 01:21:45.790  7817  7817 E ActivityThread: 	at android.os.Handler.dispatchMessage(Handler.java:99)
08-29 01:21:45.790  7817  7817 E ActivityThread: 	at android.os.Looper.loop(Looper.java:137)
08-29 01:21:45.790  7817  7817 E ActivityThread: 	at android.app.ActivityThread.main(ActivityThread.java:5041)
08-29 01:21:45.790  7817  7817 E ActivityThread: 	at java.lang.reflect.Method.invokeNative(Native Method)
08-29 01:21:45.790  7817  7817 E ActivityThread: 	at java.lang.reflect.Method.invoke(Method.java:511)
08-29 01:21:45.790  7817  7817 E ActivityThread: 	at com.android.internal.os.ZygoteInit$MethodAndArgsCaller.run(ZygoteInit.java:793)
08-29 01:21:45.790  7817  7817 E ActivityThread: 	at com.android.internal.os.ZygoteInit.main(ZygoteInit.java:560)
08-29 01:21:45.790  7817  7817 E ActivityThread: 	at dalvik.system.NativeStart.main(Native Method)
08-29 01:21:45.790  7817  7817 E ActivityThread: Activity edu.ucla.ee.nesl.inferringmedia.ControlRecording has leaked IntentReceiver edu.ucla.ee.nesl.inferringmedia.ControlRecording$2@41dfac58 that was originally registered here. Are you missing a call to unregisterReceiver()?
08-29 01:21:45.790  7817  7817 E ActivityThread: android.app.IntentReceiverLeaked: Activity edu.ucla.ee.nesl.inferringmedia.ControlRecording has leaked IntentReceiver edu.ucla.ee.nesl.inferringmedia.ControlRecording$2@41dfac58 that was originally registered here. Are you missing a call to unregisterReceiver()?
08-29 01:21:45.790  7817  7817 E ActivityThread: 	at android.app.LoadedApk$ReceiverDispatcher.<init>(LoadedApk.java:795)
08-29 01:21:45.790  7817  7817 E ActivityThread: 	at android.app.LoadedApk.getReceiverDispatcher(LoadedApk.java:596)
08-29 01:21:45.790  7817  7817 E ActivityThread: 	at android.app.ContextImpl.registerReceiverInternal(ContextImpl.java:1322)
08-29 01:21:45.790  7817  7817 E ActivityThread: 	at android.app.ContextImpl.registerReceiver(ContextImpl.java:1302)
08-29 01:21:45.790  7817  7817 E ActivityThread: 	at android.app.ContextImpl.registerReceiver(ContextImpl.java:1296)
08-29 01:21:45.790  7817  7817 E ActivityThread: 	at android.content.ContextWrapper.registerReceiver(ContextWrapper.java:423)
08-29 01:21:45.790  7817  7817 E ActivityThread: 	at edu.ucla.ee.nesl.inferringmedia.ControlRecording.onCreate(ControlRecording.java:60)
08-29 01:21:45.790  7817  7817 E ActivityThread: 	at android.app.Activity.performCreate(Activity.java:5104)
08-29 01:21:45.790  7817  7817 E ActivityThread: 	at android.app.Instrumentation.callActivityOnCreate(Instrumentation.java:1080)
08-29 01:21:45.790  7817  7817 E ActivityThread: 	at android.app.ActivityThread.performLaunchActivity(ActivityThread.java:2144)
08-29 01:21:45.790  7817  7817 E ActivityThread: 	at android.app.ActivityThread.handleLaunchActivity(ActivityThread.java:2230)
08-29 01:21:45.790  7817  7817 E ActivityThread: 	at android.app.ActivityThread.handleRelaunchActivity(ActivityThread.java:3692)
08-29 01:21:45.790  7817  7817 E ActivityThread: 	at android.app.ActivityThread.access$700(ActivityThread.java:141)
08-29 01:21:45.790  7817  7817 E ActivityThread: 	at android.app.ActivityThread$H.handleMessage(ActivityThread.java:1240)
08-29 01:21:45.790  7817  7817 E ActivityThread: 	at android.os.Handler.dispatchMessage(Handler.java:99)
08-29 01:21:45.790  7817  7817 E ActivityThread: 	at android.os.Looper.loop(Looper.java:137)
08-29 01:21:45.790  7817  7817 E ActivityThread: 	at android.app.ActivityThread.main(ActivityThread.java:5041)
08-29 01:21:45.790  7817  7817 E ActivityThread: 	at java.lang.reflect.Method.invokeNative(Native Method)
08-29 01:21:45.790  7817  7817 E ActivityThread: 	at java.lang.reflect.Method.invoke(Method.java:511)
08-29 01:21:45.790  7817  7817 E ActivityThread: 	at com.android.internal.os.ZygoteInit$MethodAndArgsCaller.run(ZygoteInit.java:793)
08-29 01:21:45.790  7817  7817 E ActivityThread: 	at com.android.internal.os.ZygoteInit.main(ZygoteInit.java:560)
08-29 01:21:45.790  7817  7817 E ActivityThread: 	at dalvik.system.NativeStart.main(Native Method)
08-29 01:22:02.047 22195 22478 W ActivityManager: Unable to start service Intent { act=com.android.email.ACCOUNT_INTENT } U=0: not found
08-29 01:22:02.057 22195 22206 W ActivityManager: Unable to start service Intent { act=com.android.email.ACCOUNT_INTENT } U=0: not found
08-29 01:22:02.057 22760 22760 E ActivityThread: Service com.android.exchange.ExchangeService has leaked ServiceConnection com.android.emailcommon.service.ServiceProxy$ProxyConnection@41e1f118 that was originally bound here
08-29 01:22:02.057 22760 22760 E ActivityThread: android.app.ServiceConnectionLeaked: Service com.android.exchange.ExchangeService has leaked ServiceConnection com.android.emailcommon.service.ServiceProxy$ProxyConnection@41e1f118 that was originally bound here
08-29 01:22:02.057 22760 22760 E ActivityThread: 	at android.app.LoadedApk$ServiceDispatcher.<init>(LoadedApk.java:969)
08-29 01:22:02.057 22760 22760 E ActivityThread: 	at android.app.LoadedApk.getServiceDispatcher(LoadedApk.java:863)
08-29 01:22:02.057 22760 22760 E ActivityThread: 	at android.app.ContextImpl.bindService(ContextImpl.java:1424)
08-29 01:22:02.057 22760 22760 E ActivityThread: 	at android.app.ContextImpl.bindService(ContextImpl.java:1413)
08-29 01:22:02.057 22760 22760 E ActivityThread: 	at android.content.ContextWrapper.bindService(ContextWrapper.java:473)
08-29 01:22:02.057 22760 22760 E ActivityThread: 	at com.android.emailcommon.service.ServiceProxy.setTask(ServiceProxy.java:157)
08-29 01:22:02.057 22760 22760 E ActivityThread: 	at com.android.emailcommon.service.ServiceProxy.setTask(ServiceProxy.java:145)
08-29 01:22:02.057 22760 22760 E ActivityThread: 	at com.android.emailcommon.service.AccountServiceProxy.getDeviceId(AccountServiceProxy.java:116)
08-29 01:22:02.057 22760 22760 E ActivityThread: 	at com.android.exchange.ExchangeService.getDeviceId(ExchangeService.java:1249)
08-29 01:22:02.057 22760 22760 E ActivityThread: 	at com.android.exchange.ExchangeService$7.run(ExchangeService.java:1856)
08-29 01:22:02.057 22760 22760 E ActivityThread: 	at com.android.emailcommon.utility.Utility$2.doInBackground(Utility.java:551)
08-29 01:22:02.057 22760 22760 E ActivityThread: 	at com.android.emailcommon.utility.Utility$2.doInBackground(Utility.java:549)
08-29 01:22:02.057 22760 22760 E ActivityThread: 	at android.os.AsyncTask$2.call(AsyncTask.java:287)
08-29 01:22:02.057 22760 22760 E ActivityThread: 	at java.util.concurrent.FutureTask.run(FutureTask.java:234)
08-29 01:22:02.057 22760 22760 E ActivityThread: 	at java.util.concurrent.ThreadPoolExecutor.runWorker(ThreadPoolExecutor.java:1080)
08-29 01:22:02.057 22760 22760 E ActivityThread: 	at java.util.concurrent.ThreadPoolExecutor$Worker.run(ThreadPoolExecutor.java:573)
08-29 01:22:02.057 22760 22760 E ActivityThread: 	at java.lang.Thread.run(Thread.java:856)
08-29 01:22:02.067 22195 10834 W ActivityManager: Unbind failed: could not find connection for android.os.BinderProxy@42285bc0
08-29 01:22:02.077 22760 22760 E ActivityThread: Service com.android.exchange.ExchangeService has leaked ServiceConnection com.android.emailcommon.service.ServiceProxy$ProxyConnection@41e3f7a0 that was originally bound here
08-29 01:22:02.077 22760 22760 E ActivityThread: android.app.ServiceConnectionLeaked: Service com.android.exchange.ExchangeService has leaked ServiceConnection com.android.emailcommon.service.ServiceProxy$ProxyConnection@41e3f7a0 that was originally bound here
08-29 01:22:02.077 22760 22760 E ActivityThread: 	at android.app.LoadedApk$ServiceDispatcher.<init>(LoadedApk.java:969)
08-29 01:22:02.077 22760 22760 E ActivityThread: 	at android.app.LoadedApk.getServiceDispatcher(LoadedApk.java:863)
08-29 01:22:02.077 22760 22760 E ActivityThread: 	at android.app.ContextImpl.bindService(ContextImpl.java:1424)
08-29 01:22:02.077 22760 22760 E ActivityThread: 	at android.app.ContextImpl.bindService(ContextImpl.java:1413)
08-29 01:22:02.077 22760 22760 E ActivityThread: 	at android.content.ContextWrapper.bindService(ContextWrapper.java:473)
08-29 01:22:02.077 22760 22760 E ActivityThread: 	at com.android.emailcommon.service.ServiceProxy.setTask(ServiceProxy.java:157)
08-29 01:22:02.077 22760 22760 E ActivityThread: 	at com.android.emailcommon.service.ServiceProxy.setTask(ServiceProxy.java:145)
08-29 01:22:02.077 22760 22760 E ActivityThread: 	at com.android.emailcommon.service.ServiceProxy.test(ServiceProxy.java:191)
08-29 01:22:02.077 22760 22760 E ActivityThread: 	at com.android.exchange.ExchangeService$7.run(ExchangeService.java:1850)
08-29 01:22:02.077 22760 22760 E ActivityThread: 	at com.android.emailcommon.utility.Utility$2.doInBackground(Utility.java:551)
08-29 01:22:02.077 22760 22760 E ActivityThread: 	at com.android.emailcommon.utility.Utility$2.doInBackground(Utility.java:549)
08-29 01:22:02.077 22760 22760 E ActivityThread: 	at android.os.AsyncTask$2.call(AsyncTask.java:287)
08-29 01:22:02.077 22760 22760 E ActivityThread: 	at java.util.concurrent.FutureTask.run(FutureTask.java:234)
08-29 01:22:02.077 22760 22760 E ActivityThread: 	at java.util.concurrent.ThreadPoolExecutor.runWorker(ThreadPoolExecutor.java:1080)
08-29 01:22:02.077 22760 22760 E ActivityThread: 	at java.util.concurrent.ThreadPoolExecutor$Worker.run(ThreadPoolExecutor.java:573)
08-29 01:22:02.077 22760 22760 E ActivityThread: 	at java.lang.Thread.run(Thread.java:856)
08-29 01:22:02.077 22195 22513 W ActivityManager: Unbind failed: could not find connection for android.os.BinderProxy@4228cf78
08-29 01:22:52.081 22195 22477 W ActivityManager: Unable to start service Intent { act=com.android.email.ACCOUNT_INTENT } U=0: not found
08-29 01:22:52.091 22760 22760 E ActivityThread: Service com.android.exchange.ExchangeService has leaked ServiceConnection com.android.emailcommon.service.ServiceProxy$ProxyConnection@41e56740 that was originally bound here
08-29 01:22:52.091 22760 22760 E ActivityThread: android.app.ServiceConnectionLeaked: Service com.android.exchange.ExchangeService has leaked ServiceConnection com.android.emailcommon.service.ServiceProxy$ProxyConnection@41e56740 that was originally bound here
08-29 01:22:52.091 22760 22760 E ActivityThread: 	at android.app.LoadedApk$ServiceDispatcher.<init>(LoadedApk.java:969)
08-29 01:22:52.091 22760 22760 E ActivityThread: 	at android.app.LoadedApk.getServiceDispatcher(LoadedApk.java:863)
08-29 01:22:52.091 22760 22760 E ActivityThread: 	at android.app.ContextImpl.bindService(ContextImpl.java:1424)
08-29 01:22:52.091 22760 22760 E ActivityThread: 	at android.app.ContextImpl.bindService(ContextImpl.java:1413)
08-29 01:22:52.091 22760 22760 E ActivityThread: 	at android.content.ContextWrapper.bindService(ContextWrapper.java:473)
08-29 01:22:52.091 22760 22760 E ActivityThread: 	at com.android.emailcommon.service.ServiceProxy.setTask(ServiceProxy.java:157)
08-29 01:22:52.091 22760 22760 E ActivityThread: 	at com.android.emailcommon.service.ServiceProxy.setTask(ServiceProxy.java:145)
08-29 01:22:52.091 22760 22760 E ActivityThread: 	at com.android.emailcommon.service.ServiceProxy.test(ServiceProxy.java:191)
08-29 01:22:52.091 22760 22760 E ActivityThread: 	at com.android.exchange.ExchangeService$7.run(ExchangeService.java:1850)
08-29 01:22:52.091 22760 22760 E ActivityThread: 	at com.android.emailcommon.utility.Utility$2.doInBackground(Utility.java:551)
08-29 01:22:52.091 22760 22760 E ActivityThread: 	at com.android.emailcommon.utility.Utility$2.doInBackground(Utility.java:549)
08-29 01:22:52.091 22760 22760 E ActivityThread: 	at android.os.AsyncTask$2.call(AsyncTask.java:287)
08-29 01:22:52.091 22760 22760 E ActivityThread: 	at java.util.concurrent.FutureTask.run(FutureTask.java:234)
08-29 01:22:52.091 22760 22760 E ActivityThread: 	at java.util.concurrent.ThreadPoolExecutor.runWorker(ThreadPoolExecutor.java:1080)
08-29 01:22:52.091 22760 22760 E ActivityThread: 	at java.util.concurrent.ThreadPoolExecutor$Worker.run(ThreadPoolExecutor.java:573)
08-29 01:22:52.091 22760 22760 E ActivityThread: 	at java.lang.Thread.run(Thread.java:856)
08-29 01:22:52.111 22195 22206 W ActivityManager: Unable to start service Intent { act=com.android.email.ACCOUNT_INTENT } U=0: not found
08-29 01:22:52.121 22195 10834 W ActivityManager: Unbind failed: could not find connection for android.os.BinderProxy@41f8aea8
08-29 01:23:41.273 22195 22427 W ThrottleService: unable to find stats for iface rmnet_usb0
08-29 01:23:42.114 22195 22513 W ActivityManager: Unable to start service Intent { act=com.android.email.ACCOUNT_INTENT } U=0: not found
08-29 01:23:42.114 22760 22760 E ActivityThread: Service com.android.exchange.ExchangeService has leaked ServiceConnection com.android.emailcommon.service.ServiceProxy$ProxyConnection@41d905f0 that was originally bound here
08-29 01:23:42.114 22760 22760 E ActivityThread: android.app.ServiceConnectionLeaked: Service com.android.exchange.ExchangeService has leaked ServiceConnection com.android.emailcommon.service.ServiceProxy$ProxyConnection@41d905f0 that was originally bound here
08-29 01:23:42.114 22760 22760 E ActivityThread: 	at android.app.LoadedApk$ServiceDispatcher.<init>(LoadedApk.java:969)
08-29 01:23:42.114 22760 22760 E ActivityThread: 	at android.app.LoadedApk.getServiceDispatcher(LoadedApk.java:863)
08-29 01:23:42.114 22760 22760 E ActivityThread: 	at android.app.ContextImpl.bindService(ContextImpl.java:1424)
08-29 01:23:42.114 22760 22760 E ActivityThread: 	at android.app.ContextImpl.bindService(ContextImpl.java:1413)
08-29 01:23:42.114 22760 22760 E ActivityThread: 	at android.content.ContextWrapper.bindService(ContextWrapper.java:473)
08-29 01:23:42.114 22760 22760 E ActivityThread: 	at com.android.emailcommon.service.ServiceProxy.setTask(ServiceProxy.java:157)
08-29 01:23:42.114 22760 22760 E ActivityThread: 	at com.android.emailcommon.service.ServiceProxy.setTask(ServiceProxy.java:145)
08-29 01:23:42.114 22760 22760 E ActivityThread: 	at com.android.emailcommon.service.AccountServiceProxy.getDeviceId(AccountServiceProxy.java:116)
08-29 01:23:42.114 22760 22760 E ActivityThread: 	at com.android.exchange.ExchangeService.getDeviceId(ExchangeService.java:1249)
08-29 01:23:42.114 22760 22760 E ActivityThread: 	at com.android.exchange.ExchangeService$7.run(ExchangeService.java:1856)
08-29 01:23:42.114 22760 22760 E ActivityThread: 	at com.android.emailcommon.utility.Utility$2.doInBackground(Utility.java:551)
08-29 01:23:42.114 22760 22760 E ActivityThread: 	at com.android.emailcommon.utility.Utility$2.doInBackground(Utility.java:549)
08-29 01:23:42.114 22760 22760 E ActivityThread: 	at android.os.AsyncTask$2.call(AsyncTask.java:287)
08-29 01:23:42.114 22760 22760 E ActivityThread: 	at java.util.concurrent.FutureTask.run(FutureTask.java:234)
08-29 01:23:42.114 22760 22760 E ActivityThread: 	at java.util.concurrent.ThreadPoolExecutor.runWorker(ThreadPoolExecutor.java:1080)
08-29 01:23:42.114 22760 22760 E ActivityThread: 	at java.util.concurrent.ThreadPoolExecutor$Worker.run(ThreadPoolExecutor.java:573)
08-29 01:23:42.114 22760 22760 E ActivityThread: 	at java.lang.Thread.run(Thread.java:856)
08-29 01:23:42.114 22195 22207 W ActivityManager: Unable to start service Intent { act=com.android.email.ACCOUNT_INTENT } U=0: not found
08-29 01:23:42.124 22195 22319 W ActivityManager: Unbind failed: could not find connection for android.os.BinderProxy@42461488
08-29 01:23:42.124 22760 22760 E ActivityThread: Service com.android.exchange.ExchangeService has leaked ServiceConnection com.android.emailcommon.service.ServiceProxy$ProxyConnection@41dac4e8 that was originally bound here
08-29 01:23:42.124 22760 22760 E ActivityThread: android.app.ServiceConnectionLeaked: Service com.android.exchange.ExchangeService has leaked ServiceConnection com.android.emailcommon.service.ServiceProxy$ProxyConnection@41dac4e8 that was originally bound here
08-29 01:23:42.124 22760 22760 E ActivityThread: 	at android.app.LoadedApk$ServiceDispatcher.<init>(LoadedApk.java:969)
08-29 01:23:42.124 22760 22760 E ActivityThread: 	at android.app.LoadedApk.getServiceDispatcher(LoadedApk.java:863)
08-29 01:23:42.124 22760 22760 E ActivityThread: 	at android.app.ContextImpl.bindService(ContextImpl.java:1424)
08-29 01:23:42.124 22760 22760 E ActivityThread: 	at android.app.ContextImpl.bindService(ContextImpl.java:1413)
08-29 01:23:42.124 22760 22760 E ActivityThread: 	at android.content.ContextWrapper.bindService(ContextWrapper.java:473)
08-29 01:23:42.124 22760 22760 E ActivityThread: 	at com.android.emailcommon.service.ServiceProxy.setTask(ServiceProxy.java:157)
08-29 01:23:42.124 22760 22760 E ActivityThread: 	at com.android.emailcommon.service.ServiceProxy.setTask(ServiceProxy.java:145)
08-29 01:23:42.124 22760 22760 E ActivityThread: 	at com.android.emailcommon.service.ServiceProxy.test(ServiceProxy.java:191)
08-29 01:23:42.124 22760 22760 E ActivityThread: 	at com.android.exchange.ExchangeService$7.run(ExchangeService.java:1850)
08-29 01:23:42.124 22760 22760 E ActivityThread: 	at com.android.emailcommon.utility.Utility$2.doInBackground(Utility.java:551)
08-29 01:23:42.124 22760 22760 E ActivityThread: 	at com.android.emailcommon.utility.Utility$2.doInBackground(Utility.java:549)
08-29 01:23:42.124 22760 22760 E ActivityThread: 	at android.os.AsyncTask$2.call(AsyncTask.java:287)
08-29 01:23:42.124 22760 22760 E ActivityThread: 	at java.util.concurrent.FutureTask.run(FutureTask.java:234)
08-29 01:23:42.124 22760 22760 E ActivityThread: 	at java.util.concurrent.ThreadPoolExecutor.runWorker(ThreadPoolExecutor.java:1080)
08-29 01:23:42.124 22760 22760 E ActivityThread: 	at java.util.concurrent.ThreadPoolExecutor$Worker.run(ThreadPoolExecutor.java:573)
08-29 01:23:42.124 22760 22760 E ActivityThread: 	at java.lang.Thread.run(Thread.java:856)
08-29 01:23:42.124 22195 23437 W ActivityManager: Unbind failed: could not find connection for android.os.BinderProxy@421cbd18
08-29 01:24:32.148 22195 22207 W ActivityManager: Unable to start service Intent { act=com.android.email.ACCOUNT_INTENT } U=0: not found
08-29 01:24:32.158 22760 22760 E ActivityThread: Service com.android.exchange.ExchangeService has leaked ServiceConnection com.android.emailcommon.service.ServiceProxy$ProxyConnection@41e29238 that was originally bound here
08-29 01:24:32.158 22760 22760 E ActivityThread: android.app.ServiceConnectionLeaked: Service com.android.exchange.ExchangeService has leaked ServiceConnection com.android.emailcommon.service.ServiceProxy$ProxyConnection@41e29238 that was originally bound here
08-29 01:24:32.158 22760 22760 E ActivityThread: 	at android.app.LoadedApk$ServiceDispatcher.<init>(LoadedApk.java:969)
08-29 01:24:32.158 22760 22760 E ActivityThread: 	at android.app.LoadedApk.getServiceDispatcher(LoadedApk.java:863)
08-29 01:24:32.158 22760 22760 E ActivityThread: 	at android.app.ContextImpl.bindService(ContextImpl.java:1424)
08-29 01:24:32.158 22760 22760 E ActivityThread: 	at android.app.ContextImpl.bindService(ContextImpl.java:1413)
08-29 01:24:32.158 22760 22760 E ActivityThread: 	at android.content.ContextWrapper.bindService(ContextWrapper.java:473)
08-29 01:24:32.158 22760 22760 E ActivityThread: 	at com.android.emailcommon.service.ServiceProxy.setTask(ServiceProxy.java:157)
08-29 01:24:32.158 22760 22760 E ActivityThread: 	at com.android.emailcommon.service.ServiceProxy.setTask(ServiceProxy.java:145)
08-29 01:24:32.158 22760 22760 E ActivityThread: 	at com.android.emailcommon.service.ServiceProxy.test(ServiceProxy.java:191)
08-29 01:24:32.158 22760 22760 E ActivityThread: 	at com.android.exchange.ExchangeService$7.run(ExchangeService.java:1850)
08-29 01:24:32.158 22760 22760 E ActivityThread: 	at com.android.emailcommon.utility.Utility$2.doInBackground(Utility.java:551)
08-29 01:24:32.158 22760 22760 E ActivityThread: 	at com.android.emailcommon.utility.Utility$2.doInBackground(Utility.java:549)
08-29 01:24:32.158 22760 22760 E ActivityThread: 	at android.os.AsyncTask$2.call(AsyncTask.java:287)
08-29 01:24:32.158 22760 22760 E ActivityThread: 	at java.util.concurrent.FutureTask.run(FutureTask.java:234)
08-29 01:24:32.158 22760 22760 E ActivityThread: 	at java.util.concurrent.ThreadPoolExecutor.runWorker(ThreadPoolExecutor.java:1080)
