08-29 01:11:09.441  6632  6632 E ActivityThread: 	at edu.ucla.ee.nesl.inferringmedia.ControlRecording.onCreate(ControlRecording.java:59)
08-29 01:11:09.441  6632  6632 E ActivityThread: 	at android.app.Activity.performCreate(Activity.java:5104)
08-29 01:11:09.441  6632  6632 E ActivityThread: 	at android.app.Instrumentation.callActivityOnCreate(Instrumentation.java:1080)
08-29 01:11:09.441  6632  6632 E ActivityThread: 	at android.app.ActivityThread.performLaunchActivity(ActivityThread.java:2144)
08-29 01:11:09.441  6632  6632 E ActivityThread: 	at android.app.ActivityThread.handleLaunchActivity(ActivityThread.java:2230)
08-29 01:11:09.441  6632  6632 E ActivityThread: 	at android.app.ActivityThread.handleRelaunchActivity(ActivityThread.java:3692)
08-29 01:11:09.441  6632  6632 E ActivityThread: 	at android.app.ActivityThread.access$700(ActivityThread.java:141)
08-29 01:11:09.441  6632  6632 E ActivityThread: 	at android.app.ActivityThread$H.handleMessage(ActivityThread.java:1240)
08-29 01:11:09.441  6632  6632 E ActivityThread: 	at android.os.Handler.dispatchMessage(Handler.java:99)
08-29 01:11:09.441  6632  6632 E ActivityThread: 	at android.os.Looper.loop(Looper.java:137)
08-29 01:11:09.441  6632  6632 E ActivityThread: 	at android.app.ActivityThread.main(ActivityThread.java:5041)
08-29 01:11:09.441  6632  6632 E ActivityThread: 	at java.lang.reflect.Method.invokeNative(Native Method)
08-29 01:11:09.441  6632  6632 E ActivityThread: 	at java.lang.reflect.Method.invoke(Method.java:511)
08-29 01:11:09.441  6632  6632 E ActivityThread: 	at com.android.internal.os.ZygoteInit$MethodAndArgsCaller.run(ZygoteInit.java:793)
08-29 01:11:09.441  6632  6632 E ActivityThread: 	at com.android.internal.os.ZygoteInit.main(ZygoteInit.java:560)
08-29 01:11:09.441  6632  6632 E ActivityThread: 	at dalvik.system.NativeStart.main(Native Method)
08-29 01:11:09.441 22195 22213 I ActivityManager:   Force stopping service ServiceRecord{424fc6a0 u0 edu.ucla.ee.nesl.inferringmedia/.RecordData}
08-29 01:11:09.451 22195 22477 I WindowState: WIN DEATH: Window{424979b8 u0 edu.ucla.ee.nesl.inferringmedia/edu.ucla.ee.nesl.inferringmedia.ControlRecording}
08-29 01:11:09.451 22195 22493 I WindowState: WIN DEATH: Window{4219e280 u0 Toast}
08-29 01:11:09.551 22195 22216 I PackageManager: Package edu.ucla.ee.nesl.inferringmedia codePath changed from /data/app/edu.ucla.ee.nesl.inferringmedia-1.apk to /data/app/edu.ucla.ee.nesl.inferringmedia-2.apk; Retaining data and using new
08-29 01:11:09.601 22195 23437 W InputMethodManagerService: Got RemoteException sending setActive(false) notification to pid 6632 uid 10046
08-29 01:11:09.902 22195 22216 W PackageManager: Code path for pkg : edu.ucla.ee.nesl.inferringmedia changing from /data/app/edu.ucla.ee.nesl.inferringmedia-1.apk to /data/app/edu.ucla.ee.nesl.inferringmedia-2.apk
08-29 01:11:09.902 22195 22213 I ActivityManager: Force stopping package edu.ucla.ee.nesl.inferringmedia appid=10046 user=-1
08-29 01:11:09.902 22195 22216 W PackageManager: Resource path for pkg : edu.ucla.ee.nesl.inferringmedia changing from /data/app/edu.ucla.ee.nesl.inferringmedia-1.apk to /data/app/edu.ucla.ee.nesl.inferringmedia-2.apk
08-29 01:11:10.002 22195 22216 I ActivityManager: Force stopping package edu.ucla.ee.nesl.inferringmedia appid=10046 user=0
08-29 01:11:10.102  8914  8914 W ContextImpl: Calling a method in the system process without a qualified user: android.app.ContextImpl.startService:1358 android.content.ContextWrapper.startService:450 android.content.ContextWrapper.startService:450 com.android.keychain.KeyChainBroadcastReceiver.onReceive:12 android.app.ActivityThread.handleReceiver:2376 
08-29 01:11:10.232 22195 22224 W InputMethodManagerService: Found no subtypes in a system IME: com.android.inputmethod.pinyin
08-29 01:11:10.312 22195 22224 W RecognitionManagerService: no available voice recognition services found for user 0
08-29 01:11:10.843 22195 22210 W NotificationService: Object died trying to hide notification android.app.ITransientNotification$Stub$Proxy@4218ec70 in package edu.ucla.ee.nesl.inferringmedia
08-29 01:11:10.843 22195 22210 W ActivityManager: setProcessForeground called on unknown pid: 6632
08-29 01:11:10.843 22195 22210 W NotificationService: Object died trying to show notification android.app.ITransientNotification$Stub$Proxy@420cfb10 in package edu.ucla.ee.nesl.inferringmedia
08-29 01:11:10.843 22195 22210 W ActivityManager: setProcessForeground called on unknown pid: 6632
08-29 01:11:10.853 22195 22210 W NotificationService: Object died trying to show notification android.app.ITransientNotification$Stub$Proxy@424e9ef8 in package edu.ucla.ee.nesl.inferringmedia
08-29 01:11:10.883 22195 22207 I ActivityManager: START u0 {act=android.intent.action.MAIN cat=[android.intent.category.LAUNCHER] flg=0x10000000 cmp=edu.ucla.ee.nesl.inferringmedia/.ControlRecording} from pid 6989
08-29 01:11:10.943 22195 22195 I ActivityManager: Start proc edu.ucla.ee.nesl.inferringmedia for activity edu.ucla.ee.nesl.inferringmedia/.ControlRecording: pid=7007 uid=10046 gids={50046, 1015, 3003, 1028}
08-29 01:11:11.203 22195 22513 W ActivityManager: Unable to start service Intent { act=com.android.email.ACCOUNT_INTENT } U=0: not found
08-29 01:11:11.203 22760 22760 E ActivityThread: Service com.android.exchange.ExchangeService has leaked ServiceConnection com.android.emailcommon.service.ServiceProxy$ProxyConnection@41d905f0 that was originally bound here
08-29 01:11:11.203 22760 22760 E ActivityThread: android.app.ServiceConnectionLeaked: Service com.android.exchange.ExchangeService has leaked ServiceConnection com.android.emailcommon.service.ServiceProxy$ProxyConnection@41d905f0 that was originally bound here
08-29 01:11:11.203 22760 22760 E ActivityThread: 	at android.app.LoadedApk$ServiceDispatcher.<init>(LoadedApk.java:969)
08-29 01:11:11.203 22760 22760 E ActivityThread: 	at android.app.LoadedApk.getServiceDispatcher(LoadedApk.java:863)
08-29 01:11:11.203 22760 22760 E ActivityThread: 	at android.app.ContextImpl.bindService(ContextImpl.java:1424)
08-29 01:11:11.203 22760 22760 E ActivityThread: 	at android.app.ContextImpl.bindService(ContextImpl.java:1413)
08-29 01:11:11.203 22760 22760 E ActivityThread: 	at android.content.ContextWrapper.bindService(ContextWrapper.java:473)
08-29 01:11:11.203 22760 22760 E ActivityThread: 	at com.android.emailcommon.service.ServiceProxy.setTask(ServiceProxy.java:157)
08-29 01:11:11.203 22760 22760 E ActivityThread: 	at com.android.emailcommon.service.ServiceProxy.setTask(ServiceProxy.java:145)
08-29 01:11:11.203 22760 22760 E ActivityThread: 	at com.android.emailcommon.service.ServiceProxy.test(ServiceProxy.java:191)
08-29 01:11:11.203 22760 22760 E ActivityThread: 	at com.android.exchange.ExchangeService$7.run(ExchangeService.java:1850)
08-29 01:11:11.203 22760 22760 E ActivityThread: 	at com.android.emailcommon.utility.Utility$2.doInBackground(Utility.java:551)
08-29 01:11:11.203 22760 22760 E ActivityThread: 	at com.android.emailcommon.utility.Utility$2.doInBackground(Utility.java:549)
08-29 01:11:11.203 22760 22760 E ActivityThread: 	at android.os.AsyncTask$2.call(AsyncTask.java:287)
08-29 01:11:11.203 22760 22760 E ActivityThread: 	at java.util.concurrent.FutureTask.run(FutureTask.java:234)
08-29 01:11:11.203 22760 22760 E ActivityThread: 	at java.util.concurrent.ThreadPoolExecutor.runWorker(ThreadPoolExecutor.java:1080)
08-29 01:11:11.203 22760 22760 E ActivityThread: 	at java.util.concurrent.ThreadPoolExecutor$Worker.run(ThreadPoolExecutor.java:573)
08-29 01:11:11.203 22760 22760 E ActivityThread: 	at java.lang.Thread.run(Thread.java:856)
08-29 01:11:11.213 22195 22319 W ActivityManager: Unbind failed: could not find connection for android.os.BinderProxy@41e53af8
08-29 01:11:11.213 22195 22512 W ActivityManager: Unable to start service Intent { act=com.android.email.ACCOUNT_INTENT } U=0: not found
08-29 01:11:30.053  7007  7007 E ActivityThread: Activity edu.ucla.ee.nesl.inferringmedia.ControlRecording has leaked IntentReceiver edu.ucla.ee.nesl.inferringmedia.ControlRecording$1@41d9e3f0 that was originally registered here. Are you missing a call to unregisterReceiver()?
08-29 01:11:30.053  7007  7007 E ActivityThread: android.app.IntentReceiverLeaked: Activity edu.ucla.ee.nesl.inferringmedia.ControlRecording has leaked IntentReceiver edu.ucla.ee.nesl.inferringmedia.ControlRecording$1@41d9e3f0 that was originally registered here. Are you missing a call to unregisterReceiver()?
08-29 01:11:30.053  7007  7007 E ActivityThread: 	at android.app.LoadedApk$ReceiverDispatcher.<init>(LoadedApk.java:795)
08-29 01:11:30.053  7007  7007 E ActivityThread: 	at android.app.LoadedApk.getReceiverDispatcher(LoadedApk.java:596)
08-29 01:11:30.053  7007  7007 E ActivityThread: 	at android.app.ContextImpl.registerReceiverInternal(ContextImpl.java:1322)
08-29 01:11:30.053  7007  7007 E ActivityThread: 	at android.app.ContextImpl.registerReceiver(ContextImpl.java:1302)
08-29 01:11:30.053  7007  7007 E ActivityThread: 	at android.app.ContextImpl.registerReceiver(ContextImpl.java:1296)
08-29 01:11:30.053  7007  7007 E ActivityThread: 	at android.content.ContextWrapper.registerReceiver(ContextWrapper.java:423)
08-29 01:11:30.053  7007  7007 E ActivityThread: 	at edu.ucla.ee.nesl.inferringmedia.ControlRecording.onCreate(ControlRecording.java:58)
08-29 01:11:30.053  7007  7007 E ActivityThread: 	at android.app.Activity.performCreate(Activity.java:5104)
08-29 01:11:30.053  7007  7007 E ActivityThread: 	at android.app.Instrumentation.callActivityOnCreate(Instrumentation.java:1080)
08-29 01:11:30.053  7007  7007 E ActivityThread: 	at android.app.ActivityThread.performLaunchActivity(ActivityThread.java:2144)
08-29 01:11:30.053  7007  7007 E ActivityThread: 	at android.app.ActivityThread.handleLaunchActivity(ActivityThread.java:2230)
08-29 01:11:30.053  7007  7007 E ActivityThread: 	at android.app.ActivityThread.access$600(ActivityThread.java:141)
08-29 01:11:30.053  7007  7007 E ActivityThread: 	at android.app.ActivityThread$H.handleMessage(ActivityThread.java:1234)
08-29 01:11:30.053  7007  7007 E ActivityThread: 	at android.os.Handler.dispatchMessage(Handler.java:99)
08-29 01:11:30.053  7007  7007 E ActivityThread: 	at android.os.Looper.loop(Looper.java:137)
08-29 01:11:30.053  7007  7007 E ActivityThread: 	at android.app.ActivityThread.main(ActivityThread.java:5041)
08-29 01:11:30.053  7007  7007 E ActivityThread: 	at java.lang.reflect.Method.invokeNative(Native Method)
08-29 01:11:30.053  7007  7007 E ActivityThread: 	at java.lang.reflect.Method.invoke(Method.java:511)
08-29 01:11:30.053  7007  7007 E ActivityThread: 	at com.android.internal.os.ZygoteInit$MethodAndArgsCaller.run(ZygoteInit.java:793)
08-29 01:11:30.053  7007  7007 E ActivityThread: 	at com.android.internal.os.ZygoteInit.main(ZygoteInit.java:560)
08-29 01:11:30.053  7007  7007 E ActivityThread: 	at dalvik.system.NativeStart.main(Native Method)
08-29 01:11:30.053  7007  7007 E ActivityThread: Activity edu.ucla.ee.nesl.inferringmedia.ControlRecording has leaked IntentReceiver edu.ucla.ee.nesl.inferringmedia.ControlRecording$2@41d9e6c8 that was originally registered here. Are you missing a call to unregisterReceiver()?
08-29 01:11:30.053  7007  7007 E ActivityThread: android.app.IntentReceiverLeaked: Activity edu.ucla.ee.nesl.inferringmedia.ControlRecording has leaked IntentReceiver edu.ucla.ee.nesl.inferringmedia.ControlRecording$2@41d9e6c8 that was originally registered here. Are you missing a call to unregisterReceiver()?
08-29 01:11:30.053  7007  7007 E ActivityThread: 	at android.app.LoadedApk$ReceiverDispatcher.<init>(LoadedApk.java:795)
08-29 01:11:30.053  7007  7007 E ActivityThread: 	at android.app.LoadedApk.getReceiverDispatcher(LoadedApk.java:596)
08-29 01:11:30.053  7007  7007 E ActivityThread: 	at android.app.ContextImpl.registerReceiverInternal(ContextImpl.java:1322)
08-29 01:11:30.053  7007  7007 E ActivityThread: 	at android.app.ContextImpl.registerReceiver(ContextImpl.java:1302)
08-29 01:11:30.053  7007  7007 E ActivityThread: 	at android.app.ContextImpl.registerReceiver(ContextImpl.java:1296)
08-29 01:11:30.053  7007  7007 E ActivityThread: 	at android.content.ContextWrapper.registerReceiver(ContextWrapper.java:423)
08-29 01:11:30.053  7007  7007 E ActivityThread: 	at edu.ucla.ee.nesl.inferringmedia.ControlRecording.onCreate(ControlRecording.java:59)
08-29 01:11:30.053  7007  7007 E ActivityThread: 	at android.app.Activity.performCreate(Activity.java:5104)
08-29 01:11:30.053  7007  7007 E ActivityThread: 	at android.app.Instrumentation.callActivityOnCreate(Instrumentation.java:1080)
08-29 01:11:30.053  7007  7007 E ActivityThread: 	at android.app.ActivityThread.performLaunchActivity(ActivityThread.java:2144)
08-29 01:11:30.053  7007  7007 E ActivityThread: 	at android.app.ActivityThread.handleLaunchActivity(ActivityThread.java:2230)
08-29 01:11:30.053  7007  7007 E ActivityThread: 	at android.app.ActivityThread.access$600(ActivityThread.java:141)
08-29 01:11:30.053  7007  7007 E ActivityThread: 	at android.app.ActivityThread$H.handleMessage(ActivityThread.java:1234)
08-29 01:11:30.053  7007  7007 E ActivityThread: 	at android.os.Handler.dispatchMessage(Handler.java:99)
08-29 01:11:30.053  7007  7007 E ActivityThread: 	at android.os.Looper.loop(Looper.java:137)
08-29 01:11:30.053  7007  7007 E ActivityThread: 	at android.app.ActivityThread.main(ActivityThread.java:5041)
08-29 01:11:30.053  7007  7007 E ActivityThread: 	at java.lang.reflect.Method.invokeNative(Native Method)
08-29 01:11:30.053  7007  7007 E ActivityThread: 	at java.lang.reflect.Method.invoke(Method.java:511)
08-29 01:11:30.053  7007  7007 E ActivityThread: 	at com.android.internal.os.ZygoteInit$MethodAndArgsCaller.run(ZygoteInit.java:793)
08-29 01:11:30.053  7007  7007 E ActivityThread: 	at com.android.internal.os.ZygoteInit.main(ZygoteInit.java:560)
08-29 01:11:30.053  7007  7007 E ActivityThread: 	at dalvik.system.NativeStart.main(Native Method)
08-29 01:11:32.215 22195 22493 I ActivityManager: START u0 {act=android.intent.action.MAIN cat=[android.intent.category.LAUNCHER] flg=0x10200000 cmp=edu.ucla.ee.nesl.inferringmedia/.ControlRecording} from pid 22447
08-29 01:12:01.256 22195 22478 W ActivityManager: Unable to start service Intent { act=com.android.email.ACCOUNT_INTENT } U=0: not found
08-29 01:12:01.276 22760 22760 E ActivityThread: Service com.android.exchange.ExchangeService has leaked ServiceConnection com.android.emailcommon.service.ServiceProxy$ProxyConnection@41e2d298 that was originally bound here
08-29 01:12:01.276 22760 22760 E ActivityThread: android.app.ServiceConnectionLeaked: Service com.android.exchange.ExchangeService has leaked ServiceConnection com.android.emailcommon.service.ServiceProxy$ProxyConnection@41e2d298 that was originally bound here
08-29 01:12:01.276 22760 22760 E ActivityThread: 	at android.app.LoadedApk$ServiceDispatcher.<init>(LoadedApk.java:969)
08-29 01:12:01.276 22760 22760 E ActivityThread: 	at android.app.LoadedApk.getServiceDispatcher(LoadedApk.java:863)
08-29 01:12:01.276 22760 22760 E ActivityThread: 	at android.app.ContextImpl.bindService(ContextImpl.java:1424)
08-29 01:12:01.276 22760 22760 E ActivityThread: 	at android.app.ContextImpl.bindService(ContextImpl.java:1413)
08-29 01:12:01.276 22760 22760 E ActivityThread: 	at android.content.ContextWrapper.bindService(ContextWrapper.java:473)
08-29 01:12:01.276 22760 22760 E ActivityThread: 	at com.android.emailcommon.service.ServiceProxy.setTask(ServiceProxy.java:157)
08-29 01:12:01.276 22760 22760 E ActivityThread: 	at com.android.emailcommon.service.ServiceProxy.setTask(ServiceProxy.java:145)
08-29 01:12:01.276 22760 22760 E ActivityThread: 	at com.android.emailcommon.service.ServiceProxy.test(ServiceProxy.java:191)
08-29 01:12:01.276 22760 22760 E ActivityThread: 	at com.android.exchange.ExchangeService$7.run(ExchangeService.java:1850)
08-29 01:12:01.276 22760 22760 E ActivityThread: 	at com.android.emailcommon.utility.Utility$2.doInBackground(Utility.java:551)
08-29 01:12:01.276 22760 22760 E ActivityThread: 	at com.android.emailcommon.utility.Utility$2.doInBackground(Utility.java:549)
08-29 01:12:01.276 22760 22760 E ActivityThread: 	at android.os.AsyncTask$2.call(AsyncTask.java:287)
08-29 01:12:01.276 22760 22760 E ActivityThread: 	at java.util.concurrent.FutureTask.run(FutureTask.java:234)
08-29 01:12:01.276 22760 22760 E ActivityThread: 	at java.util.concurrent.ThreadPoolExecutor.runWorker(ThreadPoolExecutor.java:1080)
08-29 01:12:01.276 22760 22760 E ActivityThread: 	at java.util.concurrent.ThreadPoolExecutor$Worker.run(ThreadPoolExecutor.java:573)
08-29 01:12:01.276 22760 22760 E ActivityThread: 	at java.lang.Thread.run(Thread.java:856)
08-29 01:12:01.276 22195 22319 W ActivityManager: Unable to start service Intent { act=com.android.email.ACCOUNT_INTENT } U=0: not found
08-29 01:12:01.286 22195 22195 W ActivityManager: Unbind failed: could not find connection for android.os.BinderProxy@424ba5f8
08-29 01:12:51.360 22195 22206 W ActivityManager: Unable to start service Intent { act=com.android.email.ACCOUNT_INTENT } U=0: not found
08-29 01:12:51.370 22760 22760 E ActivityThread: Service com.android.exchange.ExchangeService has leaked ServiceConnection com.android.emailcommon.service.ServiceProxy$ProxyConnection@41dd21d0 that was originally bound here
08-29 01:12:51.370 22760 22760 E ActivityThread: android.app.ServiceConnectionLeaked: Service com.android.exchange.ExchangeService has leaked ServiceConnection com.android.emailcommon.service.ServiceProxy$ProxyConnection@41dd21d0 that was originally bound here
08-29 01:12:51.370 22760 22760 E ActivityThread: 	at android.app.LoadedApk$ServiceDispatcher.<init>(LoadedApk.java:969)
08-29 01:12:51.370 22760 22760 E ActivityThread: 	at android.app.LoadedApk.getServiceDispatcher(LoadedApk.java:863)
08-29 01:12:51.370 22760 22760 E ActivityThread: 	at android.app.ContextImpl.bindService(ContextImpl.java:1424)
08-29 01:12:51.370 22760 22760 E ActivityThread: 	at android.app.ContextImpl.bindService(ContextImpl.java:1413)
08-29 01:12:51.370 22760 22760 E ActivityThread: 	at android.content.ContextWrapper.bindService(ContextWrapper.java:473)
08-29 01:12:51.370 22760 22760 E ActivityThread: 	at com.android.emailcommon.service.ServiceProxy.setTask(ServiceProxy.java:157)
08-29 01:12:51.370 22760 22760 E ActivityThread: 	at com.android.emailcommon.service.ServiceProxy.setTask(ServiceProxy.java:145)
08-29 01:12:51.370 22760 22760 E ActivityThread: 	at com.android.emailcommon.service.ServiceProxy.test(ServiceProxy.java:191)
08-29 01:12:51.370 22760 22760 E ActivityThread: 	at com.android.exchange.ExchangeService$7.run(ExchangeService.java:1850)
08-29 01:12:51.370 22760 22760 E ActivityThread: 	at com.android.emailcommon.utility.Utility$2.doInBackground(Utility.java:551)
08-29 01:12:51.370 22760 22760 E ActivityThread: 	at com.android.emailcommon.utility.Utility$2.doInBackground(Utility.java:549)
08-29 01:12:51.370 22760 22760 E ActivityThread: 	at android.os.AsyncTask$2.call(AsyncTask.java:287)
08-29 01:12:51.370 22760 22760 E ActivityThread: 	at java.util.concurrent.FutureTask.run(FutureTask.java:234)
08-29 01:12:51.370 22760 22760 E ActivityThread: 	at java.util.concurrent.ThreadPoolExecutor.runWorker(ThreadPoolExecutor.java:1080)
08-29 01:12:51.370 22760 22760 E ActivityThread: 	at java.util.concurrent.ThreadPoolExecutor$Worker.run(ThreadPoolExecutor.java:573)
08-29 01:12:51.370 22760 22760 E ActivityThread: 	at java.lang.Thread.run(Thread.java:856)
08-29 01:12:51.380 22195 22320 W ActivityManager: Unable to start service Intent { act=com.android.email.ACCOUNT_INTENT } U=0: not found
08-29 01:12:51.380 22195 22319 W ActivityManager: Unbind failed: could not find connection for android.os.BinderProxy@42465120
08-29 01:13:41.263 22195 22427 W ThrottleService: unable to find stats for iface rmnet_usb0
08-29 01:13:41.403 22195 10834 W ActivityManager: Unable to start service Intent { act=com.android.email.ACCOUNT_INTENT } U=0: not found
08-29 01:13:41.423 22760 22760 E ActivityThread: Service com.android.exchange.ExchangeService has leaked ServiceConnection com.android.emailcommon.service.ServiceProxy$ProxyConnection@41e02898 that was originally bound here
08-29 01:13:41.423 22760 22760 E ActivityThread: android.app.ServiceConnectionLeaked: Service com.android.exchange.ExchangeService has leaked ServiceConnection com.android.emailcommon.service.ServiceProxy$ProxyConnection@41e02898 that was originally bound here
08-29 01:13:41.423 22760 22760 E ActivityThread: 	at android.app.LoadedApk$ServiceDispatcher.<init>(LoadedApk.java:969)
08-29 01:13:41.423 22760 22760 E ActivityThread: 	at android.app.LoadedApk.getServiceDispatcher(LoadedApk.java:863)
08-29 01:13:41.423 22760 22760 E ActivityThread: 	at android.app.ContextImpl.bindService(ContextImpl.java:1424)
08-29 01:13:41.423 22760 22760 E ActivityThread: 	at android.app.ContextImpl.bindService(ContextImpl.java:1413)
08-29 01:13:41.423 22760 22760 E ActivityThread: 	at android.content.ContextWrapper.bindService(ContextWrapper.java:473)
08-29 01:13:41.423 22760 22760 E ActivityThread: 	at com.android.emailcommon.service.ServiceProxy.setTask(ServiceProxy.java:157)
08-29 01:13:41.423 22760 22760 E ActivityThread: 	at com.android.emailcommon.service.ServiceProxy.setTask(ServiceProxy.java:145)
08-29 01:13:41.423 22760 22760 E ActivityThread: 	at com.android.emailcommon.service.ServiceProxy.test(ServiceProxy.java:191)
08-29 01:13:41.423 22760 22760 E ActivityThread: 	at com.android.exchange.ExchangeService$7.run(ExchangeService.java:1850)
08-29 01:13:41.423 22760 22760 E ActivityThread: 	at com.android.emailcommon.utility.Utility$2.doInBackground(Utility.java:551)
08-29 01:13:41.423 22760 22760 E ActivityThread: 	at com.android.emailcommon.utility.Utility$2.doInBackground(Utility.java:549)
08-29 01:13:41.423 22760 22760 E ActivityThread: 	at android.os.AsyncTask$2.call(AsyncTask.java:287)
08-29 01:13:41.423 22760 22760 E ActivityThread: 	at java.util.concurrent.FutureTask.run(FutureTask.java:234)
08-29 01:13:41.423 22760 22760 E ActivityThread: 	at java.util.concurrent.ThreadPoolExecutor.runWorker(ThreadPoolExecutor.java:1080)
08-29 01:13:41.423 22760 22760 E ActivityThread: 	at java.util.concurrent.ThreadPoolExecutor$Worker.run(ThreadPoolExecutor.java:573)
08-29 01:13:41.423 22760 22760 E ActivityThread: 	at java.lang.Thread.run(Thread.java:856)
08-29 01:13:41.433 22195 22195 W ActivityManager: Unable to start service Intent { act=com.android.email.ACCOUNT_INTENT } U=0: not found
08-29 01:13:41.433 22195 22477 W ActivityManager: Unbind failed: could not find connection for android.os.BinderProxy@424a4e10
08-29 01:14:31.457 22195 23453 W ActivityManager: Unable to start service Intent { act=com.android.email.ACCOUNT_INTENT } U=0: not found
08-29 01:14:31.457 22760 22760 E ActivityThread: Service com.android.exchange.ExchangeService has leaked ServiceConnection com.android.emailcommon.service.ServiceProxy$ProxyConnection@41def908 that was originally bound here
08-29 01:14:31.457 22760 22760 E ActivityThread: android.app.ServiceConnectionLeaked: Service com.android.exchange.ExchangeService has leaked ServiceConnection com.android.emailcommon.service.ServiceProxy$ProxyConnection@41def908 that was originally bound here
08-29 01:14:31.457 22760 22760 E ActivityThread: 	at android.app.LoadedApk$ServiceDispatcher.<init>(LoadedApk.java:969)
08-29 01:14:31.457 22760 22760 E ActivityThread: 	at android.app.LoadedApk.getServiceDispatcher(LoadedApk.java:863)
08-29 01:14:31.457 22760 22760 E ActivityThread: 	at android.app.ContextImpl.bindService(ContextImpl.java:1424)
08-29 01:14:31.457 22760 22760 E ActivityThread: 	at android.app.ContextImpl.bindService(ContextImpl.java:1413)
08-29 01:14:31.457 22760 22760 E ActivityThread: 	at android.content.ContextWrapper.bindService(ContextWrapper.java:473)
08-29 01:14:31.457 22760 22760 E ActivityThread: 	at com.android.emailcommon.service.ServiceProxy.setTask(ServiceProxy.java:157)
08-29 01:14:31.457 22760 22760 E ActivityThread: 	at com.android.emailcommon.service.ServiceProxy.setTask(ServiceProxy.java:145)
08-29 01:14:31.457 22760 22760 E ActivityThread: 	at com.android.emailcommon.service.ServiceProxy.test(ServiceProxy.java:191)
08-29 01:14:31.457 22760 22760 E ActivityThread: 	at com.android.exchange.ExchangeService$7.run(ExchangeService.java:1850)
08-29 01:14:31.457 22760 22760 E ActivityThread: 	at com.android.emailcommon.utility.Utility$2.doInBackground(Utility.java:551)
08-29 01:14:31.457 22760 22760 E ActivityThread: 	at com.android.emailcommon.utility.Utility$2.doInBackground(Utility.java:549)
08-29 01:14:31.457 22760 22760 E ActivityThread: 	at android.os.AsyncTask$2.call(AsyncTask.java:287)
08-29 01:14:31.457 22760 22760 E ActivityThread: 	at java.util.concurrent.FutureTask.run(FutureTask.java:234)
08-29 01:14:31.457 22760 22760 E ActivityThread: 	at java.util.concurrent.ThreadPoolExecutor.runWorker(ThreadPoolExecutor.java:1080)
08-29 01:14:31.457 22760 22760 E ActivityThread: 	at java.util.concurrent.ThreadPoolExecutor$Worker.run(ThreadPoolExecutor.java:573)
08-29 01:14:31.457 22760 22760 E ActivityThread: 	at java.lang.Thread.run(Thread.java:856)
08-29 01:14:31.457 22195 22320 W ActivityManager: Unbind failed: could not find connection for android.os.BinderProxy@424a2e98
08-29 01:14:31.467 22195 22477 W ActivityManager: Unable to start service Intent { act=com.android.email.ACCOUNT_INTENT } U=0: not found
08-29 01:15:21.510 22195 22319 W ActivityManager: Unable to start service Intent { act=com.android.email.ACCOUNT_INTENT } U=0: not found
08-29 01:15:21.520 22760 22760 E ActivityThread: Service com.android.exchange.ExchangeService has leaked ServiceConnection com.android.emailcommon.service.ServiceProxy$ProxyConnection@41de07b0 that was originally bound here
08-29 01:15:21.520 22760 22760 E ActivityThread: android.app.ServiceConnectionLeaked: Service com.android.exchange.ExchangeService has leaked ServiceConnection com.android.emailcommon.service.ServiceProxy$ProxyConnection@41de07b0 that was originally bound here
08-29 01:15:21.520 22760 22760 E ActivityThread: 	at android.app.LoadedApk$ServiceDispatcher.<init>(LoadedApk.java:969)
08-29 01:15:21.520 22760 22760 E ActivityThread: 	at android.app.LoadedApk.getServiceDispatcher(LoadedApk.java:863)
08-29 01:15:21.520 22760 22760 E ActivityThread: 	at android.app.ContextImpl.bindService(ContextImpl.java:1424)
08-29 01:15:21.520 22760 22760 E ActivityThread: 	at android.app.ContextImpl.bindService(ContextImpl.java:1413)
08-29 01:15:21.520 22760 22760 E ActivityThread: 	at android.content.ContextWrapper.bindService(ContextWrapper.java:473)
08-29 01:15:21.520 22760 22760 E ActivityThread: 	at com.android.emailcommon.service.ServiceProxy.setTask(ServiceProxy.java:157)
08-29 01:15:21.520 22760 22760 E ActivityThread: 	at com.android.emailcommon.service.ServiceProxy.setTask(ServiceProxy.java:145)
08-29 01:15:21.520 22760 22760 E ActivityThread: 	at com.android.emailcommon.service.ServiceProxy.test(ServiceProxy.java:191)
08-29 01:15:21.520 22760 22760 E ActivityThread: 	at com.android.exchange.ExchangeService$7.run(ExchangeService.java:1850)
08-29 01:15:21.520 22760 22760 E ActivityThread: 	at com.android.emailcommon.utility.Utility$2.doInBackground(Utility.java:551)
08-29 01:15:21.520 22760 22760 E ActivityThread: 	at com.android.emailcommon.utility.Utility$2.doInBackground(Utility.java:549)
08-29 01:15:21.520 22760 22760 E ActivityThread: 	at android.os.AsyncTask$2.call(AsyncTask.java:287)
08-29 01:15:21.520 22760 22760 E ActivityThread: 	at java.util.concurrent.FutureTask.run(FutureTask.java:234)
08-29 01:15:21.520 22760 22760 E ActivityThread: 	at java.util.concurrent.ThreadPoolExecutor.runWorker(ThreadPoolExecutor.java:1080)
08-29 01:15:21.520 22760 22760 E ActivityThread: 	at java.util.concurrent.ThreadPoolExecutor$Worker.run(ThreadPoolExecutor.java:573)
08-29 01:15:21.520 22760 22760 E ActivityThread: 	at java.lang.Thread.run(Thread.java:856)
08-29 01:15:21.550 22195 22477 W ActivityManager: Unable to start service Intent { act=com.android.email.ACCOUNT_INTENT } U=0: not found
08-29 01:15:21.550 22195 22207 W ActivityManager: Unbind failed: could not find connection for android.os.BinderProxy@424d04f8
08-29 01:16:11.583 22195 22477 W ActivityManager: Unable to start service Intent { act=com.android.email.ACCOUNT_INTENT } U=0: not found
08-29 01:16:11.593 22760 22760 E ActivityThread: Service com.android.exchange.ExchangeService has leaked ServiceConnection com.android.emailcommon.service.ServiceProxy$ProxyConnection@41e539f8 that was originally bound here
08-29 01:16:11.593 22760 22760 E ActivityThread: android.app.ServiceConnectionLeaked: Service com.android.exchange.ExchangeService has leaked ServiceConnection com.android.emailcommon.service.ServiceProxy$ProxyConnection@41e539f8 that was originally bound here
08-29 01:16:11.593 22760 22760 E ActivityThread: 	at android.app.LoadedApk$ServiceDispatcher.<init>(LoadedApk.java:969)
08-29 01:16:11.593 22760 22760 E ActivityThread: 	at android.app.LoadedApk.getServiceDispatcher(LoadedApk.java:863)
08-29 01:16:11.593 22760 22760 E ActivityThread: 	at android.app.ContextImpl.bindService(ContextImpl.java:1424)
08-29 01:16:11.593 22760 22760 E ActivityThread: 	at android.app.ContextImpl.bindService(ContextImpl.java:1413)
08-29 01:16:11.593 22760 22760 E ActivityThread: 	at android.content.ContextWrapper.bindService(ContextWrapper.java:473)
08-29 01:16:11.593 22760 22760 E ActivityThread: 	at com.android.emailcommon.service.ServiceProxy.setTask(ServiceProxy.java:157)
08-29 01:16:11.593 22760 22760 E ActivityThread: 	at com.android.emailcommon.service.ServiceProxy.setTask(ServiceProxy.java:145)
08-29 01:16:11.593 22760 22760 E ActivityThread: 	at com.android.emailcommon.service.ServiceProxy.test(ServiceProxy.java:191)
08-29 01:16:11.593 22760 22760 E ActivityThread: 	at com.android.exchange.ExchangeService$7.run(ExchangeService.java:1850)
08-29 01:16:11.593 22760 22760 E ActivityThread: 	at com.android.emailcommon.utility.Utility$2.doInBackground(Utility.java:551)
08-29 01:16:11.593 22760 22760 E ActivityThread: 	at com.android.emailcommon.utility.Utility$2.doInBackground(Utility.java:549)
08-29 01:16:11.593 22760 22760 E ActivityThread: 	at android.os.AsyncTask$2.call(AsyncTask.java:287)
08-29 01:16:11.593 22760 22760 E ActivityThread: 	at java.util.concurrent.FutureTask.run(FutureTask.java:234)
08-29 01:16:11.593 22760 22760 E ActivityThread: 	at java.util.concurrent.ThreadPoolExecutor.runWorker(ThreadPoolExecutor.java:1080)
08-29 01:16:11.593 22760 22760 E ActivityThread: 	at java.util.concurrent.ThreadPoolExecutor$Worker.run(ThreadPoolExecutor.java:573)
08-29 01:16:11.593 22760 22760 E ActivityThread: 	at java.lang.Thread.run(Thread.java:856)
08-29 01:16:11.613 22195 23437 W ActivityManager: Unable to start service Intent { act=com.android.email.ACCOUNT_INTENT } U=0: not found
08-29 01:16:11.613 22195 22513 W ActivityManager: Unbind failed: could not find connection for android.os.BinderProxy@41feb880
08-29 01:16:22.495 22195 22210 I ActivityManager: Config changes=1480 {1.0 ?mcc?mnc en_US ldltr sw384dp w598dp h359dp 320dpi nrml land finger -keyb/v/h -nav/h s.75}
08-29 01:16:22.685  7007  7007 E ActivityThread: Activity edu.ucla.ee.nesl.inferringmedia.ControlRecording has leaked IntentReceiver edu.ucla.ee.nesl.inferringmedia.ControlRecording$1@41df0920 that was originally registered here. Are you missing a call to unregisterReceiver()?
08-29 01:16:22.685  7007  7007 E ActivityThread: android.app.IntentReceiverLeaked: Activity edu.ucla.ee.nesl.inferringmedia.ControlRecording has leaked IntentReceiver edu.ucla.ee.nesl.inferringmedia.ControlRecording$1@41df0920 that was originally registered here. Are you missing a call to unregisterReceiver()?
08-29 01:16:22.685  7007  7007 E ActivityThread: 	at android.app.LoadedApk$ReceiverDispatcher.<init>(LoadedApk.java:795)
08-29 01:16:22.685  7007  7007 E ActivityThread: 	at android.app.LoadedApk.getReceiverDispatcher(LoadedApk.java:596)
08-29 01:16:22.685  7007  7007 E ActivityThread: 	at android.app.ContextImpl.registerReceiverInternal(ContextImpl.java:1322)
08-29 01:16:22.685  7007  7007 E ActivityThread: 	at android.app.ContextImpl.registerReceiver(ContextImpl.java:1302)
08-29 01:16:22.685  7007  7007 E ActivityThread: 	at android.app.ContextImpl.registerReceiver(ContextImpl.java:1296)
08-29 01:16:22.685  7007  7007 E ActivityThread: 	at android.content.ContextWrapper.registerReceiver(ContextWrapper.java:423)
08-29 01:16:22.685  7007  7007 E ActivityThread: 	at edu.ucla.ee.nesl.inferringmedia.ControlRecording.onCreate(ControlRecording.java:58)
08-29 01:16:22.685  7007  7007 E ActivityThread: 	at android.app.Activity.performCreate(Activity.java:5104)
08-29 01:16:22.685  7007  7007 E ActivityThread: 	at android.app.Instrumentation.callActivityOnCreate(Instrumentation.java:1080)
08-29 01:16:22.685  7007  7007 E ActivityThread: 	at android.app.ActivityThread.performLaunchActivity(ActivityThread.java:2144)
08-29 01:16:22.685  7007  7007 E ActivityThread: 	at android.app.ActivityThread.handleLaunchActivity(ActivityThread.java:2230)
08-29 01:16:22.685  7007  7007 E ActivityThread: 	at android.app.ActivityThread.access$600(ActivityThread.java:141)
08-29 01:16:22.685  7007  7007 E ActivityThread: 	at android.app.ActivityThread$H.handleMessage(ActivityThread.java:1234)
08-29 01:16:22.685  7007  7007 E ActivityThread: 	at android.os.Handler.dispatchMessage(Handler.java:99)
08-29 01:16:22.685  7007  7007 E ActivityThread: 	at android.os.Looper.loop(Looper.java:137)
08-29 01:16:22.685  7007  7007 E ActivityThread: 	at android.app.ActivityThread.main(ActivityThread.java:5041)
08-29 01:16:22.685  7007  7007 E ActivityThread: 	at java.lang.reflect.Method.invokeNative(Native Method)
08-29 01:16:22.685  7007  7007 E ActivityThread: 	at java.lang.reflect.Method.invoke(Method.java:511)
08-29 01:16:22.685  7007  7007 E ActivityThread: 	at com.android.internal.os.ZygoteInit$MethodAndArgsCaller.run(ZygoteInit.java:793)
08-29 01:16:22.685  7007  7007 E ActivityThread: 	at com.android.internal.os.ZygoteInit.main(ZygoteInit.java:560)
08-29 01:16:22.685  7007  7007 E ActivityThread: 	at dalvik.system.NativeStart.main(Native Method)
08-29 01:16:22.685  7007  7007 E ActivityThread: Activity edu.ucla.ee.nesl.inferringmedia.ControlRecording has leaked IntentReceiver edu.ucla.ee.nesl.inferringmedia.ControlRecording$2@41df0938 that was originally registered here. Are you missing a call to unregisterReceiver()?
08-29 01:16:22.685  7007  7007 E ActivityThread: android.app.IntentReceiverLeaked: Activity edu.ucla.ee.nesl.inferringmedia.ControlRecording has leaked IntentReceiver edu.ucla.ee.nesl.inferringmedia.ControlRecording$2@41df0938 that was originally registered here. Are you missing a call to unregisterReceiver()?
08-29 01:16:22.685  7007  7007 E ActivityThread: 	at android.app.LoadedApk$ReceiverDispatcher.<init>(LoadedApk.java:795)
08-29 01:16:22.685  7007  7007 E ActivityThread: 	at android.app.LoadedApk.getReceiverDispatcher(LoadedApk.java:596)
08-29 01:16:22.685  7007  7007 E ActivityThread: 	at android.app.ContextImpl.registerReceiverInternal(ContextImpl.java:1322)
08-29 01:16:22.685  7007  7007 E ActivityThread: 	at android.app.ContextImpl.registerReceiver(ContextImpl.java:1302)
08-29 01:16:22.685  7007  7007 E ActivityThread: 	at android.app.ContextImpl.registerReceiver(ContextImpl.java:1296)
08-29 01:16:22.685  7007  7007 E ActivityThread: 	at android.content.ContextWrapper.registerReceiver(ContextWrapper.java:423)
08-29 01:16:22.685  7007  7007 E ActivityThread: 	at edu.ucla.ee.nesl.inferringmedia.ControlRecording.onCreate(ControlRecording.java:59)
08-29 01:16:22.685  7007  7007 E ActivityThread: 	at android.app.Activity.performCreate(Activity.java:5104)
08-29 01:16:22.685  7007  7007 E ActivityThread: 	at android.app.Instrumentation.callActivityOnCreate(Instrumentation.java:1080)
08-29 01:16:22.685  7007  7007 E ActivityThread: 	at android.app.ActivityThread.performLaunchActivity(ActivityThread.java:2144)
08-29 01:16:22.685  7007  7007 E ActivityThread: 	at android.app.ActivityThread.handleLaunchActivity(ActivityThread.java:2230)
08-29 01:16:22.685  7007  7007 E ActivityThread: 	at android.app.ActivityThread.access$600(ActivityThread.java:141)
08-29 01:16:22.685  7007  7007 E ActivityThread: 	at android.app.ActivityThread$H.handleMessage(ActivityThread.java:1234)
08-29 01:16:22.685  7007  7007 E ActivityThread: 	at android.os.Handler.dispatchMessage(Handler.java:99)
08-29 01:16:22.685  7007  7007 E ActivityThread: 	at android.os.Looper.loop(Looper.java:137)
08-29 01:16:22.685  7007  7007 E ActivityThread: 	at android.app.ActivityThread.main(ActivityThread.java:5041)
08-29 01:16:22.685  7007  7007 E ActivityThread: 	at java.lang.reflect.Method.invokeNative(Native Method)
08-29 01:16:22.685  7007  7007 E ActivityThread: 	at java.lang.reflect.Method.invoke(Method.java:511)
08-29 01:16:22.685  7007  7007 E ActivityThread: 	at com.android.internal.os.ZygoteInit$MethodAndArgsCaller.run(ZygoteInit.java:793)
08-29 01:16:22.685  7007  7007 E ActivityThread: 	at com.android.internal.os.ZygoteInit.main(ZygoteInit.java:560)
08-29 01:16:22.685  7007  7007 E ActivityThread: 	at dalvik.system.NativeStart.main(Native Method)
08-29 01:16:26.840 22195 22210 I ActivityManager: Config changes=1480 {1.0 ?mcc?mnc en_US ldltr sw384dp w384dp h567dp 320dpi nrml port finger -keyb/v/h -nav/h s.76}
08-29 01:16:27.060  7007  7007 E ActivityThread: Activity edu.ucla.ee.nesl.inferringmedia.ControlRecording has leaked IntentReceiver edu.ucla.ee.nesl.inferringmedia.ControlRecording$2@41e24318 that was originally registered here. Are you missing a call to unregisterReceiver()?
08-29 01:16:27.060  7007  7007 E ActivityThread: android.app.IntentReceiverLeaked: Activity edu.ucla.ee.nesl.inferringmedia.ControlRecording has leaked IntentReceiver edu.ucla.ee.nesl.inferringmedia.ControlRecording$2@41e24318 that was originally registered here. Are you missing a call to unregisterReceiver()?
08-29 01:16:27.060  7007  7007 E ActivityThread: 	at android.app.LoadedApk$ReceiverDispatcher.<init>(LoadedApk.java:795)
08-29 01:16:27.060  7007  7007 E ActivityThread: 	at android.app.LoadedApk.getReceiverDispatcher(LoadedApk.java:596)
08-29 01:16:27.060  7007  7007 E ActivityThread: 	at android.app.ContextImpl.registerReceiverInternal(ContextImpl.java:1322)
08-29 01:16:27.060  7007  7007 E ActivityThread: 	at android.app.ContextImpl.registerReceiver(ContextImpl.java:1302)
08-29 01:16:27.060  7007  7007 E ActivityThread: 	at android.app.ContextImpl.registerReceiver(ContextImpl.java:1296)
08-29 01:16:27.060  7007  7007 E ActivityThread: 	at android.content.ContextWrapper.registerReceiver(ContextWrapper.java:423)
08-29 01:16:27.060  7007  7007 E ActivityThread: 	at edu.ucla.ee.nesl.inferringmedia.ControlRecording.onCreate(ControlRecording.java:59)
08-29 01:16:27.060  7007  7007 E ActivityThread: 	at android.app.Activity.performCreate(Activity.java:5104)
08-29 01:16:27.060  7007  7007 E ActivityThread: 	at android.app.Instrumentation.callActivityOnCreate(Instrumentation.java:1080)
08-29 01:16:27.060  7007  7007 E ActivityThread: 	at android.app.ActivityThread.performLaunchActivity(ActivityThread.java:2144)
08-29 01:16:27.060  7007  7007 E ActivityThread: 	at android.app.ActivityThread.handleLaunchActivity(ActivityThread.java:2230)
08-29 01:16:27.060  7007  7007 E ActivityThread: 	at android.app.ActivityThread.handleRelaunchActivity(ActivityThread.java:3692)
08-29 01:16:27.060  7007  7007 E ActivityThread: 	at android.app.ActivityThread.access$700(ActivityThread.java:141)
08-29 01:16:27.060  7007  7007 E ActivityThread: 	at android.app.ActivityThread$H.handleMessage(ActivityThread.java:1240)
08-29 01:16:27.060  7007  7007 E ActivityThread: 	at android.os.Handler.dispatchMessage(Handler.java:99)
08-29 01:16:27.060  7007  7007 E ActivityThread: 	at android.os.Looper.loop(Looper.java:137)
08-29 01:16:27.060  7007  7007 E ActivityThread: 	at android.app.ActivityThread.main(ActivityThread.java:5041)
08-29 01:16:27.060  7007  7007 E ActivityThread: 	at java.lang.reflect.Method.invokeNative(Native Method)
08-29 01:16:27.060  7007  7007 E ActivityThread: 	at java.lang.reflect.Method.invoke(Method.java:511)
08-29 01:16:27.060  7007  7007 E ActivityThread: 	at com.android.internal.os.ZygoteInit$MethodAndArgsCaller.run(ZygoteInit.java:793)
08-29 01:16:27.060  7007  7007 E ActivityThread: 	at com.android.internal.os.ZygoteInit.main(ZygoteInit.java:560)
08-29 01:16:27.060  7007  7007 E ActivityThread: 	at dalvik.system.NativeStart.main(Native Method)
08-29 01:16:27.060  7007  7007 E ActivityThread: Activity edu.ucla.ee.nesl.inferringmedia.ControlRecording has leaked IntentReceiver edu.ucla.ee.nesl.inferringmedia.ControlRecording$1@41e24300 that was originally registered here. Are you missing a call to unregisterReceiver()?
08-29 01:16:27.060  7007  7007 E ActivityThread: android.app.IntentReceiverLeaked: Activity edu.ucla.ee.nesl.inferringmedia.ControlRecording has leaked IntentReceiver edu.ucla.ee.nesl.inferringmedia.ControlRecording$1@41e24300 that was originally registered here. Are you missing a call to unregisterReceiver()?
08-29 01:16:27.060  7007  7007 E ActivityThread: 	at android.app.LoadedApk$ReceiverDispatcher.<init>(LoadedApk.java:795)
08-29 01:16:27.060  7007  7007 E ActivityThread: 	at android.app.LoadedApk.getReceiverDispatcher(LoadedApk.java:596)
08-29 01:16:27.060  7007  7007 E ActivityThread: 	at android.app.ContextImpl.registerReceiverInternal(ContextImpl.java:1322)
08-29 01:16:27.060  7007  7007 E ActivityThread: 	at android.app.ContextImpl.registerReceiver(ContextImpl.java:1302)
08-29 01:16:27.060  7007  7007 E ActivityThread: 	at android.app.ContextImpl.registerReceiver(ContextImpl.java:1296)
08-29 01:16:27.060  7007  7007 E ActivityThread: 	at android.content.ContextWrapper.registerReceiver(ContextWrapper.java:423)
08-29 01:16:27.060  7007  7007 E ActivityThread: 	at edu.ucla.ee.nesl.inferringmedia.ControlRecording.onCreate(ControlRecording.java:58)
08-29 01:16:27.060  7007  7007 E ActivityThread: 	at android.app.Activity.performCreate(Activity.java:5104)
08-29 01:16:27.060  7007  7007 E ActivityThread: 	at android.app.Instrumentation.callActivityOnCreate(Instrumentation.java:1080)
08-29 01:16:27.060  7007  7007 E ActivityThread: 	at android.app.ActivityThread.performLaunchActivity(ActivityThread.java:2144)
08-29 01:16:27.060  7007  7007 E ActivityThread: 	at android.app.ActivityThread.handleLaunchActivity(ActivityThread.java:2230)
08-29 01:16:27.060  7007  7007 E ActivityThread: 	at android.app.ActivityThread.handleRelaunchActivity(ActivityThread.java:3692)
08-29 01:16:27.060  7007  7007 E ActivityThread: 	at android.app.ActivityThread.access$700(ActivityThread.java:141)
08-29 01:16:27.060  7007  7007 E ActivityThread: 	at android.app.ActivityThread$H.handleMessage(ActivityThread.java:1240)
08-29 01:16:27.060  7007  7007 E ActivityThread: 	at android.os.Handler.dispatchMessage(Handler.java:99)
08-29 01:16:27.060  7007  7007 E ActivityThread: 	at android.os.Looper.loop(Looper.java:137)
08-29 01:16:27.060  7007  7007 E ActivityThread: 	at android.app.ActivityThread.main(ActivityThread.java:5041)
08-29 01:16:27.060  7007  7007 E ActivityThread: 	at java.lang.reflect.Method.invokeNative(Native Method)
08-29 01:16:27.060  7007  7007 E ActivityThread: 	at java.lang.reflect.Method.invoke(Method.java:511)
08-29 01:16:27.060  7007  7007 E ActivityThread: 	at com.android.internal.os.ZygoteInit$MethodAndArgsCaller.run(ZygoteInit.java:793)
08-29 01:16:27.060  7007  7007 E ActivityThread: 	at com.android.internal.os.ZygoteInit.main(ZygoteInit.java:560)
08-29 01:16:27.060  7007  7007 E ActivityThread: 	at dalvik.system.NativeStart.main(Native Method)
08-29 01:16:27.520 22195 22213 W ProcessStats: Skipping unknown process pid 7497
08-29 01:16:27.520 22195 22213 W ProcessStats: Skipping unknown process pid 7499
08-29 01:17:01.657 22195 22319 W ActivityManager: Unable to start service Intent { act=com.android.email.ACCOUNT_INTENT } U=0: not found
08-29 01:17:01.667 22760 22760 E ActivityThread: Service com.android.exchange.ExchangeService has leaked ServiceConnection com.android.emailcommon.service.ServiceProxy$ProxyConnection@41e59c58 that was originally bound here
08-29 01:17:01.667 22760 22760 E ActivityThread: android.app.ServiceConnectionLeaked: Service com.android.exchange.ExchangeService has leaked ServiceConnection com.android.emailcommon.service.ServiceProxy$ProxyConnection@41e59c58 that was originally bound here
08-29 01:17:01.667 22760 22760 E ActivityThread: 	at android.app.LoadedApk$ServiceDispatcher.<init>(LoadedApk.java:969)
08-29 01:17:01.667 22760 22760 E ActivityThread: 	at android.app.LoadedApk.getServiceDispatcher(LoadedApk.java:863)
08-29 01:17:01.667 22760 22760 E ActivityThread: 	at android.app.ContextImpl.bindService(ContextImpl.java:1424)
08-29 01:17:01.667 22760 22760 E ActivityThread: 	at android.app.ContextImpl.bindService(ContextImpl.java:1413)
08-29 01:17:01.667 22760 22760 E ActivityThread: 	at android.content.ContextWrapper.bindService(ContextWrapper.java:473)
08-29 01:17:01.667 22760 22760 E ActivityThread: 	at com.android.emailcommon.service.ServiceProxy.setTask(ServiceProxy.java:157)
08-29 01:17:01.667 22760 22760 E ActivityThread: 	at com.android.emailcommon.service.ServiceProxy.setTask(ServiceProxy.java:145)
08-29 01:17:01.667 22760 22760 E ActivityThread: 	at com.android.emailcommon.service.ServiceProxy.test(ServiceProxy.java:191)
08-29 01:17:01.667 22760 22760 E ActivityThread: 	at com.android.exchange.ExchangeService$7.run(ExchangeService.java:1850)
08-29 01:17:01.667 22760 22760 E ActivityThread: 	at com.android.emailcommon.utility.Utility$2.doInBackground(Utility.java:551)
08-29 01:17:01.667 22760 22760 E ActivityThread: 	at com.android.emailcommon.utility.Utility$2.doInBackground(Utility.java:549)
08-29 01:17:01.667 22760 22760 E ActivityThread: 	at android.os.AsyncTask$2.call(AsyncTask.java:287)
08-29 01:17:01.667 22760 22760 E ActivityThread: 	at java.util.concurrent.FutureTask.run(FutureTask.java:234)
08-29 01:17:01.667 22760 22760 E ActivityThread: 	at java.util.concurrent.ThreadPoolExecutor.runWorker(ThreadPoolExecutor.java:1080)
08-29 01:17:01.667 22760 22760 E ActivityThread: 	at java.util.concurrent.ThreadPoolExecutor$Worker.run(ThreadPoolExecutor.java:573)
08-29 01:17:01.667 22760 22760 E ActivityThread: 	at java.lang.Thread.run(Thread.java:856)
08-29 01:17:01.677 22195 22513 W ActivityManager: Unable to start service Intent { act=com.android.email.ACCOUNT_INTENT } U=0: not found
08-29 01:17:01.677 22195 22206 W ActivityManager: Unbind failed: could not find connection for android.os.BinderProxy@42247c68
08-29 01:17:51.740 22195 22512 W ActivityManager: Unable to start service Intent { act=com.android.email.ACCOUNT_INTENT } U=0: not found
08-29 01:17:51.750 22760 22760 E ActivityThread: Service com.android.exchange.ExchangeService has leaked ServiceConnection com.android.emailcommon.service.ServiceProxy$ProxyConnection@41dc9c90 that was originally bound here
08-29 01:17:51.750 22760 22760 E ActivityThread: android.app.ServiceConnectionLeaked: Service com.android.exchange.ExchangeService has leaked ServiceConnection com.android.emailcommon.service.ServiceProxy$ProxyConnection@41dc9c90 that was originally bound here
08-29 01:17:51.750 22760 22760 E ActivityThread: 	at android.app.LoadedApk$ServiceDispatcher.<init>(LoadedApk.java:969)
08-29 01:17:51.750 22760 22760 E ActivityThread: 	at android.app.LoadedApk.getServiceDispatcher(LoadedApk.java:863)
08-29 01:17:51.750 22760 22760 E ActivityThread: 	at android.app.ContextImpl.bindService(ContextImpl.java:1424)
08-29 01:17:51.750 22760 22760 E ActivityThread: 	at android.app.ContextImpl.bindService(ContextImpl.java:1413)
08-29 01:17:51.750 22760 22760 E ActivityThread: 	at android.content.ContextWrapper.bindService(ContextWrapper.java:473)
08-29 01:17:51.750 22760 22760 E ActivityThread: 	at com.android.emailcommon.service.ServiceProxy.setTask(ServiceProxy.java:157)
08-29 01:17:51.750 22760 22760 E ActivityThread: 	at com.android.emailcommon.service.ServiceProxy.setTask(ServiceProxy.java:145)
08-29 01:17:51.750 22760 22760 E ActivityThread: 	at com.android.emailcommon.service.ServiceProxy.test(ServiceProxy.java:191)
08-29 01:17:51.750 22760 22760 E ActivityThread: 	at com.android.exchange.ExchangeService$7.run(ExchangeService.java:1850)
08-29 01:17:51.750 22760 22760 E ActivityThread: 	at com.android.emailcommon.utility.Utility$2.doInBackground(Utility.java:551)
08-29 01:17:51.750 22760 22760 E ActivityThread: 	at com.android.emailcommon.utility.Utility$2.doInBackground(Utility.java:549)
08-29 01:17:51.750 22760 22760 E ActivityThread: 	at android.os.AsyncTask$2.call(AsyncTask.java:287)
08-29 01:17:51.750 22760 22760 E ActivityThread: 	at java.util.concurrent.FutureTask.run(FutureTask.java:234)
08-29 01:17:51.750 22760 22760 E ActivityThread: 	at java.util.concurrent.ThreadPoolExecutor.runWorker(ThreadPoolExecutor.java:1080)
08-29 01:17:51.750 22760 22760 E ActivityThread: 	at java.util.concurrent.ThreadPoolExecutor$Worker.run(ThreadPoolExecutor.java:573)
08-29 01:17:51.750 22760 22760 E ActivityThread: 	at java.lang.Thread.run(Thread.java:856)
08-29 01:17:51.760 22195 10834 W ActivityManager: Unable to start service Intent { act=com.android.email.ACCOUNT_INTENT } U=0: not found
08-29 01:17:51.760 22195 22513 W ActivityManager: Unbind failed: could not find connection for android.os.BinderProxy@42246468
08-29 01:18:41.794 22195 22319 W ActivityManager: Unable to start service Intent { act=com.android.email.ACCOUNT_INTENT } U=0: not found
08-29 01:18:41.814 22760 22760 E ActivityThread: Service com.android.exchange.ExchangeService has leaked ServiceConnection com.android.emailcommon.service.ServiceProxy$ProxyConnection@41dc5198 that was originally bound here
