08-29 01:24:32.158 22760 22760 E ActivityThread: 	at java.util.concurrent.ThreadPoolExecutor$Worker.run(ThreadPoolExecutor.java:573)
08-29 01:24:32.158 22760 22760 E ActivityThread: 	at java.lang.Thread.run(Thread.java:856)
08-29 01:24:32.168 22195 23437 W ActivityManager: Unable to start service Intent { act=com.android.email.ACCOUNT_INTENT } U=0: not found
08-29 01:24:32.168 22195 22493 W ActivityManager: Unbind failed: could not find connection for android.os.BinderProxy@420ebd30
08-29 01:25:22.201 22195 23437 W ActivityManager: Unable to start service Intent { act=com.android.email.ACCOUNT_INTENT } U=0: not found
08-29 01:25:22.211 22195 22478 W ActivityManager: Unable to start service Intent { act=com.android.email.ACCOUNT_INTENT } U=0: not found
08-29 01:25:22.211 22760 22760 E ActivityThread: Service com.android.exchange.ExchangeService has leaked ServiceConnection com.android.emailcommon.service.ServiceProxy$ProxyConnection@41e09030 that was originally bound here
08-29 01:25:22.211 22760 22760 E ActivityThread: android.app.ServiceConnectionLeaked: Service com.android.exchange.ExchangeService has leaked ServiceConnection com.android.emailcommon.service.ServiceProxy$ProxyConnection@41e09030 that was originally bound here
08-29 01:25:22.211 22760 22760 E ActivityThread: 	at android.app.LoadedApk$ServiceDispatcher.<init>(LoadedApk.java:969)
08-29 01:25:22.211 22760 22760 E ActivityThread: 	at android.app.LoadedApk.getServiceDispatcher(LoadedApk.java:863)
08-29 01:25:22.211 22760 22760 E ActivityThread: 	at android.app.ContextImpl.bindService(ContextImpl.java:1424)
08-29 01:25:22.211 22760 22760 E ActivityThread: 	at android.app.ContextImpl.bindService(ContextImpl.java:1413)
08-29 01:25:22.211 22760 22760 E ActivityThread: 	at android.content.ContextWrapper.bindService(ContextWrapper.java:473)
08-29 01:25:22.211 22760 22760 E ActivityThread: 	at com.android.emailcommon.service.ServiceProxy.setTask(ServiceProxy.java:157)
08-29 01:25:22.211 22760 22760 E ActivityThread: 	at com.android.emailcommon.service.ServiceProxy.setTask(ServiceProxy.java:145)
08-29 01:25:22.211 22760 22760 E ActivityThread: 	at com.android.emailcommon.service.AccountServiceProxy.getDeviceId(AccountServiceProxy.java:116)
08-29 01:25:22.211 22760 22760 E ActivityThread: 	at com.android.exchange.ExchangeService.getDeviceId(ExchangeService.java:1249)
08-29 01:25:22.211 22760 22760 E ActivityThread: 	at com.android.exchange.ExchangeService$7.run(ExchangeService.java:1856)
08-29 01:25:22.211 22760 22760 E ActivityThread: 	at com.android.emailcommon.utility.Utility$2.doInBackground(Utility.java:551)
08-29 01:25:22.211 22760 22760 E ActivityThread: 	at com.android.emailcommon.utility.Utility$2.doInBackground(Utility.java:549)
08-29 01:25:22.211 22760 22760 E ActivityThread: 	at android.os.AsyncTask$2.call(AsyncTask.java:287)
08-29 01:25:22.211 22760 22760 E ActivityThread: 	at java.util.concurrent.FutureTask.run(FutureTask.java:234)
08-29 01:25:22.211 22760 22760 E ActivityThread: 	at java.util.concurrent.ThreadPoolExecutor.runWorker(ThreadPoolExecutor.java:1080)
08-29 01:25:22.211 22760 22760 E ActivityThread: 	at java.util.concurrent.ThreadPoolExecutor$Worker.run(ThreadPoolExecutor.java:573)
08-29 01:25:22.211 22760 22760 E ActivityThread: 	at java.lang.Thread.run(Thread.java:856)
08-29 01:25:22.221 22195  8366 W ActivityManager: Unbind failed: could not find connection for android.os.BinderProxy@41ec9c00
08-29 01:25:22.231 22760 22760 E ActivityThread: Service com.android.exchange.ExchangeService has leaked ServiceConnection com.android.emailcommon.service.ServiceProxy$ProxyConnection@41dc48c8 that was originally bound here
08-29 01:25:22.231 22760 22760 E ActivityThread: android.app.ServiceConnectionLeaked: Service com.android.exchange.ExchangeService has leaked ServiceConnection com.android.emailcommon.service.ServiceProxy$ProxyConnection@41dc48c8 that was originally bound here
08-29 01:25:22.231 22760 22760 E ActivityThread: 	at android.app.LoadedApk$ServiceDispatcher.<init>(LoadedApk.java:969)
08-29 01:25:22.231 22760 22760 E ActivityThread: 	at android.app.LoadedApk.getServiceDispatcher(LoadedApk.java:863)
08-29 01:25:22.231 22760 22760 E ActivityThread: 	at android.app.ContextImpl.bindService(ContextImpl.java:1424)
08-29 01:25:22.231 22760 22760 E ActivityThread: 	at android.app.ContextImpl.bindService(ContextImpl.java:1413)
08-29 01:25:22.231 22760 22760 E ActivityThread: 	at android.content.ContextWrapper.bindService(ContextWrapper.java:473)
08-29 01:25:22.231 22760 22760 E ActivityThread: 	at com.android.emailcommon.service.ServiceProxy.setTask(ServiceProxy.java:157)
08-29 01:25:22.231 22760 22760 E ActivityThread: 	at com.android.emailcommon.service.ServiceProxy.setTask(ServiceProxy.java:145)
08-29 01:25:22.231 22760 22760 E ActivityThread: 	at com.android.emailcommon.service.ServiceProxy.test(ServiceProxy.java:191)
08-29 01:25:22.231 22760 22760 E ActivityThread: 	at com.android.exchange.ExchangeService$7.run(ExchangeService.java:1850)
08-29 01:25:22.231 22760 22760 E ActivityThread: 	at com.android.emailcommon.utility.Utility$2.doInBackground(Utility.java:551)
08-29 01:25:22.231 22760 22760 E ActivityThread: 	at com.android.emailcommon.utility.Utility$2.doInBackground(Utility.java:549)
08-29 01:25:22.231 22760 22760 E ActivityThread: 	at android.os.AsyncTask$2.call(AsyncTask.java:287)
08-29 01:25:22.231 22760 22760 E ActivityThread: 	at java.util.concurrent.FutureTask.run(FutureTask.java:234)
08-29 01:25:22.231 22760 22760 E ActivityThread: 	at java.util.concurrent.ThreadPoolExecutor.runWorker(ThreadPoolExecutor.java:1080)
08-29 01:25:22.231 22760 22760 E ActivityThread: 	at java.util.concurrent.ThreadPoolExecutor$Worker.run(ThreadPoolExecutor.java:573)
08-29 01:25:22.231 22760 22760 E ActivityThread: 	at java.lang.Thread.run(Thread.java:856)
08-29 01:25:22.241 22195 22320 W ActivityManager: Unbind failed: could not find connection for android.os.BinderProxy@41ef6ec0
08-29 01:26:12.224 22195 22477 W ActivityManager: Unable to start service Intent { act=com.android.email.ACCOUNT_INTENT } U=0: not found
08-29 01:26:12.224 22760 22760 E ActivityThread: Service com.android.exchange.ExchangeService has leaked ServiceConnection com.android.emailcommon.service.ServiceProxy$ProxyConnection@41debcb8 that was originally bound here
08-29 01:26:12.224 22760 22760 E ActivityThread: android.app.ServiceConnectionLeaked: Service com.android.exchange.ExchangeService has leaked ServiceConnection com.android.emailcommon.service.ServiceProxy$ProxyConnection@41debcb8 that was originally bound here
08-29 01:26:12.224 22760 22760 E ActivityThread: 	at android.app.LoadedApk$ServiceDispatcher.<init>(LoadedApk.java:969)
08-29 01:26:12.224 22760 22760 E ActivityThread: 	at android.app.LoadedApk.getServiceDispatcher(LoadedApk.java:863)
08-29 01:26:12.224 22760 22760 E ActivityThread: 	at android.app.ContextImpl.bindService(ContextImpl.java:1424)
08-29 01:26:12.224 22760 22760 E ActivityThread: 	at android.app.ContextImpl.bindService(ContextImpl.java:1413)
08-29 01:26:12.224 22760 22760 E ActivityThread: 	at android.content.ContextWrapper.bindService(ContextWrapper.java:473)
08-29 01:26:12.224 22760 22760 E ActivityThread: 	at com.android.emailcommon.service.ServiceProxy.setTask(ServiceProxy.java:157)
08-29 01:26:12.224 22760 22760 E ActivityThread: 	at com.android.emailcommon.service.ServiceProxy.setTask(ServiceProxy.java:145)
08-29 01:26:12.224 22760 22760 E ActivityThread: 	at com.android.emailcommon.service.ServiceProxy.test(ServiceProxy.java:191)
08-29 01:26:12.224 22760 22760 E ActivityThread: 	at com.android.exchange.ExchangeService$7.run(ExchangeService.java:1850)
08-29 01:26:12.224 22760 22760 E ActivityThread: 	at com.android.emailcommon.utility.Utility$2.doInBackground(Utility.java:551)
08-29 01:26:12.224 22760 22760 E ActivityThread: 	at com.android.emailcommon.utility.Utility$2.doInBackground(Utility.java:549)
08-29 01:26:12.224 22760 22760 E ActivityThread: 	at android.os.AsyncTask$2.call(AsyncTask.java:287)
08-29 01:26:12.224 22760 22760 E ActivityThread: 	at java.util.concurrent.FutureTask.run(FutureTask.java:234)
08-29 01:26:12.224 22760 22760 E ActivityThread: 	at java.util.concurrent.ThreadPoolExecutor.runWorker(ThreadPoolExecutor.java:1080)
08-29 01:26:12.224 22760 22760 E ActivityThread: 	at java.util.concurrent.ThreadPoolExecutor$Worker.run(ThreadPoolExecutor.java:573)
08-29 01:26:12.224 22760 22760 E ActivityThread: 	at java.lang.Thread.run(Thread.java:856)
08-29 01:26:12.234 22195 22207 W ActivityManager: Unable to start service Intent { act=com.android.email.ACCOUNT_INTENT } U=0: not found
08-29 01:26:12.234 22195 22319 W ActivityManager: Unbind failed: could not find connection for android.os.BinderProxy@420deab8
08-29 01:27:02.268 22195 22320 W ActivityManager: Unable to start service Intent { act=com.android.email.ACCOUNT_INTENT } U=0: not found
08-29 01:27:02.278 22760 22760 E ActivityThread: Service com.android.exchange.ExchangeService has leaked ServiceConnection com.android.emailcommon.service.ServiceProxy$ProxyConnection@41ddad60 that was originally bound here
08-29 01:27:02.278 22760 22760 E ActivityThread: android.app.ServiceConnectionLeaked: Service com.android.exchange.ExchangeService has leaked ServiceConnection com.android.emailcommon.service.ServiceProxy$ProxyConnection@41ddad60 that was originally bound here
08-29 01:27:02.278 22760 22760 E ActivityThread: 	at android.app.LoadedApk$ServiceDispatcher.<init>(LoadedApk.java:969)
08-29 01:27:02.278 22760 22760 E ActivityThread: 	at android.app.LoadedApk.getServiceDispatcher(LoadedApk.java:863)
08-29 01:27:02.278 22760 22760 E ActivityThread: 	at android.app.ContextImpl.bindService(ContextImpl.java:1424)
08-29 01:27:02.278 22760 22760 E ActivityThread: 	at android.app.ContextImpl.bindService(ContextImpl.java:1413)
08-29 01:27:02.278 22760 22760 E ActivityThread: 	at android.content.ContextWrapper.bindService(ContextWrapper.java:473)
08-29 01:27:02.278 22760 22760 E ActivityThread: 	at com.android.emailcommon.service.ServiceProxy.setTask(ServiceProxy.java:157)
08-29 01:27:02.278 22760 22760 E ActivityThread: 	at com.android.emailcommon.service.ServiceProxy.setTask(ServiceProxy.java:145)
08-29 01:27:02.278 22760 22760 E ActivityThread: 	at com.android.emailcommon.service.ServiceProxy.test(ServiceProxy.java:191)
08-29 01:27:02.278 22760 22760 E ActivityThread: 	at com.android.exchange.ExchangeService$7.run(ExchangeService.java:1850)
08-29 01:27:02.278 22760 22760 E ActivityThread: 	at com.android.emailcommon.utility.Utility$2.doInBackground(Utility.java:551)
08-29 01:27:02.278 22760 22760 E ActivityThread: 	at com.android.emailcommon.utility.Utility$2.doInBackground(Utility.java:549)
08-29 01:27:02.278 22760 22760 E ActivityThread: 	at android.os.AsyncTask$2.call(AsyncTask.java:287)
08-29 01:27:02.278 22760 22760 E ActivityThread: 	at java.util.concurrent.FutureTask.run(FutureTask.java:234)
08-29 01:27:02.278 22760 22760 E ActivityThread: 	at java.util.concurrent.ThreadPoolExecutor.runWorker(ThreadPoolExecutor.java:1080)
08-29 01:27:02.278 22760 22760 E ActivityThread: 	at java.util.concurrent.ThreadPoolExecutor$Worker.run(ThreadPoolExecutor.java:573)
08-29 01:27:02.278 22760 22760 E ActivityThread: 	at java.lang.Thread.run(Thread.java:856)
08-29 01:27:02.288 22195 22319 W ActivityManager: Unable to start service Intent { act=com.android.email.ACCOUNT_INTENT } U=0: not found
08-29 01:27:02.288 22195 22195 W ActivityManager: Unbind failed: could not find connection for android.os.BinderProxy@424aa828
08-29 01:27:52.321 22195 23453 W ActivityManager: Unable to start service Intent { act=com.android.email.ACCOUNT_INTENT } U=0: not found
08-29 01:27:52.331 22195 10834 W ActivityManager: Unable to start service Intent { act=com.android.email.ACCOUNT_INTENT } U=0: not found
08-29 01:27:52.331 22760 22760 E ActivityThread: Service com.android.exchange.ExchangeService has leaked ServiceConnection com.android.emailcommon.service.ServiceProxy$ProxyConnection@41e60328 that was originally bound here
08-29 01:27:52.331 22760 22760 E ActivityThread: android.app.ServiceConnectionLeaked: Service com.android.exchange.ExchangeService has leaked ServiceConnection com.android.emailcommon.service.ServiceProxy$ProxyConnection@41e60328 that was originally bound here
08-29 01:27:52.331 22760 22760 E ActivityThread: 	at android.app.LoadedApk$ServiceDispatcher.<init>(LoadedApk.java:969)
08-29 01:27:52.331 22760 22760 E ActivityThread: 	at android.app.LoadedApk.getServiceDispatcher(LoadedApk.java:863)
08-29 01:27:52.331 22760 22760 E ActivityThread: 	at android.app.ContextImpl.bindService(ContextImpl.java:1424)
08-29 01:27:52.331 22760 22760 E ActivityThread: 	at android.app.ContextImpl.bindService(ContextImpl.java:1413)
08-29 01:27:52.331 22760 22760 E ActivityThread: 	at android.content.ContextWrapper.bindService(ContextWrapper.java:473)
08-29 01:27:52.331 22760 22760 E ActivityThread: 	at com.android.emailcommon.service.ServiceProxy.setTask(ServiceProxy.java:157)
08-29 01:27:52.331 22760 22760 E ActivityThread: 	at com.android.emailcommon.service.ServiceProxy.setTask(ServiceProxy.java:145)
08-29 01:27:52.331 22760 22760 E ActivityThread: 	at com.android.emailcommon.service.ServiceProxy.test(ServiceProxy.java:191)
08-29 01:27:52.331 22760 22760 E ActivityThread: 	at com.android.exchange.ExchangeService$7.run(ExchangeService.java:1850)
08-29 01:27:52.331 22760 22760 E ActivityThread: 	at com.android.emailcommon.utility.Utility$2.doInBackground(Utility.java:551)
08-29 01:27:52.331 22760 22760 E ActivityThread: 	at com.android.emailcommon.utility.Utility$2.doInBackground(Utility.java:549)
08-29 01:27:52.331 22760 22760 E ActivityThread: 	at android.os.AsyncTask$2.call(AsyncTask.java:287)
08-29 01:27:52.331 22760 22760 E ActivityThread: 	at java.util.concurrent.FutureTask.run(FutureTask.java:234)
08-29 01:27:52.331 22760 22760 E ActivityThread: 	at java.util.concurrent.ThreadPoolExecutor.runWorker(ThreadPoolExecutor.java:1080)
08-29 01:27:52.331 22760 22760 E ActivityThread: 	at java.util.concurrent.ThreadPoolExecutor$Worker.run(ThreadPoolExecutor.java:573)
08-29 01:27:52.331 22760 22760 E ActivityThread: 	at java.lang.Thread.run(Thread.java:856)
08-29 01:27:52.341 22195 22207 W ActivityManager: Unbind failed: could not find connection for android.os.BinderProxy@42485ef8
08-29 01:28:42.365 22195 22320 W ActivityManager: Unable to start service Intent { act=com.android.email.ACCOUNT_INTENT } U=0: not found
08-29 01:28:42.375 22760 22760 E ActivityThread: Service com.android.exchange.ExchangeService has leaked ServiceConnection com.android.emailcommon.service.ServiceProxy$ProxyConnection@41da5a58 that was originally bound here
08-29 01:28:42.375 22760 22760 E ActivityThread: android.app.ServiceConnectionLeaked: Service com.android.exchange.ExchangeService has leaked ServiceConnection com.android.emailcommon.service.ServiceProxy$ProxyConnection@41da5a58 that was originally bound here
08-29 01:28:42.375 22760 22760 E ActivityThread: 	at android.app.LoadedApk$ServiceDispatcher.<init>(LoadedApk.java:969)
08-29 01:28:42.375 22760 22760 E ActivityThread: 	at android.app.LoadedApk.getServiceDispatcher(LoadedApk.java:863)
08-29 01:28:42.375 22760 22760 E ActivityThread: 	at android.app.ContextImpl.bindService(ContextImpl.java:1424)
08-29 01:28:42.375 22760 22760 E ActivityThread: 	at android.app.ContextImpl.bindService(ContextImpl.java:1413)
08-29 01:28:42.375 22760 22760 E ActivityThread: 	at android.content.ContextWrapper.bindService(ContextWrapper.java:473)
08-29 01:28:42.375 22760 22760 E ActivityThread: 	at com.android.emailcommon.service.ServiceProxy.setTask(ServiceProxy.java:157)
08-29 01:28:42.375 22760 22760 E ActivityThread: 	at com.android.emailcommon.service.ServiceProxy.setTask(ServiceProxy.java:145)
08-29 01:28:42.375 22760 22760 E ActivityThread: 	at com.android.emailcommon.service.ServiceProxy.test(ServiceProxy.java:191)
08-29 01:28:42.375 22760 22760 E ActivityThread: 	at com.android.exchange.ExchangeService$7.run(ExchangeService.java:1850)
08-29 01:28:42.375 22760 22760 E ActivityThread: 	at com.android.emailcommon.utility.Utility$2.doInBackground(Utility.java:551)
08-29 01:28:42.375 22760 22760 E ActivityThread: 	at com.android.emailcommon.utility.Utility$2.doInBackground(Utility.java:549)
08-29 01:28:42.375 22760 22760 E ActivityThread: 	at android.os.AsyncTask$2.call(AsyncTask.java:287)
08-29 01:28:42.375 22760 22760 E ActivityThread: 	at java.util.concurrent.FutureTask.run(FutureTask.java:234)
08-29 01:28:42.375 22760 22760 E ActivityThread: 	at java.util.concurrent.ThreadPoolExecutor.runWorker(ThreadPoolExecutor.java:1080)
08-29 01:28:42.375 22760 22760 E ActivityThread: 	at java.util.concurrent.ThreadPoolExecutor$Worker.run(ThreadPoolExecutor.java:573)
08-29 01:28:42.375 22760 22760 E ActivityThread: 	at java.lang.Thread.run(Thread.java:856)
08-29 01:28:42.375 22195 22513 W ActivityManager: Unable to start service Intent { act=com.android.email.ACCOUNT_INTENT } U=0: not found
08-29 01:28:42.375 22195 22512 W ActivityManager: Unbind failed: could not find connection for android.os.BinderProxy@424be608
08-29 01:28:42.375 22760 22760 E ActivityThread: Service com.android.exchange.ExchangeService has leaked ServiceConnection com.android.emailcommon.service.ServiceProxy$ProxyConnection@41e12eb8 that was originally bound here
08-29 01:28:42.375 22760 22760 E ActivityThread: android.app.ServiceConnectionLeaked: Service com.android.exchange.ExchangeService has leaked ServiceConnection com.android.emailcommon.service.ServiceProxy$ProxyConnection@41e12eb8 that was originally bound here
08-29 01:28:42.375 22760 22760 E ActivityThread: 	at android.app.LoadedApk$ServiceDispatcher.<init>(LoadedApk.java:969)
08-29 01:28:42.375 22760 22760 E ActivityThread: 	at android.app.LoadedApk.getServiceDispatcher(LoadedApk.java:863)
08-29 01:28:42.375 22760 22760 E ActivityThread: 	at android.app.ContextImpl.bindService(ContextImpl.java:1424)
08-29 01:28:42.375 22760 22760 E ActivityThread: 	at android.app.ContextImpl.bindService(ContextImpl.java:1413)
08-29 01:28:42.375 22760 22760 E ActivityThread: 	at android.content.ContextWrapper.bindService(ContextWrapper.java:473)
08-29 01:28:42.375 22760 22760 E ActivityThread: 	at com.android.emailcommon.service.ServiceProxy.setTask(ServiceProxy.java:157)
08-29 01:28:42.375 22760 22760 E ActivityThread: 	at com.android.emailcommon.service.ServiceProxy.setTask(ServiceProxy.java:145)
08-29 01:28:42.375 22760 22760 E ActivityThread: 	at com.android.emailcommon.service.AccountServiceProxy.getDeviceId(AccountServiceProxy.java:116)
08-29 01:28:42.375 22760 22760 E ActivityThread: 	at com.android.exchange.ExchangeService.getDeviceId(ExchangeService.java:1249)
08-29 01:28:42.375 22760 22760 E ActivityThread: 	at com.android.exchange.ExchangeService$7.run(ExchangeService.java:1856)
08-29 01:28:42.375 22760 22760 E ActivityThread: 	at com.android.emailcommon.utility.Utility$2.doInBackground(Utility.java:551)
08-29 01:28:42.375 22760 22760 E ActivityThread: 	at com.android.emailcommon.utility.Utility$2.doInBackground(Utility.java:549)
08-29 01:28:42.375 22760 22760 E ActivityThread: 	at android.os.AsyncTask$2.call(AsyncTask.java:287)
08-29 01:28:42.375 22760 22760 E ActivityThread: 	at java.util.concurrent.FutureTask.run(FutureTask.java:234)
08-29 01:28:42.375 22760 22760 E ActivityThread: 	at java.util.concurrent.ThreadPoolExecutor.runWorker(ThreadPoolExecutor.java:1080)
08-29 01:28:42.375 22760 22760 E ActivityThread: 	at java.util.concurrent.ThreadPoolExecutor$Worker.run(ThreadPoolExecutor.java:573)
08-29 01:28:42.375 22760 22760 E ActivityThread: 	at java.lang.Thread.run(Thread.java:856)
08-29 01:28:42.385 22195 23437 W ActivityManager: Unbind failed: could not find connection for android.os.BinderProxy@424beec8
08-29 01:29:32.408 22195 22478 W ActivityManager: Unable to start service Intent { act=com.android.email.ACCOUNT_INTENT } U=0: not found
08-29 01:29:32.408 22760 22760 E ActivityThread: Service com.android.exchange.ExchangeService has leaked ServiceConnection com.android.emailcommon.service.ServiceProxy$ProxyConnection@41e05d80 that was originally bound here
08-29 01:29:32.408 22760 22760 E ActivityThread: android.app.ServiceConnectionLeaked: Service com.android.exchange.ExchangeService has leaked ServiceConnection com.android.emailcommon.service.ServiceProxy$ProxyConnection@41e05d80 that was originally bound here
08-29 01:29:32.408 22760 22760 E ActivityThread: 	at android.app.LoadedApk$ServiceDispatcher.<init>(LoadedApk.java:969)
08-29 01:29:32.408 22760 22760 E ActivityThread: 	at android.app.LoadedApk.getServiceDispatcher(LoadedApk.java:863)
08-29 01:29:32.408 22760 22760 E ActivityThread: 	at android.app.ContextImpl.bindService(ContextImpl.java:1424)
08-29 01:29:32.408 22760 22760 E ActivityThread: 	at android.app.ContextImpl.bindService(ContextImpl.java:1413)
08-29 01:29:32.408 22760 22760 E ActivityThread: 	at android.content.ContextWrapper.bindService(ContextWrapper.java:473)
08-29 01:29:32.408 22760 22760 E ActivityThread: 	at com.android.emailcommon.service.ServiceProxy.setTask(ServiceProxy.java:157)
08-29 01:29:32.408 22760 22760 E ActivityThread: 	at com.android.emailcommon.service.ServiceProxy.setTask(ServiceProxy.java:145)
08-29 01:29:32.408 22760 22760 E ActivityThread: 	at com.android.emailcommon.service.ServiceProxy.test(ServiceProxy.java:191)
08-29 01:29:32.408 22760 22760 E ActivityThread: 	at com.android.exchange.ExchangeService$7.run(ExchangeService.java:1850)
08-29 01:29:32.408 22760 22760 E ActivityThread: 	at com.android.emailcommon.utility.Utility$2.doInBackground(Utility.java:551)
08-29 01:29:32.408 22760 22760 E ActivityThread: 	at com.android.emailcommon.utility.Utility$2.doInBackground(Utility.java:549)
08-29 01:29:32.408 22760 22760 E ActivityThread: 	at android.os.AsyncTask$2.call(AsyncTask.java:287)
08-29 01:29:32.408 22760 22760 E ActivityThread: 	at java.util.concurrent.FutureTask.run(FutureTask.java:234)
08-29 01:29:32.408 22760 22760 E ActivityThread: 	at java.util.concurrent.ThreadPoolExecutor.runWorker(ThreadPoolExecutor.java:1080)
08-29 01:29:32.408 22760 22760 E ActivityThread: 	at java.util.concurrent.ThreadPoolExecutor$Worker.run(ThreadPoolExecutor.java:573)
08-29 01:29:32.408 22760 22760 E ActivityThread: 	at java.lang.Thread.run(Thread.java:856)
08-29 01:29:32.418 22195 22206 W ActivityManager: Unbind failed: could not find connection for android.os.BinderProxy@4265ba58
08-29 01:29:32.418 22195 22320 W ActivityManager: Unable to start service Intent { act=com.android.email.ACCOUNT_INTENT } U=0: not found
08-29 01:29:57.475 22195 22258 D ConnectivityService: Captive portal check NetworkInfo: type: WIFI[], state: CONNECTING/CAPTIVE_PORTAL_CHECK, reason: (unspecified), extra: "nesl5", roaming: false, failover: false, isAvailable: true
08-29 01:29:57.475 22195 22258 D ConnectivityService: Captive portal check NetworkInfo: type: WIFI[], state: CONNECTING/CAPTIVE_PORTAL_CHECK, reason: (unspecified), extra: "nesl5", roaming: false, failover: false, isAvailable: true
08-29 01:29:57.495 22195 22258 D ConnectivityService: ConnectivityChange for WIFI: CONNECTED/CONNECTED
08-29 01:29:57.505 22195 22258 D ConnectivityService: handleConnectivityChange: address are the same reset per doReset linkProperty[1]: resetMask=0
08-29 01:29:57.525 22195 22258 D ConnectivityService: ConnectivityChange for WIFI: CONNECTED/CONNECTED
08-29 01:29:57.525 22195 22258 D ConnectivityService: handleConnectivityChange: address are the same reset per doReset linkProperty[1]: resetMask=0
08-29 01:29:58.496 22195 22258 D ConnectivityService: NetTransition Wakelock for WifiStateMachine released by timeout
08-29 01:30:22.441 22195  8366 W ActivityManager: Unable to start service Intent { act=com.android.email.ACCOUNT_INTENT } U=0: not found
08-29 01:30:22.451 22195 22206 W ActivityManager: Unable to start service Intent { act=com.android.email.ACCOUNT_INTENT } U=0: not found
08-29 01:30:22.461 22760 22760 E ActivityThread: Service com.android.exchange.ExchangeService has leaked ServiceConnection com.android.emailcommon.service.ServiceProxy$ProxyConnection@41deb9a8 that was originally bound here
08-29 01:30:22.461 22760 22760 E ActivityThread: android.app.ServiceConnectionLeaked: Service com.android.exchange.ExchangeService has leaked ServiceConnection com.android.emailcommon.service.ServiceProxy$ProxyConnection@41deb9a8 that was originally bound here
08-29 01:30:22.461 22760 22760 E ActivityThread: 	at android.app.LoadedApk$ServiceDispatcher.<init>(LoadedApk.java:969)
08-29 01:30:22.461 22760 22760 E ActivityThread: 	at android.app.LoadedApk.getServiceDispatcher(LoadedApk.java:863)
08-29 01:30:22.461 22760 22760 E ActivityThread: 	at android.app.ContextImpl.bindService(ContextImpl.java:1424)
08-29 01:30:22.461 22760 22760 E ActivityThread: 	at android.app.ContextImpl.bindService(ContextImpl.java:1413)
08-29 01:30:22.461 22760 22760 E ActivityThread: 	at android.content.ContextWrapper.bindService(ContextWrapper.java:473)
08-29 01:30:22.461 22760 22760 E ActivityThread: 	at com.android.emailcommon.service.ServiceProxy.setTask(ServiceProxy.java:157)
08-29 01:30:22.461 22760 22760 E ActivityThread: 	at com.android.emailcommon.service.ServiceProxy.setTask(ServiceProxy.java:145)
08-29 01:30:22.461 22760 22760 E ActivityThread: 	at com.android.emailcommon.service.AccountServiceProxy.getDeviceId(AccountServiceProxy.java:116)
08-29 01:30:22.461 22760 22760 E ActivityThread: 	at com.android.exchange.ExchangeService.getDeviceId(ExchangeService.java:1249)
08-29 01:30:22.461 22760 22760 E ActivityThread: 	at com.android.exchange.ExchangeService$7.run(ExchangeService.java:1856)
08-29 01:30:22.461 22760 22760 E ActivityThread: 	at com.android.emailcommon.utility.Utility$2.doInBackground(Utility.java:551)
08-29 01:30:22.461 22760 22760 E ActivityThread: 	at com.android.emailcommon.utility.Utility$2.doInBackground(Utility.java:549)
08-29 01:30:22.461 22760 22760 E ActivityThread: 	at android.os.AsyncTask$2.call(AsyncTask.java:287)
08-29 01:30:22.461 22760 22760 E ActivityThread: 	at java.util.concurrent.FutureTask.run(FutureTask.java:234)
08-29 01:30:22.461 22760 22760 E ActivityThread: 	at java.util.concurrent.ThreadPoolExecutor.runWorker(ThreadPoolExecutor.java:1080)
08-29 01:30:22.461 22760 22760 E ActivityThread: 	at java.util.concurrent.ThreadPoolExecutor$Worker.run(ThreadPoolExecutor.java:573)
08-29 01:30:22.461 22760 22760 E ActivityThread: 	at java.lang.Thread.run(Thread.java:856)
08-29 01:30:22.471 22195 22320 W ActivityManager: Unbind failed: could not find connection for android.os.BinderProxy@41f55568
08-29 01:30:22.471 22760 22760 E ActivityThread: Service com.android.exchange.ExchangeService has leaked ServiceConnection com.android.emailcommon.service.ServiceProxy$ProxyConnection@41de02f8 that was originally bound here
08-29 01:30:22.471 22760 22760 E ActivityThread: android.app.ServiceConnectionLeaked: Service com.android.exchange.ExchangeService has leaked ServiceConnection com.android.emailcommon.service.ServiceProxy$ProxyConnection@41de02f8 that was originally bound here
08-29 01:30:22.471 22760 22760 E ActivityThread: 	at android.app.LoadedApk$ServiceDispatcher.<init>(LoadedApk.java:969)
08-29 01:30:22.471 22760 22760 E ActivityThread: 	at android.app.LoadedApk.getServiceDispatcher(LoadedApk.java:863)
08-29 01:30:22.471 22760 22760 E ActivityThread: 	at android.app.ContextImpl.bindService(ContextImpl.java:1424)
08-29 01:30:22.471 22760 22760 E ActivityThread: 	at android.app.ContextImpl.bindService(ContextImpl.java:1413)
08-29 01:30:22.471 22760 22760 E ActivityThread: 	at android.content.ContextWrapper.bindService(ContextWrapper.java:473)
08-29 01:30:22.471 22760 22760 E ActivityThread: 	at com.android.emailcommon.service.ServiceProxy.setTask(ServiceProxy.java:157)
08-29 01:30:22.471 22760 22760 E ActivityThread: 	at com.android.emailcommon.service.ServiceProxy.setTask(ServiceProxy.java:145)
08-29 01:30:22.471 22760 22760 E ActivityThread: 	at com.android.emailcommon.service.ServiceProxy.test(ServiceProxy.java:191)
08-29 01:30:22.471 22760 22760 E ActivityThread: 	at com.android.exchange.ExchangeService$7.run(ExchangeService.java:1850)
08-29 01:30:22.471 22760 22760 E ActivityThread: 	at com.android.emailcommon.utility.Utility$2.doInBackground(Utility.java:551)
08-29 01:30:22.471 22760 22760 E ActivityThread: 	at com.android.emailcommon.utility.Utility$2.doInBackground(Utility.java:549)
08-29 01:30:22.471 22760 22760 E ActivityThread: 	at android.os.AsyncTask$2.call(AsyncTask.java:287)
08-29 01:30:22.471 22760 22760 E ActivityThread: 	at java.util.concurrent.FutureTask.run(FutureTask.java:234)
08-29 01:30:22.471 22760 22760 E ActivityThread: 	at java.util.concurrent.ThreadPoolExecutor.runWorker(ThreadPoolExecutor.java:1080)
08-29 01:30:22.471 22760 22760 E ActivityThread: 	at java.util.concurrent.ThreadPoolExecutor$Worker.run(ThreadPoolExecutor.java:573)
08-29 01:30:22.471 22760 22760 E ActivityThread: 	at java.lang.Thread.run(Thread.java:856)
08-29 01:30:22.481 22195 22195 W ActivityManager: Unbind failed: could not find connection for android.os.BinderProxy@41f58d98
08-29 01:31:12.475 22195 22477 W ActivityManager: Unable to start service Intent { act=com.android.email.ACCOUNT_INTENT } U=0: not found
08-29 01:31:12.485 22195 22319 W ActivityManager: Unable to start service Intent { act=com.android.email.ACCOUNT_INTENT } U=0: not found
08-29 01:31:12.485 22760 22760 E ActivityThread: Service com.android.exchange.ExchangeService has leaked ServiceConnection com.android.emailcommon.service.ServiceProxy$ProxyConnection@41e4ec08 that was originally bound here
08-29 01:31:12.485 22760 22760 E ActivityThread: android.app.ServiceConnectionLeaked: Service com.android.exchange.ExchangeService has leaked ServiceConnection com.android.emailcommon.service.ServiceProxy$ProxyConnection@41e4ec08 that was originally bound here
08-29 01:31:12.485 22760 22760 E ActivityThread: 	at android.app.LoadedApk$ServiceDispatcher.<init>(LoadedApk.java:969)
08-29 01:31:12.485 22760 22760 E ActivityThread: 	at android.app.LoadedApk.getServiceDispatcher(LoadedApk.java:863)
08-29 01:31:12.485 22760 22760 E ActivityThread: 	at android.app.ContextImpl.bindService(ContextImpl.java:1424)
08-29 01:31:12.485 22760 22760 E ActivityThread: 	at android.app.ContextImpl.bindService(ContextImpl.java:1413)
08-29 01:31:12.485 22760 22760 E ActivityThread: 	at android.content.ContextWrapper.bindService(ContextWrapper.java:473)
08-29 01:31:12.485 22760 22760 E ActivityThread: 	at com.android.emailcommon.service.ServiceProxy.setTask(ServiceProxy.java:157)
08-29 01:31:12.485 22760 22760 E ActivityThread: 	at com.android.emailcommon.service.ServiceProxy.setTask(ServiceProxy.java:145)
08-29 01:31:12.485 22760 22760 E ActivityThread: 	at com.android.emailcommon.service.ServiceProxy.test(ServiceProxy.java:191)
08-29 01:31:12.485 22760 22760 E ActivityThread: 	at com.android.exchange.ExchangeService$7.run(ExchangeService.java:1850)
08-29 01:31:12.485 22760 22760 E ActivityThread: 	at com.android.emailcommon.utility.Utility$2.doInBackground(Utility.java:551)
08-29 01:31:12.485 22760 22760 E ActivityThread: 	at com.android.emailcommon.utility.Utility$2.doInBackground(Utility.java:549)
08-29 01:31:12.485 22760 22760 E ActivityThread: 	at android.os.AsyncTask$2.call(AsyncTask.java:287)
08-29 01:31:12.485 22760 22760 E ActivityThread: 	at java.util.concurrent.FutureTask.run(FutureTask.java:234)
08-29 01:31:12.485 22760 22760 E ActivityThread: 	at java.util.concurrent.ThreadPoolExecutor.runWorker(ThreadPoolExecutor.java:1080)
08-29 01:31:12.485 22760 22760 E ActivityThread: 	at java.util.concurrent.ThreadPoolExecutor$Worker.run(ThreadPoolExecutor.java:573)
08-29 01:31:12.485 22760 22760 E ActivityThread: 	at java.lang.Thread.run(Thread.java:856)
08-29 01:31:12.495 22195 22207 W ActivityManager: Unbind failed: could not find connection for android.os.BinderProxy@420cbb58
08-29 01:31:12.505 22760 22760 E ActivityThread: Service com.android.exchange.ExchangeService has leaked ServiceConnection com.android.emailcommon.service.ServiceProxy$ProxyConnection@41e472f0 that was originally bound here
08-29 01:31:12.505 22760 22760 E ActivityThread: android.app.ServiceConnectionLeaked: Service com.android.exchange.ExchangeService has leaked ServiceConnection com.android.emailcommon.service.ServiceProxy$ProxyConnection@41e472f0 that was originally bound here
08-29 01:31:12.505 22760 22760 E ActivityThread: 	at android.app.LoadedApk$ServiceDispatcher.<init>(LoadedApk.java:969)
08-29 01:31:12.505 22760 22760 E ActivityThread: 	at android.app.LoadedApk.getServiceDispatcher(LoadedApk.java:863)
08-29 01:31:12.505 22760 22760 E ActivityThread: 	at android.app.ContextImpl.bindService(ContextImpl.java:1424)
08-29 01:31:12.505 22760 22760 E ActivityThread: 	at android.app.ContextImpl.bindService(ContextImpl.java:1413)
08-29 01:31:12.505 22760 22760 E ActivityThread: 	at android.content.ContextWrapper.bindService(ContextWrapper.java:473)
08-29 01:31:12.505 22760 22760 E ActivityThread: 	at com.android.emailcommon.service.ServiceProxy.setTask(ServiceProxy.java:157)
08-29 01:31:12.505 22760 22760 E ActivityThread: 	at com.android.emailcommon.service.ServiceProxy.setTask(ServiceProxy.java:145)
08-29 01:31:12.505 22760 22760 E ActivityThread: 	at com.android.emailcommon.service.AccountServiceProxy.getDeviceId(AccountServiceProxy.java:116)
08-29 01:31:12.505 22760 22760 E ActivityThread: 	at com.android.exchange.ExchangeService.getDeviceId(ExchangeService.java:1249)
08-29 01:31:12.505 22760 22760 E ActivityThread: 	at com.android.exchange.ExchangeService$7.run(ExchangeService.java:1856)
08-29 01:31:12.505 22760 22760 E ActivityThread: 	at com.android.emailcommon.utility.Utility$2.doInBackground(Utility.java:551)
08-29 01:31:12.505 22760 22760 E ActivityThread: 	at com.android.emailcommon.utility.Utility$2.doInBackground(Utility.java:549)
08-29 01:31:12.505 22760 22760 E ActivityThread: 	at android.os.AsyncTask$2.call(AsyncTask.java:287)
08-29 01:31:12.505 22760 22760 E ActivityThread: 	at java.util.concurrent.FutureTask.run(FutureTask.java:234)
08-29 01:31:12.505 22760 22760 E ActivityThread: 	at java.util.concurrent.ThreadPoolExecutor.runWorker(ThreadPoolExecutor.java:1080)
08-29 01:31:12.505 22760 22760 E ActivityThread: 	at java.util.concurrent.ThreadPoolExecutor$Worker.run(ThreadPoolExecutor.java:573)
08-29 01:31:12.505 22760 22760 E ActivityThread: 	at java.lang.Thread.run(Thread.java:856)
08-29 01:31:12.525 22195 22493 W ActivityManager: Unbind failed: could not find connection for android.os.BinderProxy@420f5368
08-29 01:32:02.518 22195 22513 W ActivityManager: Unable to start service Intent { act=com.android.email.ACCOUNT_INTENT } U=0: not found
08-29 01:32:02.528 22760 22760 E ActivityThread: Service com.android.exchange.ExchangeService has leaked ServiceConnection com.android.emailcommon.service.ServiceProxy$ProxyConnection@41de00c0 that was originally bound here
08-29 01:32:02.528 22760 22760 E ActivityThread: android.app.ServiceConnectionLeaked: Service com.android.exchange.ExchangeService has leaked ServiceConnection com.android.emailcommon.service.ServiceProxy$ProxyConnection@41de00c0 that was originally bound here
08-29 01:32:02.528 22760 22760 E ActivityThread: 	at android.app.LoadedApk$ServiceDispatcher.<init>(LoadedApk.java:969)
08-29 01:32:02.528 22760 22760 E ActivityThread: 	at android.app.LoadedApk.getServiceDispatcher(LoadedApk.java:863)
08-29 01:32:02.528 22760 22760 E ActivityThread: 	at android.app.ContextImpl.bindService(ContextImpl.java:1424)
08-29 01:32:02.528 22760 22760 E ActivityThread: 	at android.app.ContextImpl.bindService(ContextImpl.java:1413)
08-29 01:32:02.528 22760 22760 E ActivityThread: 	at android.content.ContextWrapper.bindService(ContextWrapper.java:473)
08-29 01:32:02.528 22760 22760 E ActivityThread: 	at com.android.emailcommon.service.ServiceProxy.setTask(ServiceProxy.java:157)
08-29 01:32:02.528 22760 22760 E ActivityThread: 	at com.android.emailcommon.service.ServiceProxy.setTask(ServiceProxy.java:145)
08-29 01:32:02.528 22760 22760 E ActivityThread: 	at com.android.emailcommon.service.ServiceProxy.test(ServiceProxy.java:191)
08-29 01:32:02.528 22760 22760 E ActivityThread: 	at com.android.exchange.ExchangeService$7.run(ExchangeService.java:1850)
08-29 01:32:02.528 22760 22760 E ActivityThread: 	at com.android.emailcommon.utility.Utility$2.doInBackground(Utility.java:551)
08-29 01:32:02.528 22760 22760 E ActivityThread: 	at com.android.emailcommon.utility.Utility$2.doInBackground(Utility.java:549)
08-29 01:32:02.528 22760 22760 E ActivityThread: 	at android.os.AsyncTask$2.call(AsyncTask.java:287)
08-29 01:32:02.528 22760 22760 E ActivityThread: 	at java.util.concurrent.FutureTask.run(FutureTask.java:234)
08-29 01:32:02.528 22760 22760 E ActivityThread: 	at java.util.concurrent.ThreadPoolExecutor.runWorker(ThreadPoolExecutor.java:1080)
08-29 01:32:02.528 22760 22760 E ActivityThread: 	at java.util.concurrent.ThreadPoolExecutor$Worker.run(ThreadPoolExecutor.java:573)
08-29 01:32:02.528 22760 22760 E ActivityThread: 	at java.lang.Thread.run(Thread.java:856)
08-29 01:32:02.528 22195  8366 W ActivityManager: Unbind failed: could not find connection for android.os.BinderProxy@4218b620
08-29 01:32:02.528 22195 23453 W ActivityManager: Unable to start service Intent { act=com.android.email.ACCOUNT_INTENT } U=0: not found
08-29 01:32:52.562 22195 22493 W ActivityManager: Unable to start service Intent { act=com.android.email.ACCOUNT_INTENT } U=0: not found
08-29 01:32:52.572 22195 22207 W ActivityManager: Unable to start service Intent { act=com.android.email.ACCOUNT_INTENT } U=0: not found
08-29 01:32:52.572 22760 22760 E ActivityThread: Service com.android.exchange.ExchangeService has leaked ServiceConnection com.android.emailcommon.service.ServiceProxy$ProxyConnection@41e4f2d0 that was originally bound here
08-29 01:32:52.572 22760 22760 E ActivityThread: android.app.ServiceConnectionLeaked: Service com.android.exchange.ExchangeService has leaked ServiceConnection com.android.emailcommon.service.ServiceProxy$ProxyConnection@41e4f2d0 that was originally bound here
08-29 01:32:52.572 22760 22760 E ActivityThread: 	at android.app.LoadedApk$ServiceDispatcher.<init>(LoadedApk.java:969)
08-29 01:32:52.572 22760 22760 E ActivityThread: 	at android.app.LoadedApk.getServiceDispatcher(LoadedApk.java:863)
08-29 01:32:52.572 22760 22760 E ActivityThread: 	at android.app.ContextImpl.bindService(ContextImpl.java:1424)
08-29 01:32:52.572 22760 22760 E ActivityThread: 	at android.app.ContextImpl.bindService(ContextImpl.java:1413)
08-29 01:32:52.572 22760 22760 E ActivityThread: 	at android.content.ContextWrapper.bindService(ContextWrapper.java:473)
08-29 01:32:52.572 22760 22760 E ActivityThread: 	at com.android.emailcommon.service.ServiceProxy.setTask(ServiceProxy.java:157)
08-29 01:32:52.572 22760 22760 E ActivityThread: 	at com.android.emailcommon.service.ServiceProxy.setTask(ServiceProxy.java:145)
08-29 01:32:52.572 22760 22760 E ActivityThread: 	at com.android.emailcommon.service.ServiceProxy.test(ServiceProxy.java:191)
08-29 01:32:52.572 22760 22760 E ActivityThread: 	at com.android.exchange.ExchangeService$7.run(ExchangeService.java:1850)
08-29 01:32:52.572 22760 22760 E ActivityThread: 	at com.android.emailcommon.utility.Utility$2.doInBackground(Utility.java:551)
08-29 01:32:52.572 22760 22760 E ActivityThread: 	at com.android.emailcommon.utility.Utility$2.doInBackground(Utility.java:549)
08-29 01:32:52.572 22760 22760 E ActivityThread: 	at android.os.AsyncTask$2.call(AsyncTask.java:287)
08-29 01:32:52.572 22760 22760 E ActivityThread: 	at java.util.concurrent.FutureTask.run(FutureTask.java:234)
08-29 01:32:52.572 22760 22760 E ActivityThread: 	at java.util.concurrent.ThreadPoolExecutor.runWorker(ThreadPoolExecutor.java:1080)
08-29 01:32:52.572 22760 22760 E ActivityThread: 	at java.util.concurrent.ThreadPoolExecutor$Worker.run(ThreadPoolExecutor.java:573)
08-29 01:32:52.572 22760 22760 E ActivityThread: 	at java.lang.Thread.run(Thread.java:856)
08-29 01:32:52.582 22195 23437 W ActivityManager: Unbind failed: could not find connection for android.os.BinderProxy@420cd458
08-29 01:32:52.582 22760 22760 E ActivityThread: Service com.android.exchange.ExchangeService has leaked ServiceConnection com.android.emailcommon.service.ServiceProxy$ProxyConnection@41df9670 that was originally bound here
08-29 01:32:52.582 22760 22760 E ActivityThread: android.app.ServiceConnectionLeaked: Service com.android.exchange.ExchangeService has leaked ServiceConnection com.android.emailcommon.service.ServiceProxy$ProxyConnection@41df9670 that was originally bound here
08-29 01:32:52.582 22760 22760 E ActivityThread: 	at android.app.LoadedApk$ServiceDispatcher.<init>(LoadedApk.java:969)
08-29 01:32:52.582 22760 22760 E ActivityThread: 	at android.app.LoadedApk.getServiceDispatcher(LoadedApk.java:863)
08-29 01:32:52.582 22760 22760 E ActivityThread: 	at android.app.ContextImpl.bindService(ContextImpl.java:1424)
08-29 01:32:52.582 22760 22760 E ActivityThread: 	at android.app.ContextImpl.bindService(ContextImpl.java:1413)
08-29 01:32:52.582 22760 22760 E ActivityThread: 	at android.content.ContextWrapper.bindService(ContextWrapper.java:473)
08-29 01:32:52.582 22760 22760 E ActivityThread: 	at com.android.emailcommon.service.ServiceProxy.setTask(ServiceProxy.java:157)
08-29 01:32:52.582 22760 22760 E ActivityThread: 	at com.android.emailcommon.service.ServiceProxy.setTask(ServiceProxy.java:145)
08-29 01:32:52.582 22760 22760 E ActivityThread: 	at com.android.emailcommon.service.AccountServiceProxy.getDeviceId(AccountServiceProxy.java:116)
08-29 01:32:52.582 22760 22760 E ActivityThread: 	at com.android.exchange.ExchangeService.getDeviceId(ExchangeService.java:1249)
08-29 01:32:52.582 22760 22760 E ActivityThread: 	at com.android.exchange.ExchangeService$7.run(ExchangeService.java:1856)
08-29 01:32:52.582 22760 22760 E ActivityThread: 	at com.android.emailcommon.utility.Utility$2.doInBackground(Utility.java:551)
08-29 01:32:52.582 22760 22760 E ActivityThread: 	at com.android.emailcommon.utility.Utility$2.doInBackground(Utility.java:549)
08-29 01:32:52.582 22760 22760 E ActivityThread: 	at android.os.AsyncTask$2.call(AsyncTask.java:287)
08-29 01:32:52.582 22760 22760 E ActivityThread: 	at java.util.concurrent.FutureTask.run(FutureTask.java:234)
08-29 01:32:52.582 22760 22760 E ActivityThread: 	at java.util.concurrent.ThreadPoolExecutor.runWorker(ThreadPoolExecutor.java:1080)
08-29 01:32:52.582 22760 22760 E ActivityThread: 	at java.util.concurrent.ThreadPoolExecutor$Worker.run(ThreadPoolExecutor.java:573)
08-29 01:32:52.582 22760 22760 E ActivityThread: 	at java.lang.Thread.run(Thread.java:856)
08-29 01:32:52.592 22195  8366 W ActivityManager: Unbind failed: could not find connection for android.os.BinderProxy@42199898
08-29 01:33:41.274 22195 22427 W ThrottleService: unable to find stats for iface rmnet_usb0
08-29 01:33:42.575 22195 22207 W ActivityManager: Unable to start service Intent { act=com.android.email.ACCOUNT_INTENT } U=0: not found
08-29 01:33:42.585 22760 22760 E ActivityThread: Service com.android.exchange.ExchangeService has leaked ServiceConnection com.android.emailcommon.service.ServiceProxy$ProxyConnection@41df92f0 that was originally bound here
08-29 01:33:42.585 22760 22760 E ActivityThread: android.app.ServiceConnectionLeaked: Service com.android.exchange.ExchangeService has leaked ServiceConnection com.android.emailcommon.service.ServiceProxy$ProxyConnection@41df92f0 that was originally bound here
08-29 01:33:42.585 22760 22760 E ActivityThread: 	at android.app.LoadedApk$ServiceDispatcher.<init>(LoadedApk.java:969)
08-29 01:33:42.585 22760 22760 E ActivityThread: 	at android.app.LoadedApk.getServiceDispatcher(LoadedApk.java:863)
08-29 01:33:42.585 22760 22760 E ActivityThread: 	at android.app.ContextImpl.bindService(ContextImpl.java:1424)
08-29 01:33:42.585 22760 22760 E ActivityThread: 	at android.app.ContextImpl.bindService(ContextImpl.java:1413)
08-29 01:33:42.585 22760 22760 E ActivityThread: 	at android.content.ContextWrapper.bindService(ContextWrapper.java:473)
08-29 01:33:42.585 22760 22760 E ActivityThread: 	at com.android.emailcommon.service.ServiceProxy.setTask(ServiceProxy.java:157)
08-29 01:33:42.585 22760 22760 E ActivityThread: 	at com.android.emailcommon.service.ServiceProxy.setTask(ServiceProxy.java:145)
08-29 01:33:42.585 22760 22760 E ActivityThread: 	at com.android.emailcommon.service.ServiceProxy.test(ServiceProxy.java:191)
08-29 01:33:42.585 22760 22760 E ActivityThread: 	at com.android.exchange.ExchangeService$7.run(ExchangeService.java:1850)
08-29 01:33:42.585 22760 22760 E ActivityThread: 	at com.android.emailcommon.utility.Utility$2.doInBackground(Utility.java:551)
08-29 01:33:42.585 22760 22760 E ActivityThread: 	at com.android.emailcommon.utility.Utility$2.doInBackground(Utility.java:549)
08-29 01:33:42.585 22760 22760 E ActivityThread: 	at android.os.AsyncTask$2.call(AsyncTask.java:287)
08-29 01:33:42.585 22760 22760 E ActivityThread: 	at java.util.concurrent.FutureTask.run(FutureTask.java:234)
08-29 01:33:42.585 22760 22760 E ActivityThread: 	at java.util.concurrent.ThreadPoolExecutor.runWorker(ThreadPoolExecutor.java:1080)
08-29 01:33:42.585 22760 22760 E ActivityThread: 	at java.util.concurrent.ThreadPoolExecutor$Worker.run(ThreadPoolExecutor.java:573)
08-29 01:33:42.585 22760 22760 E ActivityThread: 	at java.lang.Thread.run(Thread.java:856)
08-29 01:33:42.585 22195 22478 W ActivityManager: Unable to start service Intent { act=com.android.email.ACCOUNT_INTENT } U=0: not found
08-29 01:33:42.595 22195 23453 W ActivityManager: Unbind failed: could not find connection for android.os.BinderProxy@422377a0
08-29 01:33:59.994 22195 22213 I ActivityManager: No longer want edu.ucla.cens.ambulation (pid 3887): empty for 1813s
08-29 01:34:32.608 22195 22478 W ActivityManager: Unable to start service Intent { act=com.android.email.ACCOUNT_INTENT } U=0: not found
08-29 01:34:32.618 22760 22760 E ActivityThread: Service com.android.exchange.ExchangeService has leaked ServiceConnection com.android.emailcommon.service.ServiceProxy$ProxyConnection@41e55f10 that was originally bound here
08-29 01:34:32.618 22760 22760 E ActivityThread: android.app.ServiceConnectionLeaked: Service com.android.exchange.ExchangeService has leaked ServiceConnection com.android.emailcommon.service.ServiceProxy$ProxyConnection@41e55f10 that was originally bound here
08-29 01:34:32.618 22760 22760 E ActivityThread: 	at android.app.LoadedApk$ServiceDispatcher.<init>(LoadedApk.java:969)
08-29 01:34:32.618 22760 22760 E ActivityThread: 	at android.app.LoadedApk.getServiceDispatcher(LoadedApk.java:863)
08-29 01:34:32.618 22760 22760 E ActivityThread: 	at android.app.ContextImpl.bindService(ContextImpl.java:1424)
08-29 01:34:32.618 22760 22760 E ActivityThread: 	at android.app.ContextImpl.bindService(ContextImpl.java:1413)
08-29 01:34:32.618 22760 22760 E ActivityThread: 	at android.content.ContextWrapper.bindService(ContextWrapper.java:473)
08-29 01:34:32.618 22760 22760 E ActivityThread: 	at com.android.emailcommon.service.ServiceProxy.setTask(ServiceProxy.java:157)
08-29 01:34:32.618 22760 22760 E ActivityThread: 	at com.android.emailcommon.service.ServiceProxy.setTask(ServiceProxy.java:145)
08-29 01:34:32.618 22760 22760 E ActivityThread: 	at com.android.emailcommon.service.ServiceProxy.test(ServiceProxy.java:191)
08-29 01:34:32.618 22760 22760 E ActivityThread: 	at com.android.exchange.ExchangeService$7.run(ExchangeService.java:1850)
08-29 01:34:32.618 22760 22760 E ActivityThread: 	at com.android.emailcommon.utility.Utility$2.doInBackground(Utility.java:551)
08-29 01:34:32.618 22760 22760 E ActivityThread: 	at com.android.emailcommon.utility.Utility$2.doInBackground(Utility.java:549)
08-29 01:34:32.618 22760 22760 E ActivityThread: 	at android.os.AsyncTask$2.call(AsyncTask.java:287)
08-29 01:34:32.618 22760 22760 E ActivityThread: 	at java.util.concurrent.FutureTask.run(FutureTask.java:234)
08-29 01:34:32.618 22760 22760 E ActivityThread: 	at java.util.concurrent.ThreadPoolExecutor.runWorker(ThreadPoolExecutor.java:1080)
08-29 01:34:32.618 22760 22760 E ActivityThread: 	at java.util.concurrent.ThreadPoolExecutor$Worker.run(ThreadPoolExecutor.java:573)
08-29 01:34:32.618 22760 22760 E ActivityThread: 	at java.lang.Thread.run(Thread.java:856)
08-29 01:34:32.618 22195 22513 W ActivityManager: Unable to start service Intent { act=com.android.email.ACCOUNT_INTENT } U=0: not found
08-29 01:34:32.628 22195 23453 W ActivityManager: Unbind failed: could not find connection for android.os.BinderProxy@420ab508
08-29 01:35:05.003 22195 22213 W ProcessStats: Skipping unknown process pid 16830
08-29 01:35:05.003 22195 22213 W ProcessStats: Skipping unknown process pid 16832
08-29 01:35:05.003 22195 22213 W ProcessStats: Skipping unknown process pid 16847
08-29 01:35:22.642 22195  8366 W ActivityManager: Unable to start service Intent { act=com.android.email.ACCOUNT_INTENT } U=0: not found
08-29 01:35:22.652 22760 22760 E ActivityThread: Service com.android.exchange.ExchangeService has leaked ServiceConnection com.android.emailcommon.service.ServiceProxy$ProxyConnection@41e3e918 that was originally bound here
08-29 01:35:22.652 22760 22760 E ActivityThread: android.app.ServiceConnectionLeaked: Service com.android.exchange.ExchangeService has leaked ServiceConnection com.android.emailcommon.service.ServiceProxy$ProxyConnection@41e3e918 that was originally bound here
08-29 01:35:22.652 22760 22760 E ActivityThread: 	at android.app.LoadedApk$ServiceDispatcher.<init>(LoadedApk.java:969)
08-29 01:35:22.652 22760 22760 E ActivityThread: 	at android.app.LoadedApk.getServiceDispatcher(LoadedApk.java:863)
08-29 01:35:22.652 22760 22760 E ActivityThread: 	at android.app.ContextImpl.bindService(ContextImpl.java:1424)
