08-29 01:47:03.279 22760 22760 E ActivityThread: android.app.ServiceConnectionLeaked: Service com.android.exchange.ExchangeService has leaked ServiceConnection com.android.emailcommon.service.ServiceProxy$ProxyConnection@41e56740 that was originally bound here
08-29 01:47:03.279 22760 22760 E ActivityThread: 	at android.app.LoadedApk$ServiceDispatcher.<init>(LoadedApk.java:969)
08-29 01:47:03.279 22760 22760 E ActivityThread: 	at android.app.LoadedApk.getServiceDispatcher(LoadedApk.java:863)
08-29 01:47:03.279 22760 22760 E ActivityThread: 	at android.app.ContextImpl.bindService(ContextImpl.java:1424)
08-29 01:47:03.279 22760 22760 E ActivityThread: 	at android.app.ContextImpl.bindService(ContextImpl.java:1413)
08-29 01:47:03.279 22760 22760 E ActivityThread: 	at android.content.ContextWrapper.bindService(ContextWrapper.java:473)
08-29 01:47:03.279 22760 22760 E ActivityThread: 	at com.android.emailcommon.service.ServiceProxy.setTask(ServiceProxy.java:157)
08-29 01:47:03.279 22760 22760 E ActivityThread: 	at com.android.emailcommon.service.ServiceProxy.setTask(ServiceProxy.java:145)
08-29 01:47:03.279 22760 22760 E ActivityThread: 	at com.android.emailcommon.service.AccountServiceProxy.getDeviceId(AccountServiceProxy.java:116)
08-29 01:47:03.279 22760 22760 E ActivityThread: 	at com.android.exchange.ExchangeService.getDeviceId(ExchangeService.java:1249)
08-29 01:47:03.279 22760 22760 E ActivityThread: 	at com.android.exchange.ExchangeService$7.run(ExchangeService.java:1856)
08-29 01:47:03.279 22760 22760 E ActivityThread: 	at com.android.emailcommon.utility.Utility$2.doInBackground(Utility.java:551)
08-29 01:47:03.279 22760 22760 E ActivityThread: 	at com.android.emailcommon.utility.Utility$2.doInBackground(Utility.java:549)
08-29 01:47:03.279 22760 22760 E ActivityThread: 	at android.os.AsyncTask$2.call(AsyncTask.java:287)
08-29 01:47:03.279 22760 22760 E ActivityThread: 	at java.util.concurrent.FutureTask.run(FutureTask.java:234)
08-29 01:47:03.279 22760 22760 E ActivityThread: 	at java.util.concurrent.ThreadPoolExecutor.runWorker(ThreadPoolExecutor.java:1080)
08-29 01:47:03.279 22760 22760 E ActivityThread: 	at java.util.concurrent.ThreadPoolExecutor$Worker.run(ThreadPoolExecutor.java:573)
08-29 01:47:03.279 22760 22760 E ActivityThread: 	at java.lang.Thread.run(Thread.java:856)
08-29 01:47:03.279 22195 22512 W ActivityManager: Unable to start service Intent { act=com.android.email.ACCOUNT_INTENT } U=0: not found
08-29 01:47:03.279 22195  8366 W ActivityManager: Unbind failed: could not find connection for android.os.BinderProxy@4225eb28
08-29 01:47:03.289 22760 22760 E ActivityThread: Service com.android.exchange.ExchangeService has leaked ServiceConnection com.android.emailcommon.service.ServiceProxy$ProxyConnection@41e1fb88 that was originally bound here
08-29 01:47:03.289 22760 22760 E ActivityThread: android.app.ServiceConnectionLeaked: Service com.android.exchange.ExchangeService has leaked ServiceConnection com.android.emailcommon.service.ServiceProxy$ProxyConnection@41e1fb88 that was originally bound here
08-29 01:47:03.289 22760 22760 E ActivityThread: 	at android.app.LoadedApk$ServiceDispatcher.<init>(LoadedApk.java:969)
08-29 01:47:03.289 22760 22760 E ActivityThread: 	at android.app.LoadedApk.getServiceDispatcher(LoadedApk.java:863)
08-29 01:47:03.289 22760 22760 E ActivityThread: 	at android.app.ContextImpl.bindService(ContextImpl.java:1424)
08-29 01:47:03.289 22760 22760 E ActivityThread: 	at android.app.ContextImpl.bindService(ContextImpl.java:1413)
08-29 01:47:03.289 22760 22760 E ActivityThread: 	at android.content.ContextWrapper.bindService(ContextWrapper.java:473)
08-29 01:47:03.289 22760 22760 E ActivityThread: 	at com.android.emailcommon.service.ServiceProxy.setTask(ServiceProxy.java:157)
08-29 01:47:03.289 22760 22760 E ActivityThread: 	at com.android.emailcommon.service.ServiceProxy.setTask(ServiceProxy.java:145)
08-29 01:47:03.289 22760 22760 E ActivityThread: 	at com.android.emailcommon.service.ServiceProxy.test(ServiceProxy.java:191)
08-29 01:47:03.289 22760 22760 E ActivityThread: 	at com.android.exchange.ExchangeService$7.run(ExchangeService.java:1850)
08-29 01:47:03.289 22760 22760 E ActivityThread: 	at com.android.emailcommon.utility.Utility$2.doInBackground(Utility.java:551)
08-29 01:47:03.289 22760 22760 E ActivityThread: 	at com.android.emailcommon.utility.Utility$2.doInBackground(Utility.java:549)
08-29 01:47:03.289 22760 22760 E ActivityThread: 	at android.os.AsyncTask$2.call(AsyncTask.java:287)
08-29 01:47:03.289 22760 22760 E ActivityThread: 	at java.util.concurrent.FutureTask.run(FutureTask.java:234)
08-29 01:47:03.289 22760 22760 E ActivityThread: 	at java.util.concurrent.ThreadPoolExecutor.runWorker(ThreadPoolExecutor.java:1080)
08-29 01:47:03.289 22760 22760 E ActivityThread: 	at java.util.concurrent.ThreadPoolExecutor$Worker.run(ThreadPoolExecutor.java:573)
08-29 01:47:03.289 22760 22760 E ActivityThread: 	at java.lang.Thread.run(Thread.java:856)
08-29 01:47:03.319 22195 22206 W ActivityManager: Unbind failed: could not find connection for android.os.BinderProxy@42260a08
08-29 01:47:53.313 22195 22513 W ActivityManager: Unable to start service Intent { act=com.android.email.ACCOUNT_INTENT } U=0: not found
08-29 01:47:53.373 22760 22760 E ActivityThread: Service com.android.exchange.ExchangeService has leaked ServiceConnection com.android.emailcommon.service.ServiceProxy$ProxyConnection@41db7b90 that was originally bound here
08-29 01:47:53.373 22760 22760 E ActivityThread: android.app.ServiceConnectionLeaked: Service com.android.exchange.ExchangeService has leaked ServiceConnection com.android.emailcommon.service.ServiceProxy$ProxyConnection@41db7b90 that was originally bound here
08-29 01:47:53.373 22760 22760 E ActivityThread: 	at android.app.LoadedApk$ServiceDispatcher.<init>(LoadedApk.java:969)
08-29 01:47:53.373 22760 22760 E ActivityThread: 	at android.app.LoadedApk.getServiceDispatcher(LoadedApk.java:863)
08-29 01:47:53.373 22760 22760 E ActivityThread: 	at android.app.ContextImpl.bindService(ContextImpl.java:1424)
08-29 01:47:53.373 22760 22760 E ActivityThread: 	at android.app.ContextImpl.bindService(ContextImpl.java:1413)
08-29 01:47:53.373 22760 22760 E ActivityThread: 	at android.content.ContextWrapper.bindService(ContextWrapper.java:473)
08-29 01:47:53.373 22760 22760 E ActivityThread: 	at com.android.emailcommon.service.ServiceProxy.setTask(ServiceProxy.java:157)
08-29 01:47:53.373 22760 22760 E ActivityThread: 	at com.android.emailcommon.service.ServiceProxy.setTask(ServiceProxy.java:145)
08-29 01:47:53.373 22760 22760 E ActivityThread: 	at com.android.emailcommon.service.ServiceProxy.test(ServiceProxy.java:191)
08-29 01:47:53.373 22760 22760 E ActivityThread: 	at com.android.exchange.ExchangeService$7.run(ExchangeService.java:1850)
08-29 01:47:53.373 22760 22760 E ActivityThread: 	at com.android.emailcommon.utility.Utility$2.doInBackground(Utility.java:551)
08-29 01:47:53.373 22760 22760 E ActivityThread: 	at com.android.emailcommon.utility.Utility$2.doInBackground(Utility.java:549)
08-29 01:47:53.373 22760 22760 E ActivityThread: 	at android.os.AsyncTask$2.call(AsyncTask.java:287)
08-29 01:47:53.373 22760 22760 E ActivityThread: 	at java.util.concurrent.FutureTask.run(FutureTask.java:234)
08-29 01:47:53.373 22760 22760 E ActivityThread: 	at java.util.concurrent.ThreadPoolExecutor.runWorker(ThreadPoolExecutor.java:1080)
08-29 01:47:53.373 22760 22760 E ActivityThread: 	at java.util.concurrent.ThreadPoolExecutor$Worker.run(ThreadPoolExecutor.java:573)
08-29 01:47:53.373 22760 22760 E ActivityThread: 	at java.lang.Thread.run(Thread.java:856)
08-29 01:47:53.393 22195 22319 W ActivityManager: Unable to start service Intent { act=com.android.email.ACCOUNT_INTENT } U=0: not found
08-29 01:47:53.393 22195 23453 W ActivityManager: Unbind failed: could not find connection for android.os.BinderProxy@42132150
08-29 01:48:43.416 22195 23437 W ActivityManager: Unable to start service Intent { act=com.android.email.ACCOUNT_INTENT } U=0: not found
08-29 01:48:43.426 22195 22512 W ActivityManager: Unable to start service Intent { act=com.android.email.ACCOUNT_INTENT } U=0: not found
08-29 01:48:43.426 22760 22760 E ActivityThread: Service com.android.exchange.ExchangeService has leaked ServiceConnection com.android.emailcommon.service.ServiceProxy$ProxyConnection@41e56868 that was originally bound here
08-29 01:48:43.426 22760 22760 E ActivityThread: android.app.ServiceConnectionLeaked: Service com.android.exchange.ExchangeService has leaked ServiceConnection com.android.emailcommon.service.ServiceProxy$ProxyConnection@41e56868 that was originally bound here
08-29 01:48:43.426 22760 22760 E ActivityThread: 	at android.app.LoadedApk$ServiceDispatcher.<init>(LoadedApk.java:969)
08-29 01:48:43.426 22760 22760 E ActivityThread: 	at android.app.LoadedApk.getServiceDispatcher(LoadedApk.java:863)
08-29 01:48:43.426 22760 22760 E ActivityThread: 	at android.app.ContextImpl.bindService(ContextImpl.java:1424)
08-29 01:48:43.426 22760 22760 E ActivityThread: 	at android.app.ContextImpl.bindService(ContextImpl.java:1413)
08-29 01:48:43.426 22760 22760 E ActivityThread: 	at android.content.ContextWrapper.bindService(ContextWrapper.java:473)
08-29 01:48:43.426 22760 22760 E ActivityThread: 	at com.android.emailcommon.service.ServiceProxy.setTask(ServiceProxy.java:157)
08-29 01:48:43.426 22760 22760 E ActivityThread: 	at com.android.emailcommon.service.ServiceProxy.setTask(ServiceProxy.java:145)
08-29 01:48:43.426 22760 22760 E ActivityThread: 	at com.android.emailcommon.service.ServiceProxy.test(ServiceProxy.java:191)
08-29 01:48:43.426 22760 22760 E ActivityThread: 	at com.android.exchange.ExchangeService$7.run(ExchangeService.java:1850)
08-29 01:48:43.426 22760 22760 E ActivityThread: 	at com.android.emailcommon.utility.Utility$2.doInBackground(Utility.java:551)
08-29 01:48:43.426 22760 22760 E ActivityThread: 	at com.android.emailcommon.utility.Utility$2.doInBackground(Utility.java:549)
08-29 01:48:43.426 22760 22760 E ActivityThread: 	at android.os.AsyncTask$2.call(AsyncTask.java:287)
08-29 01:48:43.426 22760 22760 E ActivityThread: 	at java.util.concurrent.FutureTask.run(FutureTask.java:234)
08-29 01:48:43.426 22760 22760 E ActivityThread: 	at java.util.concurrent.ThreadPoolExecutor.runWorker(ThreadPoolExecutor.java:1080)
08-29 01:48:43.426 22760 22760 E ActivityThread: 	at java.util.concurrent.ThreadPoolExecutor$Worker.run(ThreadPoolExecutor.java:573)
08-29 01:48:43.426 22760 22760 E ActivityThread: 	at java.lang.Thread.run(Thread.java:856)
08-29 01:48:43.436 22195  8366 W ActivityManager: Unbind failed: could not find connection for android.os.BinderProxy@421fed48
08-29 01:49:33.440 22195 22206 W ActivityManager: Unable to start service Intent { act=com.android.email.ACCOUNT_INTENT } U=0: not found
08-29 01:49:33.460 22195 22320 W ActivityManager: Unable to start service Intent { act=com.android.email.ACCOUNT_INTENT } U=0: not found
08-29 01:49:33.470 22760 22760 E ActivityThread: Service com.android.exchange.ExchangeService has leaked ServiceConnection com.android.emailcommon.service.ServiceProxy$ProxyConnection@41e59980 that was originally bound here
08-29 01:49:33.470 22760 22760 E ActivityThread: android.app.ServiceConnectionLeaked: Service com.android.exchange.ExchangeService has leaked ServiceConnection com.android.emailcommon.service.ServiceProxy$ProxyConnection@41e59980 that was originally bound here
08-29 01:49:33.470 22760 22760 E ActivityThread: 	at android.app.LoadedApk$ServiceDispatcher.<init>(LoadedApk.java:969)
08-29 01:49:33.470 22760 22760 E ActivityThread: 	at android.app.LoadedApk.getServiceDispatcher(LoadedApk.java:863)
08-29 01:49:33.470 22760 22760 E ActivityThread: 	at android.app.ContextImpl.bindService(ContextImpl.java:1424)
08-29 01:49:33.470 22760 22760 E ActivityThread: 	at android.app.ContextImpl.bindService(ContextImpl.java:1413)
08-29 01:49:33.470 22760 22760 E ActivityThread: 	at android.content.ContextWrapper.bindService(ContextWrapper.java:473)
08-29 01:49:33.470 22760 22760 E ActivityThread: 	at com.android.emailcommon.service.ServiceProxy.setTask(ServiceProxy.java:157)
08-29 01:49:33.470 22760 22760 E ActivityThread: 	at com.android.emailcommon.service.ServiceProxy.setTask(ServiceProxy.java:145)
08-29 01:49:33.470 22760 22760 E ActivityThread: 	at com.android.emailcommon.service.ServiceProxy.test(ServiceProxy.java:191)
08-29 01:49:33.470 22760 22760 E ActivityThread: 	at com.android.exchange.ExchangeService$7.run(ExchangeService.java:1850)
08-29 01:49:33.470 22760 22760 E ActivityThread: 	at com.android.emailcommon.utility.Utility$2.doInBackground(Utility.java:551)
08-29 01:49:33.470 22760 22760 E ActivityThread: 	at com.android.emailcommon.utility.Utility$2.doInBackground(Utility.java:549)
08-29 01:49:33.470 22760 22760 E ActivityThread: 	at android.os.AsyncTask$2.call(AsyncTask.java:287)
08-29 01:49:33.470 22760 22760 E ActivityThread: 	at java.util.concurrent.FutureTask.run(FutureTask.java:234)
08-29 01:49:33.470 22760 22760 E ActivityThread: 	at java.util.concurrent.ThreadPoolExecutor.runWorker(ThreadPoolExecutor.java:1080)
08-29 01:49:33.470 22760 22760 E ActivityThread: 	at java.util.concurrent.ThreadPoolExecutor$Worker.run(ThreadPoolExecutor.java:573)
08-29 01:49:33.470 22760 22760 E ActivityThread: 	at java.lang.Thread.run(Thread.java:856)
08-29 01:49:33.480 22195 22477 W ActivityManager: Unbind failed: could not find connection for android.os.BinderProxy@424b94a0
08-29 01:50:23.483 22195 22478 W ActivityManager: Unable to start service Intent { act=com.android.email.ACCOUNT_INTENT } U=0: not found
08-29 01:50:23.513 22760 22760 E ActivityThread: Service com.android.exchange.ExchangeService has leaked ServiceConnection com.android.emailcommon.service.ServiceProxy$ProxyConnection@41dd6470 that was originally bound here
08-29 01:50:23.513 22760 22760 E ActivityThread: android.app.ServiceConnectionLeaked: Service com.android.exchange.ExchangeService has leaked ServiceConnection com.android.emailcommon.service.ServiceProxy$ProxyConnection@41dd6470 that was originally bound here
08-29 01:50:23.513 22760 22760 E ActivityThread: 	at android.app.LoadedApk$ServiceDispatcher.<init>(LoadedApk.java:969)
08-29 01:50:23.513 22760 22760 E ActivityThread: 	at android.app.LoadedApk.getServiceDispatcher(LoadedApk.java:863)
08-29 01:50:23.513 22760 22760 E ActivityThread: 	at android.app.ContextImpl.bindService(ContextImpl.java:1424)
08-29 01:50:23.513 22760 22760 E ActivityThread: 	at android.app.ContextImpl.bindService(ContextImpl.java:1413)
08-29 01:50:23.513 22760 22760 E ActivityThread: 	at android.content.ContextWrapper.bindService(ContextWrapper.java:473)
08-29 01:50:23.513 22760 22760 E ActivityThread: 	at com.android.emailcommon.service.ServiceProxy.setTask(ServiceProxy.java:157)
08-29 01:50:23.513 22760 22760 E ActivityThread: 	at com.android.emailcommon.service.ServiceProxy.setTask(ServiceProxy.java:145)
08-29 01:50:23.513 22760 22760 E ActivityThread: 	at com.android.emailcommon.service.ServiceProxy.test(ServiceProxy.java:191)
08-29 01:50:23.513 22760 22760 E ActivityThread: 	at com.android.exchange.ExchangeService$7.run(ExchangeService.java:1850)
08-29 01:50:23.513 22760 22760 E ActivityThread: 	at com.android.emailcommon.utility.Utility$2.doInBackground(Utility.java:551)
08-29 01:50:23.513 22760 22760 E ActivityThread: 	at com.android.emailcommon.utility.Utility$2.doInBackground(Utility.java:549)
08-29 01:50:23.513 22760 22760 E ActivityThread: 	at android.os.AsyncTask$2.call(AsyncTask.java:287)
08-29 01:50:23.513 22760 22760 E ActivityThread: 	at java.util.concurrent.FutureTask.run(FutureTask.java:234)
08-29 01:50:23.513 22760 22760 E ActivityThread: 	at java.util.concurrent.ThreadPoolExecutor.runWorker(ThreadPoolExecutor.java:1080)
08-29 01:50:23.513 22760 22760 E ActivityThread: 	at java.util.concurrent.ThreadPoolExecutor$Worker.run(ThreadPoolExecutor.java:573)
08-29 01:50:23.513 22760 22760 E ActivityThread: 	at java.lang.Thread.run(Thread.java:856)
08-29 01:50:23.523 22195 22493 W ActivityManager: Unable to start service Intent { act=com.android.email.ACCOUNT_INTENT } U=0: not found
08-29 01:50:23.523 22195 10834 W ActivityManager: Unbind failed: could not find connection for android.os.BinderProxy@41fd8208
08-29 01:51:00.002 22195 22213 I ActivityManager: No longer want com.svox.pico (pid 8960): empty for 1816s
08-29 01:51:00.002 22195 22213 I ActivityManager: No longer want com.android.gallery3d (pid 8900): empty for 1816s
08-29 01:51:00.002 22195 22213 I ActivityManager: No longer want com.android.musicfx (pid 8929): empty for 1816s
08-29 01:51:00.002 22195 22213 I ActivityManager: No longer want com.android.voicedialer (pid 8945): empty for 1816s
08-29 01:51:00.012 22195 22213 I ActivityManager: No longer want com.android.keychain (pid 8914): empty for 1816s
08-29 01:51:00.012 22195 22213 I ActivityManager: No longer want com.android.defcontainer (pid 8858): empty for 1816s
08-29 01:51:13.586 22195 22319 W ActivityManager: Unable to start service Intent { act=com.android.email.ACCOUNT_INTENT } U=0: not found
08-29 01:51:13.596 22760 22760 E ActivityThread: Service com.android.exchange.ExchangeService has leaked ServiceConnection com.android.emailcommon.service.ServiceProxy$ProxyConnection@41e7be28 that was originally bound here
08-29 01:51:13.596 22760 22760 E ActivityThread: android.app.ServiceConnectionLeaked: Service com.android.exchange.ExchangeService has leaked ServiceConnection com.android.emailcommon.service.ServiceProxy$ProxyConnection@41e7be28 that was originally bound here
08-29 01:51:13.596 22760 22760 E ActivityThread: 	at android.app.LoadedApk$ServiceDispatcher.<init>(LoadedApk.java:969)
08-29 01:51:13.596 22760 22760 E ActivityThread: 	at android.app.LoadedApk.getServiceDispatcher(LoadedApk.java:863)
08-29 01:51:13.596 22760 22760 E ActivityThread: 	at android.app.ContextImpl.bindService(ContextImpl.java:1424)
08-29 01:51:13.596 22760 22760 E ActivityThread: 	at android.app.ContextImpl.bindService(ContextImpl.java:1413)
08-29 01:51:13.596 22760 22760 E ActivityThread: 	at android.content.ContextWrapper.bindService(ContextWrapper.java:473)
08-29 01:51:13.596 22760 22760 E ActivityThread: 	at com.android.emailcommon.service.ServiceProxy.setTask(ServiceProxy.java:157)
08-29 01:51:13.596 22760 22760 E ActivityThread: 	at com.android.emailcommon.service.ServiceProxy.setTask(ServiceProxy.java:145)
08-29 01:51:13.596 22760 22760 E ActivityThread: 	at com.android.emailcommon.service.AccountServiceProxy.getDeviceId(AccountServiceProxy.java:116)
08-29 01:51:13.596 22760 22760 E ActivityThread: 	at com.android.exchange.ExchangeService.getDeviceId(ExchangeService.java:1249)
08-29 01:51:13.596 22760 22760 E ActivityThread: 	at com.android.exchange.ExchangeService$7.run(ExchangeService.java:1856)
08-29 01:51:13.596 22760 22760 E ActivityThread: 	at com.android.emailcommon.utility.Utility$2.doInBackground(Utility.java:551)
08-29 01:51:13.596 22760 22760 E ActivityThread: 	at com.android.emailcommon.utility.Utility$2.doInBackground(Utility.java:549)
08-29 01:51:13.596 22760 22760 E ActivityThread: 	at android.os.AsyncTask$2.call(AsyncTask.java:287)
08-29 01:51:13.596 22760 22760 E ActivityThread: 	at java.util.concurrent.FutureTask.run(FutureTask.java:234)
08-29 01:51:13.596 22760 22760 E ActivityThread: 	at java.util.concurrent.ThreadPoolExecutor.runWorker(ThreadPoolExecutor.java:1080)
08-29 01:51:13.596 22760 22760 E ActivityThread: 	at java.util.concurrent.ThreadPoolExecutor$Worker.run(ThreadPoolExecutor.java:573)
08-29 01:51:13.596 22760 22760 E ActivityThread: 	at java.lang.Thread.run(Thread.java:856)
08-29 01:51:13.596 22195 22320 W ActivityManager: Unable to start service Intent { act=com.android.email.ACCOUNT_INTENT } U=0: not found
08-29 01:51:13.616 22195 23453 W ActivityManager: Unbind failed: could not find connection for android.os.BinderProxy@424a57c0
08-29 01:51:13.616 22760 22760 E ActivityThread: Service com.android.exchange.ExchangeService has leaked ServiceConnection com.android.emailcommon.service.ServiceProxy$ProxyConnection@41d905f0 that was originally bound here
08-29 01:51:13.616 22760 22760 E ActivityThread: android.app.ServiceConnectionLeaked: Service com.android.exchange.ExchangeService has leaked ServiceConnection com.android.emailcommon.service.ServiceProxy$ProxyConnection@41d905f0 that was originally bound here
08-29 01:51:13.616 22760 22760 E ActivityThread: 	at android.app.LoadedApk$ServiceDispatcher.<init>(LoadedApk.java:969)
08-29 01:51:13.616 22760 22760 E ActivityThread: 	at android.app.LoadedApk.getServiceDispatcher(LoadedApk.java:863)
08-29 01:51:13.616 22760 22760 E ActivityThread: 	at android.app.ContextImpl.bindService(ContextImpl.java:1424)
08-29 01:51:13.616 22760 22760 E ActivityThread: 	at android.app.ContextImpl.bindService(ContextImpl.java:1413)
08-29 01:51:13.616 22760 22760 E ActivityThread: 	at android.content.ContextWrapper.bindService(ContextWrapper.java:473)
08-29 01:51:13.616 22760 22760 E ActivityThread: 	at com.android.emailcommon.service.ServiceProxy.setTask(ServiceProxy.java:157)
08-29 01:51:13.616 22760 22760 E ActivityThread: 	at com.android.emailcommon.service.ServiceProxy.setTask(ServiceProxy.java:145)
08-29 01:51:13.616 22760 22760 E ActivityThread: 	at com.android.emailcommon.service.ServiceProxy.test(ServiceProxy.java:191)
08-29 01:51:13.616 22760 22760 E ActivityThread: 	at com.android.exchange.ExchangeService$7.run(ExchangeService.java:1850)
08-29 01:51:13.616 22760 22760 E ActivityThread: 	at com.android.emailcommon.utility.Utility$2.doInBackground(Utility.java:551)
08-29 01:51:13.616 22760 22760 E ActivityThread: 	at com.android.emailcommon.utility.Utility$2.doInBackground(Utility.java:549)
08-29 01:51:13.616 22760 22760 E ActivityThread: 	at android.os.AsyncTask$2.call(AsyncTask.java:287)
08-29 01:51:13.616 22760 22760 E ActivityThread: 	at java.util.concurrent.FutureTask.run(FutureTask.java:234)
08-29 01:51:13.616 22760 22760 E ActivityThread: 	at java.util.concurrent.ThreadPoolExecutor.runWorker(ThreadPoolExecutor.java:1080)
08-29 01:51:13.616 22760 22760 E ActivityThread: 	at java.util.concurrent.ThreadPoolExecutor$Worker.run(ThreadPoolExecutor.java:573)
08-29 01:51:13.616 22760 22760 E ActivityThread: 	at java.lang.Thread.run(Thread.java:856)
08-29 01:51:13.616 22195 23437 W ActivityManager: Unbind failed: could not find connection for android.os.BinderProxy@420a6be8
08-29 01:52:03.630 22195 22195 W ActivityManager: Unable to start service Intent { act=com.android.email.ACCOUNT_INTENT } U=0: not found
08-29 01:52:03.640 22760 22760 E ActivityThread: Service com.android.exchange.ExchangeService has leaked ServiceConnection com.android.emailcommon.service.ServiceProxy$ProxyConnection@41e3e918 that was originally bound here
08-29 01:52:03.640 22760 22760 E ActivityThread: android.app.ServiceConnectionLeaked: Service com.android.exchange.ExchangeService has leaked ServiceConnection com.android.emailcommon.service.ServiceProxy$ProxyConnection@41e3e918 that was originally bound here
08-29 01:52:03.640 22760 22760 E ActivityThread: 	at android.app.LoadedApk$ServiceDispatcher.<init>(LoadedApk.java:969)
08-29 01:52:03.640 22760 22760 E ActivityThread: 	at android.app.LoadedApk.getServiceDispatcher(LoadedApk.java:863)
08-29 01:52:03.640 22760 22760 E ActivityThread: 	at android.app.ContextImpl.bindService(ContextImpl.java:1424)
08-29 01:52:03.640 22760 22760 E ActivityThread: 	at android.app.ContextImpl.bindService(ContextImpl.java:1413)
08-29 01:52:03.640 22760 22760 E ActivityThread: 	at android.content.ContextWrapper.bindService(ContextWrapper.java:473)
08-29 01:52:03.640 22760 22760 E ActivityThread: 	at com.android.emailcommon.service.ServiceProxy.setTask(ServiceProxy.java:157)
08-29 01:52:03.640 22760 22760 E ActivityThread: 	at com.android.emailcommon.service.ServiceProxy.setTask(ServiceProxy.java:145)
08-29 01:52:03.640 22760 22760 E ActivityThread: 	at com.android.emailcommon.service.AccountServiceProxy.getDeviceId(AccountServiceProxy.java:116)
08-29 01:52:03.640 22760 22760 E ActivityThread: 	at com.android.exchange.ExchangeService.getDeviceId(ExchangeService.java:1249)
08-29 01:52:03.640 22760 22760 E ActivityThread: 	at com.android.exchange.ExchangeService$7.run(ExchangeService.java:1856)
08-29 01:52:03.640 22760 22760 E ActivityThread: 	at com.android.emailcommon.utility.Utility$2.doInBackground(Utility.java:551)
08-29 01:52:03.640 22760 22760 E ActivityThread: 	at com.android.emailcommon.utility.Utility$2.doInBackground(Utility.java:549)
08-29 01:52:03.640 22760 22760 E ActivityThread: 	at android.os.AsyncTask$2.call(AsyncTask.java:287)
08-29 01:52:03.640 22760 22760 E ActivityThread: 	at java.util.concurrent.FutureTask.run(FutureTask.java:234)
08-29 01:52:03.640 22760 22760 E ActivityThread: 	at java.util.concurrent.ThreadPoolExecutor.runWorker(ThreadPoolExecutor.java:1080)
08-29 01:52:03.640 22760 22760 E ActivityThread: 	at java.util.concurrent.ThreadPoolExecutor$Worker.run(ThreadPoolExecutor.java:573)
08-29 01:52:03.640 22760 22760 E ActivityThread: 	at java.lang.Thread.run(Thread.java:856)
08-29 01:52:03.640 22195  8366 W ActivityManager: Unable to start service Intent { act=com.android.email.ACCOUNT_INTENT } U=0: not found
08-29 01:52:03.640 22195 22319 W ActivityManager: Unbind failed: could not find connection for android.os.BinderProxy@41dc33c8
08-29 01:52:03.650 22760 22760 E ActivityThread: Service com.android.exchange.ExchangeService has leaked ServiceConnection com.android.emailcommon.service.ServiceProxy$ProxyConnection@41e5b408 that was originally bound here
08-29 01:52:03.650 22760 22760 E ActivityThread: android.app.ServiceConnectionLeaked: Service com.android.exchange.ExchangeService has leaked ServiceConnection com.android.emailcommon.service.ServiceProxy$ProxyConnection@41e5b408 that was originally bound here
08-29 01:52:03.650 22760 22760 E ActivityThread: 	at android.app.LoadedApk$ServiceDispatcher.<init>(LoadedApk.java:969)
08-29 01:52:03.650 22760 22760 E ActivityThread: 	at android.app.LoadedApk.getServiceDispatcher(LoadedApk.java:863)
08-29 01:52:03.650 22760 22760 E ActivityThread: 	at android.app.ContextImpl.bindService(ContextImpl.java:1424)
08-29 01:52:03.650 22760 22760 E ActivityThread: 	at android.app.ContextImpl.bindService(ContextImpl.java:1413)
08-29 01:52:03.650 22760 22760 E ActivityThread: 	at android.content.ContextWrapper.bindService(ContextWrapper.java:473)
08-29 01:52:03.650 22760 22760 E ActivityThread: 	at com.android.emailcommon.service.ServiceProxy.setTask(ServiceProxy.java:157)
08-29 01:52:03.650 22760 22760 E ActivityThread: 	at com.android.emailcommon.service.ServiceProxy.setTask(ServiceProxy.java:145)
08-29 01:52:03.650 22760 22760 E ActivityThread: 	at com.android.emailcommon.service.ServiceProxy.test(ServiceProxy.java:191)
08-29 01:52:03.650 22760 22760 E ActivityThread: 	at com.android.exchange.ExchangeService$7.run(ExchangeService.java:1850)
08-29 01:52:03.650 22760 22760 E ActivityThread: 	at com.android.emailcommon.utility.Utility$2.doInBackground(Utility.java:551)
08-29 01:52:03.650 22760 22760 E ActivityThread: 	at com.android.emailcommon.utility.Utility$2.doInBackground(Utility.java:549)
08-29 01:52:03.650 22760 22760 E ActivityThread: 	at android.os.AsyncTask$2.call(AsyncTask.java:287)
08-29 01:52:03.650 22760 22760 E ActivityThread: 	at java.util.concurrent.FutureTask.run(FutureTask.java:234)
08-29 01:52:03.650 22760 22760 E ActivityThread: 	at java.util.concurrent.ThreadPoolExecutor.runWorker(ThreadPoolExecutor.java:1080)
08-29 01:52:03.650 22760 22760 E ActivityThread: 	at java.util.concurrent.ThreadPoolExecutor$Worker.run(ThreadPoolExecutor.java:573)
08-29 01:52:03.650 22760 22760 E ActivityThread: 	at java.lang.Thread.run(Thread.java:856)
08-29 01:52:03.650 22195 23453 W ActivityManager: Unbind failed: could not find connection for android.os.BinderProxy@41e06eb8
08-29 01:52:53.703 22195 22478 W ActivityManager: Unable to start service Intent { act=com.android.email.ACCOUNT_INTENT } U=0: not found
08-29 01:52:53.713 22760 22760 E ActivityThread: Service com.android.exchange.ExchangeService has leaked ServiceConnection com.android.emailcommon.service.ServiceProxy$ProxyConnection@41e2f3a0 that was originally bound here
08-29 01:52:53.713 22760 22760 E ActivityThread: android.app.ServiceConnectionLeaked: Service com.android.exchange.ExchangeService has leaked ServiceConnection com.android.emailcommon.service.ServiceProxy$ProxyConnection@41e2f3a0 that was originally bound here
08-29 01:52:53.713 22760 22760 E ActivityThread: 	at android.app.LoadedApk$ServiceDispatcher.<init>(LoadedApk.java:969)
08-29 01:52:53.713 22760 22760 E ActivityThread: 	at android.app.LoadedApk.getServiceDispatcher(LoadedApk.java:863)
08-29 01:52:53.713 22760 22760 E ActivityThread: 	at android.app.ContextImpl.bindService(ContextImpl.java:1424)
08-29 01:52:53.713 22760 22760 E ActivityThread: 	at android.app.ContextImpl.bindService(ContextImpl.java:1413)
08-29 01:52:53.713 22760 22760 E ActivityThread: 	at android.content.ContextWrapper.bindService(ContextWrapper.java:473)
08-29 01:52:53.713 22760 22760 E ActivityThread: 	at com.android.emailcommon.service.ServiceProxy.setTask(ServiceProxy.java:157)
08-29 01:52:53.713 22760 22760 E ActivityThread: 	at com.android.emailcommon.service.ServiceProxy.setTask(ServiceProxy.java:145)
08-29 01:52:53.713 22760 22760 E ActivityThread: 	at com.android.emailcommon.service.ServiceProxy.test(ServiceProxy.java:191)
08-29 01:52:53.713 22760 22760 E ActivityThread: 	at com.android.exchange.ExchangeService$7.run(ExchangeService.java:1850)
08-29 01:52:53.713 22760 22760 E ActivityThread: 	at com.android.emailcommon.utility.Utility$2.doInBackground(Utility.java:551)
08-29 01:52:53.713 22760 22760 E ActivityThread: 	at com.android.emailcommon.utility.Utility$2.doInBackground(Utility.java:549)
08-29 01:52:53.713 22760 22760 E ActivityThread: 	at android.os.AsyncTask$2.call(AsyncTask.java:287)
08-29 01:52:53.713 22760 22760 E ActivityThread: 	at java.util.concurrent.FutureTask.run(FutureTask.java:234)
08-29 01:52:53.713 22760 22760 E ActivityThread: 	at java.util.concurrent.ThreadPoolExecutor.runWorker(ThreadPoolExecutor.java:1080)
08-29 01:52:53.713 22760 22760 E ActivityThread: 	at java.util.concurrent.ThreadPoolExecutor$Worker.run(ThreadPoolExecutor.java:573)
08-29 01:52:53.713 22760 22760 E ActivityThread: 	at java.lang.Thread.run(Thread.java:856)
08-29 01:52:53.723 22195 22493 W ActivityManager: Unable to start service Intent { act=com.android.email.ACCOUNT_INTENT } U=0: not found
08-29 01:52:53.723 22195  8366 W ActivityManager: Unbind failed: could not find connection for android.os.BinderProxy@427eb6d0
08-29 01:53:41.284 22195 22427 W ThrottleService: unable to find stats for iface rmnet_usb0
08-29 01:53:43.767 22195 22320 W ActivityManager: Unable to start service Intent { act=com.android.email.ACCOUNT_INTENT } U=0: not found
08-29 01:53:43.777 22760 22760 E ActivityThread: Service com.android.exchange.ExchangeService has leaked ServiceConnection com.android.emailcommon.service.ServiceProxy$ProxyConnection@41e345d0 that was originally bound here
08-29 01:53:43.777 22760 22760 E ActivityThread: android.app.ServiceConnectionLeaked: Service com.android.exchange.ExchangeService has leaked ServiceConnection com.android.emailcommon.service.ServiceProxy$ProxyConnection@41e345d0 that was originally bound here
08-29 01:53:43.777 22760 22760 E ActivityThread: 	at android.app.LoadedApk$ServiceDispatcher.<init>(LoadedApk.java:969)
08-29 01:53:43.777 22760 22760 E ActivityThread: 	at android.app.LoadedApk.getServiceDispatcher(LoadedApk.java:863)
08-29 01:53:43.777 22760 22760 E ActivityThread: 	at android.app.ContextImpl.bindService(ContextImpl.java:1424)
08-29 01:53:43.777 22760 22760 E ActivityThread: 	at android.app.ContextImpl.bindService(ContextImpl.java:1413)
08-29 01:53:43.777 22760 22760 E ActivityThread: 	at android.content.ContextWrapper.bindService(ContextWrapper.java:473)
08-29 01:53:43.777 22760 22760 E ActivityThread: 	at com.android.emailcommon.service.ServiceProxy.setTask(ServiceProxy.java:157)
08-29 01:53:43.777 22760 22760 E ActivityThread: 	at com.android.emailcommon.service.ServiceProxy.setTask(ServiceProxy.java:145)
08-29 01:53:43.777 22760 22760 E ActivityThread: 	at com.android.emailcommon.service.ServiceProxy.test(ServiceProxy.java:191)
08-29 01:53:43.777 22760 22760 E ActivityThread: 	at com.android.exchange.ExchangeService$7.run(ExchangeService.java:1850)
08-29 01:53:43.777 22760 22760 E ActivityThread: 	at com.android.emailcommon.utility.Utility$2.doInBackground(Utility.java:551)
08-29 01:53:43.777 22760 22760 E ActivityThread: 	at com.android.emailcommon.utility.Utility$2.doInBackground(Utility.java:549)
08-29 01:53:43.777 22760 22760 E ActivityThread: 	at android.os.AsyncTask$2.call(AsyncTask.java:287)
08-29 01:53:43.777 22760 22760 E ActivityThread: 	at java.util.concurrent.FutureTask.run(FutureTask.java:234)
08-29 01:53:43.777 22760 22760 E ActivityThread: 	at java.util.concurrent.ThreadPoolExecutor.runWorker(ThreadPoolExecutor.java:1080)
08-29 01:53:43.777 22760 22760 E ActivityThread: 	at java.util.concurrent.ThreadPoolExecutor$Worker.run(ThreadPoolExecutor.java:573)
08-29 01:53:43.777 22760 22760 E ActivityThread: 	at java.lang.Thread.run(Thread.java:856)
08-29 01:53:43.787 22195 22477 W ActivityManager: Unable to start service Intent { act=com.android.email.ACCOUNT_INTENT } U=0: not found
08-29 01:53:43.787 22195 22493 W ActivityManager: Unbind failed: could not find connection for android.os.BinderProxy@42106cd0
08-29 01:54:33.830 22195 23437 W ActivityManager: Unable to start service Intent { act=com.android.email.ACCOUNT_INTENT } U=0: not found
08-29 01:54:33.830 22195 22195 W ActivityManager: Unable to start service Intent { act=com.android.email.ACCOUNT_INTENT } U=0: not found
08-29 01:54:33.830 22760 22760 E ActivityThread: Service com.android.exchange.ExchangeService has leaked ServiceConnection com.android.emailcommon.service.ServiceProxy$ProxyConnection@41e43c08 that was originally bound here
08-29 01:54:33.830 22760 22760 E ActivityThread: android.app.ServiceConnectionLeaked: Service com.android.exchange.ExchangeService has leaked ServiceConnection com.android.emailcommon.service.ServiceProxy$ProxyConnection@41e43c08 that was originally bound here
08-29 01:54:33.830 22760 22760 E ActivityThread: 	at android.app.LoadedApk$ServiceDispatcher.<init>(LoadedApk.java:969)
08-29 01:54:33.830 22760 22760 E ActivityThread: 	at android.app.LoadedApk.getServiceDispatcher(LoadedApk.java:863)
08-29 01:54:33.830 22760 22760 E ActivityThread: 	at android.app.ContextImpl.bindService(ContextImpl.java:1424)
08-29 01:54:33.830 22760 22760 E ActivityThread: 	at android.app.ContextImpl.bindService(ContextImpl.java:1413)
08-29 01:54:33.830 22760 22760 E ActivityThread: 	at android.content.ContextWrapper.bindService(ContextWrapper.java:473)
08-29 01:54:33.830 22760 22760 E ActivityThread: 	at com.android.emailcommon.service.ServiceProxy.setTask(ServiceProxy.java:157)
08-29 01:54:33.830 22760 22760 E ActivityThread: 	at com.android.emailcommon.service.ServiceProxy.setTask(ServiceProxy.java:145)
08-29 01:54:33.830 22760 22760 E ActivityThread: 	at com.android.emailcommon.service.ServiceProxy.test(ServiceProxy.java:191)
08-29 01:54:33.830 22760 22760 E ActivityThread: 	at com.android.exchange.ExchangeService$7.run(ExchangeService.java:1850)
08-29 01:54:33.830 22760 22760 E ActivityThread: 	at com.android.emailcommon.utility.Utility$2.doInBackground(Utility.java:551)
08-29 01:54:33.830 22760 22760 E ActivityThread: 	at com.android.emailcommon.utility.Utility$2.doInBackground(Utility.java:549)
08-29 01:54:33.830 22760 22760 E ActivityThread: 	at android.os.AsyncTask$2.call(AsyncTask.java:287)
08-29 01:54:33.830 22760 22760 E ActivityThread: 	at java.util.concurrent.FutureTask.run(FutureTask.java:234)
08-29 01:54:33.830 22760 22760 E ActivityThread: 	at java.util.concurrent.ThreadPoolExecutor.runWorker(ThreadPoolExecutor.java:1080)
08-29 01:54:33.830 22760 22760 E ActivityThread: 	at java.util.concurrent.ThreadPoolExecutor$Worker.run(ThreadPoolExecutor.java:573)
08-29 01:54:33.830 22760 22760 E ActivityThread: 	at java.lang.Thread.run(Thread.java:856)
08-29 01:54:33.840 22195 22513 W ActivityManager: Unbind failed: could not find connection for android.os.BinderProxy@421e8f10
08-29 01:55:23.854 22195 22195 W ActivityManager: Unable to start service Intent { act=com.android.email.ACCOUNT_INTENT } U=0: not found
08-29 01:55:23.864 22760 22760 E ActivityThread: Service com.android.exchange.ExchangeService has leaked ServiceConnection com.android.emailcommon.service.ServiceProxy$ProxyConnection@41e4a758 that was originally bound here
08-29 01:55:23.864 22760 22760 E ActivityThread: android.app.ServiceConnectionLeaked: Service com.android.exchange.ExchangeService has leaked ServiceConnection com.android.emailcommon.service.ServiceProxy$ProxyConnection@41e4a758 that was originally bound here
08-29 01:55:23.864 22760 22760 E ActivityThread: 	at android.app.LoadedApk$ServiceDispatcher.<init>(LoadedApk.java:969)
08-29 01:55:23.864 22760 22760 E ActivityThread: 	at android.app.LoadedApk.getServiceDispatcher(LoadedApk.java:863)
08-29 01:55:23.864 22760 22760 E ActivityThread: 	at android.app.ContextImpl.bindService(ContextImpl.java:1424)
08-29 01:55:23.864 22760 22760 E ActivityThread: 	at android.app.ContextImpl.bindService(ContextImpl.java:1413)
08-29 01:55:23.864 22760 22760 E ActivityThread: 	at android.content.ContextWrapper.bindService(ContextWrapper.java:473)
08-29 01:55:23.864 22760 22760 E ActivityThread: 	at com.android.emailcommon.service.ServiceProxy.setTask(ServiceProxy.java:157)
08-29 01:55:23.864 22760 22760 E ActivityThread: 	at com.android.emailcommon.service.ServiceProxy.setTask(ServiceProxy.java:145)
08-29 01:55:23.864 22760 22760 E ActivityThread: 	at com.android.emailcommon.service.ServiceProxy.test(ServiceProxy.java:191)
08-29 01:55:23.864 22760 22760 E ActivityThread: 	at com.android.exchange.ExchangeService$7.run(ExchangeService.java:1850)
08-29 01:55:23.864 22760 22760 E ActivityThread: 	at com.android.emailcommon.utility.Utility$2.doInBackground(Utility.java:551)
08-29 01:55:23.864 22760 22760 E ActivityThread: 	at com.android.emailcommon.utility.Utility$2.doInBackground(Utility.java:549)
08-29 01:55:23.864 22760 22760 E ActivityThread: 	at android.os.AsyncTask$2.call(AsyncTask.java:287)
08-29 01:55:23.864 22760 22760 E ActivityThread: 	at java.util.concurrent.FutureTask.run(FutureTask.java:234)
08-29 01:55:23.864 22760 22760 E ActivityThread: 	at java.util.concurrent.ThreadPoolExecutor.runWorker(ThreadPoolExecutor.java:1080)
08-29 01:55:23.864 22760 22760 E ActivityThread: 	at java.util.concurrent.ThreadPoolExecutor$Worker.run(ThreadPoolExecutor.java:573)
08-29 01:55:23.864 22760 22760 E ActivityThread: 	at java.lang.Thread.run(Thread.java:856)
08-29 01:55:23.864 22195 22493 W ActivityManager: Unable to start service Intent { act=com.android.email.ACCOUNT_INTENT } U=0: not found
08-29 01:55:23.874 22195 22206 W ActivityManager: Unbind failed: could not find connection for android.os.BinderProxy@42125058
08-29 01:56:13.917 22195  8366 W ActivityManager: Unable to start service Intent { act=com.android.email.ACCOUNT_INTENT } U=0: not found
08-29 01:56:13.917 22760 22760 E ActivityThread: Service com.android.exchange.ExchangeService has leaked ServiceConnection com.android.emailcommon.service.ServiceProxy$ProxyConnection@41e6bde8 that was originally bound here
08-29 01:56:13.917 22760 22760 E ActivityThread: android.app.ServiceConnectionLeaked: Service com.android.exchange.ExchangeService has leaked ServiceConnection com.android.emailcommon.service.ServiceProxy$ProxyConnection@41e6bde8 that was originally bound here
08-29 01:56:13.917 22760 22760 E ActivityThread: 	at android.app.LoadedApk$ServiceDispatcher.<init>(LoadedApk.java:969)
08-29 01:56:13.917 22760 22760 E ActivityThread: 	at android.app.LoadedApk.getServiceDispatcher(LoadedApk.java:863)
08-29 01:56:13.917 22760 22760 E ActivityThread: 	at android.app.ContextImpl.bindService(ContextImpl.java:1424)
08-29 01:56:13.917 22760 22760 E ActivityThread: 	at android.app.ContextImpl.bindService(ContextImpl.java:1413)
08-29 01:56:13.917 22760 22760 E ActivityThread: 	at android.content.ContextWrapper.bindService(ContextWrapper.java:473)
08-29 01:56:13.917 22760 22760 E ActivityThread: 	at com.android.emailcommon.service.ServiceProxy.setTask(ServiceProxy.java:157)
08-29 01:56:13.917 22760 22760 E ActivityThread: 	at com.android.emailcommon.service.ServiceProxy.setTask(ServiceProxy.java:145)
08-29 01:56:13.917 22760 22760 E ActivityThread: 	at com.android.emailcommon.service.ServiceProxy.test(ServiceProxy.java:191)
08-29 01:56:13.917 22760 22760 E ActivityThread: 	at com.android.exchange.ExchangeService$7.run(ExchangeService.java:1850)
08-29 01:56:13.917 22760 22760 E ActivityThread: 	at com.android.emailcommon.utility.Utility$2.doInBackground(Utility.java:551)
08-29 01:56:13.917 22760 22760 E ActivityThread: 	at com.android.emailcommon.utility.Utility$2.doInBackground(Utility.java:549)
08-29 01:56:13.917 22760 22760 E ActivityThread: 	at android.os.AsyncTask$2.call(AsyncTask.java:287)
08-29 01:56:13.917 22760 22760 E ActivityThread: 	at java.util.concurrent.FutureTask.run(FutureTask.java:234)
08-29 01:56:13.917 22760 22760 E ActivityThread: 	at java.util.concurrent.ThreadPoolExecutor.runWorker(ThreadPoolExecutor.java:1080)
08-29 01:56:13.917 22760 22760 E ActivityThread: 	at java.util.concurrent.ThreadPoolExecutor$Worker.run(ThreadPoolExecutor.java:573)
08-29 01:56:13.917 22760 22760 E ActivityThread: 	at java.lang.Thread.run(Thread.java:856)
08-29 01:56:13.917 22195 10834 W ActivityManager: Unable to start service Intent { act=com.android.email.ACCOUNT_INTENT } U=0: not found
08-29 01:56:13.917 22195 22512 W ActivityManager: Unbind failed: could not find connection for android.os.BinderProxy@422ce3a8
08-29 01:57:03.950 22195  8366 W ActivityManager: Unable to start service Intent { act=com.android.email.ACCOUNT_INTENT } U=0: not found
08-29 01:57:03.960 22760 22760 E ActivityThread: Service com.android.exchange.ExchangeService has leaked ServiceConnection com.android.emailcommon.service.ServiceProxy$ProxyConnection@41e0a868 that was originally bound here
08-29 01:57:03.960 22760 22760 E ActivityThread: android.app.ServiceConnectionLeaked: Service com.android.exchange.ExchangeService has leaked ServiceConnection com.android.emailcommon.service.ServiceProxy$ProxyConnection@41e0a868 that was originally bound here
08-29 01:57:03.960 22760 22760 E ActivityThread: 	at android.app.LoadedApk$ServiceDispatcher.<init>(LoadedApk.java:969)
08-29 01:57:03.960 22760 22760 E ActivityThread: 	at android.app.LoadedApk.getServiceDispatcher(LoadedApk.java:863)
08-29 01:57:03.960 22760 22760 E ActivityThread: 	at android.app.ContextImpl.bindService(ContextImpl.java:1424)
08-29 01:57:03.960 22760 22760 E ActivityThread: 	at android.app.ContextImpl.bindService(ContextImpl.java:1413)
08-29 01:57:03.960 22760 22760 E ActivityThread: 	at android.content.ContextWrapper.bindService(ContextWrapper.java:473)
08-29 01:57:03.960 22760 22760 E ActivityThread: 	at com.android.emailcommon.service.ServiceProxy.setTask(ServiceProxy.java:157)
08-29 01:57:03.960 22760 22760 E ActivityThread: 	at com.android.emailcommon.service.ServiceProxy.setTask(ServiceProxy.java:145)
08-29 01:57:03.960 22760 22760 E ActivityThread: 	at com.android.emailcommon.service.AccountServiceProxy.getDeviceId(AccountServiceProxy.java:116)
08-29 01:57:03.960 22760 22760 E ActivityThread: 	at com.android.exchange.ExchangeService.getDeviceId(ExchangeService.java:1249)
08-29 01:57:03.960 22760 22760 E ActivityThread: 	at com.android.exchange.ExchangeService$7.run(ExchangeService.java:1856)
08-29 01:57:03.960 22760 22760 E ActivityThread: 	at com.android.emailcommon.utility.Utility$2.doInBackground(Utility.java:551)
08-29 01:57:03.960 22760 22760 E ActivityThread: 	at com.android.emailcommon.utility.Utility$2.doInBackground(Utility.java:549)
08-29 01:57:03.960 22760 22760 E ActivityThread: 	at android.os.AsyncTask$2.call(AsyncTask.java:287)
08-29 01:57:03.960 22760 22760 E ActivityThread: 	at java.util.concurrent.FutureTask.run(FutureTask.java:234)
08-29 01:57:03.960 22760 22760 E ActivityThread: 	at java.util.concurrent.ThreadPoolExecutor.runWorker(ThreadPoolExecutor.java:1080)
08-29 01:57:03.960 22760 22760 E ActivityThread: 	at java.util.concurrent.ThreadPoolExecutor$Worker.run(ThreadPoolExecutor.java:573)
08-29 01:57:03.960 22760 22760 E ActivityThread: 	at java.lang.Thread.run(Thread.java:856)
08-29 01:57:03.960 22195 10834 W ActivityManager: Unable to start service Intent { act=com.android.email.ACCOUNT_INTENT } U=0: not found
08-29 01:57:03.970 22195 22512 W ActivityManager: Unbind failed: could not find connection for android.os.BinderProxy@421ef220
08-29 01:57:03.970 22760 22760 E ActivityThread: Service com.android.exchange.ExchangeService has leaked ServiceConnection com.android.emailcommon.service.ServiceProxy$ProxyConnection@41e71ef0 that was originally bound here
08-29 01:57:03.970 22760 22760 E ActivityThread: android.app.ServiceConnectionLeaked: Service com.android.exchange.ExchangeService has leaked ServiceConnection com.android.emailcommon.service.ServiceProxy$ProxyConnection@41e71ef0 that was originally bound here
08-29 01:57:03.970 22760 22760 E ActivityThread: 	at android.app.LoadedApk$ServiceDispatcher.<init>(LoadedApk.java:969)
08-29 01:57:03.970 22760 22760 E ActivityThread: 	at android.app.LoadedApk.getServiceDispatcher(LoadedApk.java:863)
08-29 01:57:03.970 22760 22760 E ActivityThread: 	at android.app.ContextImpl.bindService(ContextImpl.java:1424)
08-29 01:57:03.970 22760 22760 E ActivityThread: 	at android.app.ContextImpl.bindService(ContextImpl.java:1413)
08-29 01:57:03.970 22760 22760 E ActivityThread: 	at android.content.ContextWrapper.bindService(ContextWrapper.java:473)
08-29 01:57:03.970 22760 22760 E ActivityThread: 	at com.android.emailcommon.service.ServiceProxy.setTask(ServiceProxy.java:157)
08-29 01:57:03.970 22760 22760 E ActivityThread: 	at com.android.emailcommon.service.ServiceProxy.setTask(ServiceProxy.java:145)
08-29 01:57:03.970 22760 22760 E ActivityThread: 	at com.android.emailcommon.service.ServiceProxy.test(ServiceProxy.java:191)
08-29 01:57:03.970 22760 22760 E ActivityThread: 	at com.android.exchange.ExchangeService$7.run(ExchangeService.java:1850)
08-29 01:57:03.970 22760 22760 E ActivityThread: 	at com.android.emailcommon.utility.Utility$2.doInBackground(Utility.java:551)
08-29 01:57:03.970 22760 22760 E ActivityThread: 	at com.android.emailcommon.utility.Utility$2.doInBackground(Utility.java:549)
08-29 01:57:03.970 22760 22760 E ActivityThread: 	at android.os.AsyncTask$2.call(AsyncTask.java:287)
08-29 01:57:03.970 22760 22760 E ActivityThread: 	at java.util.concurrent.FutureTask.run(FutureTask.java:234)
08-29 01:57:03.970 22760 22760 E ActivityThread: 	at java.util.concurrent.ThreadPoolExecutor.runWorker(ThreadPoolExecutor.java:1080)
08-29 01:57:03.970 22760 22760 E ActivityThread: 	at java.util.concurrent.ThreadPoolExecutor$Worker.run(ThreadPoolExecutor.java:573)
08-29 01:57:03.970 22760 22760 E ActivityThread: 	at java.lang.Thread.run(Thread.java:856)
08-29 01:57:03.980 22195 23437 W ActivityManager: Unbind failed: could not find connection for android.os.BinderProxy@421f2b98
08-29 01:57:53.994 22195 22319 W ActivityManager: Unable to start service Intent { act=com.android.email.ACCOUNT_INTENT } U=0: not found
08-29 01:57:54.004 22760 22760 E ActivityThread: Service com.android.exchange.ExchangeService has leaked ServiceConnection com.android.emailcommon.service.ServiceProxy$ProxyConnection@41e43bf8 that was originally bound here
08-29 01:57:54.004 22760 22760 E ActivityThread: android.app.ServiceConnectionLeaked: Service com.android.exchange.ExchangeService has leaked ServiceConnection com.android.emailcommon.service.ServiceProxy$ProxyConnection@41e43bf8 that was originally bound here
08-29 01:57:54.004 22760 22760 E ActivityThread: 	at android.app.LoadedApk$ServiceDispatcher.<init>(LoadedApk.java:969)
08-29 01:57:54.004 22760 22760 E ActivityThread: 	at android.app.LoadedApk.getServiceDispatcher(LoadedApk.java:863)
08-29 01:57:54.004 22760 22760 E ActivityThread: 	at android.app.ContextImpl.bindService(ContextImpl.java:1424)
08-29 01:57:54.004 22760 22760 E ActivityThread: 	at android.app.ContextImpl.bindService(ContextImpl.java:1413)
08-29 01:57:54.004 22760 22760 E ActivityThread: 	at android.content.ContextWrapper.bindService(ContextWrapper.java:473)
08-29 01:57:54.004 22760 22760 E ActivityThread: 	at com.android.emailcommon.service.ServiceProxy.setTask(ServiceProxy.java:157)
08-29 01:57:54.004 22760 22760 E ActivityThread: 	at com.android.emailcommon.service.ServiceProxy.setTask(ServiceProxy.java:145)
08-29 01:57:54.004 22760 22760 E ActivityThread: 	at com.android.emailcommon.service.ServiceProxy.test(ServiceProxy.java:191)
08-29 01:57:54.004 22760 22760 E ActivityThread: 	at com.android.exchange.ExchangeService$7.run(ExchangeService.java:1850)
08-29 01:57:54.004 22760 22760 E ActivityThread: 	at com.android.emailcommon.utility.Utility$2.doInBackground(Utility.java:551)
08-29 01:57:54.004 22760 22760 E ActivityThread: 	at com.android.emailcommon.utility.Utility$2.doInBackground(Utility.java:549)
08-29 01:57:54.004 22760 22760 E ActivityThread: 	at android.os.AsyncTask$2.call(AsyncTask.java:287)
08-29 01:57:54.004 22760 22760 E ActivityThread: 	at java.util.concurrent.FutureTask.run(FutureTask.java:234)
08-29 01:57:54.004 22760 22760 E ActivityThread: 	at java.util.concurrent.ThreadPoolExecutor.runWorker(ThreadPoolExecutor.java:1080)
08-29 01:57:54.004 22760 22760 E ActivityThread: 	at java.util.concurrent.ThreadPoolExecutor$Worker.run(ThreadPoolExecutor.java:573)
