11-02 14:40:21.650   521   655 D ConnectivityService: Attempting to switch to BLUETOOTH_TETHER
11-02 14:40:21.650   521   655 D ConnectivityService: resetConnections(wlan0, 3)
11-02 14:40:22.651   521   655 D ConnectivityService: Captive portal check NetworkInfo: type: WIFI[], state: CONNECTING/CAPTIVE_PORTAL_CHECK, reason: (unspecified), extra: "nesl5", roaming: false, failover: false, isAvailable: true
11-02 14:40:22.651   521   655 D ConnectivityService: Captive portal check NetworkInfo: type: WIFI[], state: CONNECTING/CAPTIVE_PORTAL_CHECK, reason: (unspecified), extra: "nesl5", roaming: false, failover: false, isAvailable: true
11-02 14:40:22.691   521   655 D ConnectivityService: ConnectivityChange for WIFI: CONNECTED/CONNECTED
11-02 14:40:22.761   521   655 D ConnectivityService: ConnectivityChange for WIFI: CONNECTED/CONNECTED
11-02 14:40:22.781   521   655 D ConnectivityService: handleConnectivityChange: address are the same reset per doReset linkProperty[1]: resetMask=0
11-02 15:10:23.030   521   655 D ConnectivityService: NetTransition Wakelock for WifiStateMachine released by timeout
11-02 15:10:23.180   521   786 W ThrottleService: unable to find stats for iface rmnet_usb0
11-02 15:23:44.170   521   786 W ThrottleService: unable to find stats for iface rmnet_usb0
11-02 15:36:55.030   521   655 D ConnectivityService: handleInetConditionHoldEnd: net=1, condition=0, published condition=0
11-02 15:36:55.140   521   786 W ThrottleService: unable to find stats for iface rmnet_usb0
11-02 15:40:23.030   521   655 D ConnectivityService: Captive portal check NetworkInfo: type: WIFI[], state: CONNECTING/CAPTIVE_PORTAL_CHECK, reason: (unspecified), extra: "nesl5", roaming: false, failover: false, isAvailable: true
11-02 15:40:23.030   521   655 D ConnectivityService: Captive portal check NetworkInfo: type: WIFI[], state: CONNECTING/CAPTIVE_PORTAL_CHECK, reason: (unspecified), extra: "nesl5", roaming: false, failover: false, isAvailable: true
11-02 15:40:23.040   521   655 D ConnectivityService: ConnectivityChange for WIFI: CONNECTED/CONNECTED
11-02 15:40:23.040   521   655 D ConnectivityService: handleConnectivityChange: address are the same reset per doReset linkProperty[1]: resetMask=0
11-02 15:40:23.040   521   655 D ConnectivityService: ConnectivityChange for WIFI: CONNECTED/CONNECTED
11-02 15:40:23.050   521   655 D ConnectivityService: handleConnectivityChange: address are the same reset per doReset linkProperty[1]: resetMask=0
11-02 15:40:24.170   521   655 D ConnectivityService: NetTransition Wakelock for WifiStateMachine released by timeout
11-02 16:06:17.200   521   786 W ThrottleService: unable to find stats for iface rmnet_usb0
11-02 16:06:18.681   521   655 D ConnectivityService: handleInetConditionHoldEnd: net=1, condition=0, published condition=0
11-02 16:08:07.370   686   686 W PowerUI : unknown intent: Intent { act=android.intent.action.ACTION_POWER_CONNECTED flg=0x8000010 }
11-02 16:08:07.390   521   564 I PowerManagerService: Waking up from sleep...
11-02 16:08:07.590   521   537 I WindowManager: Lock screen displayed!
11-02 16:08:17.400   521   564 I PowerManagerService: Going to sleep due to screen timeout...
11-02 16:16:17.202   521   786 W ThrottleService: unable to find stats for iface rmnet_usb0
11-02 16:26:17.212   521   786 W ThrottleService: unable to find stats for iface rmnet_usb0
11-02 16:26:30.536   521   533 I ActivityManager: No longer want com.google.android.partnersetup (pid 6641): empty for 1800s
11-02 16:27:09.518   521  5370 I ActivityManager: No longer want com.android.browser (pid 6747): empty for 1800s
11-02 16:27:43.484   521   533 I ActivityManager: No longer want com.google.process.location (pid 5632): empty for 1800s
11-02 16:27:43.514   521  1007 W ActivityManager: Scheduling restart of crashed service com.google.android.gms/com.google.android.location.fused.NlpLocationReceiverService in 5000ms
11-02 16:27:43.514   521  1007 W ActivityManager: Scheduling restart of crashed service com.google.android.gms/com.google.android.location.internal.GoogleLocationManagerService in 14999ms
11-02 16:27:47.569   521  5446 I ActivityManager: No longer want com.google.android.gm (pid 6771): empty for 1800s
11-02 16:27:48.570   521   539 I ActivityManager: Start proc com.google.process.location for service com.google.android.gms/com.google.android.location.fused.NlpLocationReceiverService: pid=8039 uid=10044 gids={50044, 3003, 1007, 1028, 1015, 1006, 2001, 3006}
11-02 16:32:10.539   521   953 I ActivityManager: No longer want com.android.calendar (pid 5478): empty for 1800s
11-02 16:32:11.570   521  1001 I ActivityManager: No longer want com.google.android.inputmethod.latin.dictionarypack (pid 5496): empty for 1800s
11-02 16:33:19.293   521   951 I ActivityManager: No longer want com.android.vending (pid 7077): empty for 1800s
11-02 16:34:52.672   521   809 I ActivityManager: No longer want android.process.acore (pid 5352): empty for 1800s
11-02 16:35:35.718   521   655 D ConnectivityService: Captive portal check NetworkInfo: type: WIFI[], state: CONNECTING/CAPTIVE_PORTAL_CHECK, reason: (unspecified), extra: "nesl5", roaming: false, failover: false, isAvailable: true
11-02 16:35:35.718   521   655 D ConnectivityService: Captive portal check NetworkInfo: type: WIFI[], state: CONNECTING/CAPTIVE_PORTAL_CHECK, reason: (unspecified), extra: "nesl5", roaming: false, failover: false, isAvailable: true
11-02 16:35:35.728   521   655 D ConnectivityService: ConnectivityChange for WIFI: CONNECTED/CONNECTED
11-02 16:35:35.728   521   655 D ConnectivityService: handleConnectivityChange: address are the same reset per doReset linkProperty[1]: resetMask=0
11-02 16:35:35.748   521   655 D ConnectivityService: ConnectivityChange for WIFI: CONNECTED/CONNECTED
11-02 16:35:35.748   521   655 D ConnectivityService: handleConnectivityChange: address are the same reset per doReset linkProperty[1]: resetMask=0
11-02 16:35:36.729   521   655 D ConnectivityService: NetTransition Wakelock for WifiStateMachine released by timeout
11-02 16:35:41.805   521   655 D ConnectivityService: handleInetConditionHoldEnd: net=1, condition=0, published condition=0
11-02 16:36:17.222   521   786 W ThrottleService: unable to find stats for iface rmnet_usb0
11-02 16:37:58.501   521   532 I ActivityManager: No longer want com.google.android.apps.maps (pid 5135): empty for 1800s
11-02 16:38:43.328   521   566 I ActivityManager: Start proc com.google.android.apps.maps for service com.google.android.apps.maps/com.google.android.apps.gmm.prefetch.PrefetcherService: pid=8163 uid=10060 gids={50060, 3003, 1015, 1028}
11-02 16:38:43.368   521  1006 I ActivityManager: No longer want com.google.android.tts (pid 5179): empty for 1845s
11-02 16:38:43.939   521  1008 I ActivityManager: Start proc com.google.android.tts for service com.google.android.tts/.GoogleTTSService: pid=8207 uid=10048 gids={50048, 3003, 1015, 1028}
11-02 16:46:17.223   521   786 W ThrottleService: unable to find stats for iface rmnet_usb0
11-02 16:53:43.379   521   953 I ActivityManager: Start proc android.process.acore for content provider com.android.providers.contacts/.ContactsProvider2: pid=8256 uid=10000 gids={50000, 3003, 1015, 1028}
11-02 16:56:17.233   521   786 W ThrottleService: unable to find stats for iface rmnet_usb0
11-02 16:57:49.702   521  1007 I ActivityManager: No longer want com.google.process.location (pid 8039): empty for 1800s
11-02 16:57:49.742   521   533 W ActivityManager: Scheduling restart of crashed service com.google.android.gms/com.google.android.location.fused.NlpLocationReceiverService in 5000ms
11-02 16:57:49.742   521   533 W ActivityManager: Scheduling restart of crashed service com.google.android.gms/com.google.android.location.internal.GoogleLocationManagerService in 15000ms
11-02 16:57:54.797   521   539 I ActivityManager: Start proc com.google.process.location for service com.google.android.gms/com.google.android.location.fused.NlpLocationReceiverService: pid=8285 uid=10044 gids={50044, 3003, 1007, 1028, 1015, 1006, 2001, 3006}
11-02 17:05:39.022   521  1006 I ActivityManager: No longer want com.google.android.apps.uploader (pid 4869): empty for 1800s
11-02 17:05:39.022   521  1006 I ActivityManager: No longer want android.process.media (pid 4686): empty for 1800s
11-02 17:05:39.062   521  1007 W ActivityManager: Scheduling restart of crashed service com.android.providers.media/.MtpService in 5000ms
11-02 17:05:44.118   521   539 I ActivityManager: Start proc android.process.media for service com.android.providers.media/.MtpService: pid=8324 uid=10010 gids={50010, 1015, 1023, 1024, 1028, 2001, 3003, 3007}
11-02 17:06:17.223   521   786 W ThrottleService: unable to find stats for iface rmnet_usb0
11-02 17:08:43.900   521   792 I ActivityManager: No longer want com.google.android.apps.maps (pid 8163): empty for 1800s
11-02 17:16:17.233   521   786 W ThrottleService: unable to find stats for iface rmnet_usb0
11-02 17:26:17.244   521   786 W ThrottleService: unable to find stats for iface rmnet_usb0
11-02 17:27:59.993   521   539 I ActivityManager: No longer want android.process.acore (pid 8256): empty for 2056s
11-02 17:27:59.993   521   539 I ActivityManager: No longer want com.google.android.tts (pid 8207): empty for 2956s
11-02 17:32:52.776   521   566 I ActivityManager: Start proc com.android.vending for service com.android.vending/com.google.android.finsky.services.DailyHygiene: pid=8387 uid=10054 gids={50054, 3003, 1015, 1028}
11-02 17:32:54.978   521   793 I ActivityManager: No longer want com.google.android.gms (pid 4757): empty for 2100s
11-02 17:32:59.493   521   542 I ActivityManager: Start proc com.android.defcontainer for service com.android.defcontainer/.DefaultContainerService: pid=8502 uid=10008 gids={50008, 1015, 2001, 1028}
11-02 17:32:59.533   521   542 W ActivityManager: No content provider found for permission revoke: file:///data/data/com.android.vending/cache/patches/com.google.android.gm444297292.apk
11-02 17:32:59.613   521   542 W ActivityManager: No content provider found for permission revoke: file:///data/data/com.android.vending/cache/patches/com.google.android.gm444297292.apk
11-02 17:32:59.613   521   542 I PackageManager: Copying native libraries to /data/app-lib/vmdl-17274790
11-02 17:33:00.474   521   539 I ActivityManager: Force stopping package com.google.android.gm appid=10045 user=-1
11-02 17:33:00.474   521   542 W PackageManager: Trying to update system app code path from /system/app/Gmail2.apk to /data/app/com.google.android.gm-1.apk
11-02 17:33:01.855   521   542 W PackageManager: Code path for pkg : com.google.android.gm changing from /system/app/Gmail2.apk to /data/app/com.google.android.gm-1.apk
11-02 17:33:01.855   521   542 W PackageManager: Resource path for pkg : com.google.android.gm changing from /system/app/Gmail2.apk to /data/app/com.google.android.gm-1.apk
11-02 17:33:01.855   521   539 I ActivityManager: Force stopping package com.google.android.gm appid=10045 user=-1
11-02 17:33:01.926   521   542 W PackageManager: Unknown permission android.permission.ADD_SYSTEM_SERVICE in package com.android.phone
11-02 17:33:01.936   521   542 W PackageManager: Unknown permission com.android.vending.billing.IBillingAccountService.BIND2 in package com.google.android.gsf.login
11-02 17:33:01.936   521   542 W PackageManager: Unknown permission com.android.chrome.TOS_ACKED in package com.google.android.gsf.login
11-02 17:33:01.936   521   542 W PackageManager: Unknown permission com.google.android.gallery3d.permission.GALLERY_PROVIDER in package com.android.bluetooth
11-02 17:33:01.936   521   542 W PackageManager: Not granting permission android.permission.SEND_DOWNLOAD_COMPLETED_INTENTS to package com.android.browser (protectionLevel=2 flags=0x89be45)
11-02 17:33:01.936   521   542 W PackageManager: Unknown permission htc.socialmanager.permission.USE_SOCIALSERVICE in package com.joelapenna.foursquared
11-02 17:33:01.936   521   542 W PackageManager: Unknown permission htc.socialmanager.permission.READ_SOCIAL_DATABASE in package com.joelapenna.foursquared
11-02 17:33:01.936   521   542 W PackageManager: Unknown permission htc.socialmanager.permission.WRITE_SOCIAL_DATABASE in package com.joelapenna.foursquared
11-02 17:33:01.936   521   542 W PackageManager: Unknown permission htc.socialmanager.permission.USE_SOCIALCOMPONENT in package com.joelapenna.foursquared
11-02 17:33:01.936   521   542 W PackageManager: Unknown permission android.permission.LOCATION_HARDWARE in package com.google.android.gms
11-02 17:33:01.936   521   542 W PackageManager: Unknown permission android.permission.GET_APP_OPS_STATS in package com.google.android.gms
11-02 17:33:01.936   521   542 W PackageManager: Unknown permission android.permission.UPDATE_APP_OPS_STATS in package com.google.android.gms
11-02 17:33:01.936   521   542 W PackageManager: Unknown permission com.google.android.gallery3d.permission.PICASA_STORE in package com.android.dreams.phototable
11-02 17:33:01.936   521   542 W PackageManager: Unknown permission android.permission.READ_OWNER_DATA in package com.google.android.setupwizard
11-02 17:33:01.936   521   542 W PackageManager: Unknown permission android.permission.WRITE_OWNER_DATA in package com.google.android.setupwizard
11-02 17:33:01.936   521   542 W PackageManager: Unknown permission com.google.android.voicesearch.SHORTCUTS_ACCESS in package com.google.android.googlequicksearchbox
11-02 17:33:01.936   521   542 W PackageManager: Unknown permission com.google.android.ears.permission.WRITE in package com.google.android.googlequicksearchbox
11-02 17:33:01.936   521   542 W PackageManager: Unknown permission com.google.android.apps.googlevoice.permission.AUTO_SEND in package com.google.android.googlequicksearchbox
11-02 17:33:01.946   521   542 W PackageManager: Not granting permission android.permission.SEND_DOWNLOAD_COMPLETED_INTENTS to package com.android.vending (protectionLevel=2 flags=0x8abe45)
11-02 17:33:01.946   521   542 W PackageManager: Unknown permission com.android.email.permission.READ_ATTACHMENT in package com.android.exchange
11-02 17:33:01.946   521   542 W PackageManager: Unknown permission com.android.email.permission.ACCESS_PROVIDER in package com.android.exchange
11-02 17:33:01.946   521   542 W PackageManager: Unknown permission com.google.android.gallery3d.permission.GALLERY_PROVIDER in package com.android.exchange
11-02 17:33:01.946   521   542 W PackageManager: Not granting permission android.permission.DEVICE_POWER to package com.android.deskclock (protectionLevel=2 flags=0x88be45)
11-02 17:33:01.946   521   542 W PackageManager: Not granting permission android.permission.READ_DREAM_STATE to package com.google.android.gsf (protectionLevel=2 flags=0x883e45)
11-02 17:33:02.026   521  1001 I ActivityManager: No longer want com.google.process.location (pid 8285): empty for 2106s
11-02 17:33:02.026   521   542 I ActivityManager: Force stopping package com.google.android.gm appid=10045 user=0
11-02 17:33:02.066   521   521 W ActivityManager: Scheduling restart of crashed service com.google.android.gms/com.google.android.location.fused.NlpLocationReceiverService in 5000ms
11-02 17:33:02.066   521   521 W ActivityManager: Scheduling restart of crashed service com.google.android.gms/com.google.android.location.internal.GoogleLocationManagerService in 15000ms
11-02 17:33:02.076   521   539 W BroadcastQueue: Failure sending broadcast Intent { act=android.intent.action.PACKAGE_REMOVED dat=package:com.google.android.gm flg=0x8000010 (has extras) }
11-02 17:33:02.076   521   539 W BroadcastQueue: android.os.DeadObjectException
11-02 17:33:02.076   521   539 W BroadcastQueue: 	at android.os.BinderProxy.transact(Native Method)
11-02 17:33:02.076   521   539 W BroadcastQueue: 	at android.content.IIntentReceiver$Stub$Proxy.performReceive(IIntentReceiver.java:124)
11-02 17:33:02.076   521   539 W BroadcastQueue: 	at com.android.server.am.BroadcastQueue.performReceiveLocked(BroadcastQueue.java:376)
11-02 17:33:02.076   521   539 W BroadcastQueue: 	at com.android.server.am.BroadcastQueue.deliverToRegisteredReceiverLocked(BroadcastQueue.java:439)
11-02 17:33:02.076   521   539 W BroadcastQueue: 	at com.android.server.am.BroadcastQueue.processNextBroadcast(BroadcastQueue.java:487)
11-02 17:33:02.076   521   539 W BroadcastQueue: 	at com.android.server.am.BroadcastQueue$1.handleMessage(BroadcastQueue.java:140)
11-02 17:33:02.076   521   539 W BroadcastQueue: 	at android.os.Handler.dispatchMessage(Handler.java:99)
11-02 17:33:02.076   521   539 W BroadcastQueue: 	at android.os.Looper.loop(Looper.java:137)
11-02 17:33:02.076   521   539 W BroadcastQueue: 	at com.android.server.am.ActivityManagerService$AThread.run(ActivityManagerService.java:1480)
11-02 17:33:02.086   521   539 I ActivityManager: Start proc android.process.acore for broadcast com.android.providers.contacts/.PackageIntentReceiver: pid=8522 uid=10000 gids={50000, 3003, 1015, 1028}
11-02 17:33:02.216   521   562 W InputMethodManagerService: Found no subtypes in a system IME: com.android.inputmethod.pinyin
11-02 17:33:02.236   521  1008 I ActivityManager: Start proc com.android.gallery3d for broadcast com.android.gallery3d/.app.PackagesMonitor: pid=8551 uid=10014 gids={50014, 1006, 3003, 1015, 1028}
11-02 17:33:02.326   521  5370 I ActivityManager: Start proc com.android.keychain for broadcast com.android.keychain/.KeyChainBroadcastReceiver: pid=8566 uid=1000 gids={41000, 1015, 1028, 3002, 3001, 3003}
11-02 17:33:02.366  8566  8566 W ContextImpl: Calling a method in the system process without a qualified user: android.app.ContextImpl.startService:1358 android.content.ContextWrapper.startService:450 android.content.ContextWrapper.startService:450 com.android.keychain.KeyChainBroadcastReceiver.onReceive:12 android.app.ActivityThread.handleReceiver:2376 
11-02 17:33:02.376   521  1001 I ActivityManager: Start proc com.android.musicfx for broadcast com.android.musicfx/.Compatibility$Receiver: pid=8580 uid=10024 gids={50024, 3003, 3002, 1028}
11-02 17:33:02.446   521   793 I ActivityManager: Start proc com.android.voicedialer for broadcast com.android.voicedialer/.VoiceDialerReceiver: pid=8594 uid=10040 gids={50040, 3002, 1028}
11-02 17:33:02.476   521   521 I ActivityManager: Start proc com.google.android.googlequicksearchbox for broadcast com.google.android.googlequicksearchbox/com.google.android.apps.sidekick.GmmLocationProviderImpl$GmmPackageWatcher: pid=8608 uid=10053 gids={50053, 3003, 1028, 1007, 3002, 1015}
11-02 17:33:02.536   521  1006 I ActivityManager: Start proc com.google.android.partnersetup for content provider com.google.android.partnersetup/.RlzAppProvider: pid=8624 uid=10047 gids={50047, 3003, 1028}
11-02 17:33:02.616   521   793 I ActivityManager: Start proc com.google.android.gms for broadcast com.google.android.gms/.games.receiver.GamesSystemBroadcastReceiver: pid=8646 uid=10044 gids={50044, 3003, 1007, 1028, 1015, 1006, 2001, 3006}
11-02 17:33:02.776   521  1006 I ActivityManager: Start proc com.svox.pico for broadcast com.svox.pico/.VoiceDataInstallerReceiver: pid=8677 uid=10030 gids={50030, 1015, 1028}
11-02 17:33:02.927   521  5370 I ActivityManager: Start proc com.google.process.location for broadcast com.google.android.gms/com.google.android.location.reporting.service.ExternalChangeReceiver: pid=8724 uid=10044 gids={50044, 3003, 1007, 1028, 1015, 1006, 2001, 3006}
11-02 17:33:03.007   521   865 I ActivityManager: Start proc com.google.android.gm for broadcast com.google.android.gm/.GoogleMailPackageReplaceReceiver: pid=8762 uid=10045 gids={50045, 3003, 1015, 1028}
11-02 17:33:03.077  8762  8762 D ActivityThread: Loading provider com.android.gmail.ui: com.google.android.gm.provider.GmailProvider
11-02 17:33:03.878   521   521 W ActivityManager: Unable to start service Intent { act=com.android.mail.action.BACKUP_DATA_CHANGED } U=0: not found
11-02 17:33:03.888   521  5446 W ActivityManager: Unable to start service Intent { act=com.android.mail.action.BACKUP_DATA_CHANGED } U=0: not found
11-02 17:33:03.898   521  1001 W ActivityManager: Unable to start service Intent { act=com.android.mail.action.BACKUP_DATA_CHANGED } U=0: not found
11-02 17:33:03.898   521   533 W ActivityManager: Unable to start service Intent { act=com.android.mail.action.BACKUP_DATA_CHANGED } U=0: not found
11-02 17:33:03.948   521   521 W ActivityManager: Unable to start service Intent { act=com.android.mail.action.BACKUP_DATA_CHANGED } U=0: not found
11-02 17:33:03.948   521   793 W ActivityManager: Unable to start service Intent { act=com.android.mail.action.BACKUP_DATA_CHANGED } U=0: not found
11-02 17:33:03.948   521   532 W ActivityManager: Unable to start service Intent { act=com.android.mail.action.BACKUP_DATA_CHANGED } U=0: not found
11-02 17:33:05.229   521   542 W ActivityManager: No content provider found for permission revoke: file:///data/data/com.android.vending/cache/patches/com.joelapenna.foursquared174707668.apk
11-02 17:33:05.389   521   542 W ActivityManager: No content provider found for permission revoke: file:///data/data/com.android.vending/cache/patches/com.joelapenna.foursquared174707668.apk
11-02 17:33:05.389   521   542 I PackageManager: Copying native libraries to /data/app-lib/vmdl1832481782
11-02 17:33:06.090   521  1001 W ActivityManager: Unable to start service Intent { act=com.android.mail.action.BACKUP_DATA_CHANGED } U=0: not found
11-02 17:33:06.090   521   533 W ActivityManager: Unable to start service Intent { act=com.android.mail.action.BACKUP_DATA_CHANGED } U=0: not found
11-02 17:33:06.100   521   809 W ActivityManager: Unable to start service Intent { act=com.android.mail.action.BACKUP_DATA_CHANGED } U=0: not found
11-02 17:33:06.100   521   793 W ActivityManager: Unable to start service Intent { act=com.android.mail.action.BACKUP_DATA_CHANGED } U=0: not found
11-02 17:33:06.100   521   951 W ActivityManager: Unable to start service Intent { act=com.android.mail.action.BACKUP_DATA_CHANGED } U=0: not found
11-02 17:33:07.612   521   533 W ActivityManager: Unable to start service Intent { act=com.google.android.gms.analytics.service.START (has extras) } U=0: not found
11-02 17:33:08.202   521  1008 W ActivityManager: Unable to start service Intent { act=com.google.android.gms.analytics.service.START (has extras) } U=0: not found
11-02 17:33:08.633   521   539 I ActivityManager: Force stopping package com.joelapenna.foursquared appid=10061 user=-1
11-02 17:33:08.713   521   542 I PackageManager: Package com.joelapenna.foursquared codePath changed from /data/app/com.joelapenna.foursquared-1.apk to /data/app/com.joelapenna.foursquared-2.apk; Retaining data and using new
11-02 17:33:11.556   521   539 I ActivityManager: Force stopping package com.joelapenna.foursquared appid=10061 user=-1
11-02 17:33:11.556   521   542 W PackageManager: Code path for pkg : com.joelapenna.foursquared changing from /data/app/com.joelapenna.foursquared-1.apk to /data/app/com.joelapenna.foursquared-2.apk
11-02 17:33:11.556   521   542 W PackageManager: Resource path for pkg : com.joelapenna.foursquared changing from /data/app/com.joelapenna.foursquared-1.apk to /data/app/com.joelapenna.foursquared-2.apk
11-02 17:33:11.616   521   542 W PackageManager: Unknown permission android.permission.ADD_SYSTEM_SERVICE in package com.android.phone
11-02 17:33:11.626   521   542 W PackageManager: Unknown permission com.android.vending.billing.IBillingAccountService.BIND2 in package com.google.android.gsf.login
11-02 17:33:11.626   521   542 W PackageManager: Unknown permission com.android.chrome.TOS_ACKED in package com.google.android.gsf.login
11-02 17:33:11.626   521   542 W PackageManager: Unknown permission com.google.android.gallery3d.permission.GALLERY_PROVIDER in package com.android.bluetooth
11-02 17:33:11.626   521   542 W PackageManager: Not granting permission android.permission.SEND_DOWNLOAD_COMPLETED_INTENTS to package com.android.browser (protectionLevel=2 flags=0x89be45)
11-02 17:33:11.636   521   542 W PackageManager: Unknown permission android.permission.LOCATION_HARDWARE in package com.google.android.gms
11-02 17:33:11.636   521   542 W PackageManager: Unknown permission android.permission.GET_APP_OPS_STATS in package com.google.android.gms
11-02 17:33:11.636   521   542 W PackageManager: Unknown permission android.permission.UPDATE_APP_OPS_STATS in package com.google.android.gms
11-02 17:33:11.636   521   542 W PackageManager: Unknown permission com.google.android.gallery3d.permission.PICASA_STORE in package com.android.dreams.phototable
11-02 17:33:11.636   521   542 W PackageManager: Unknown permission android.permission.READ_OWNER_DATA in package com.google.android.setupwizard
11-02 17:33:11.636   521   542 W PackageManager: Unknown permission android.permission.WRITE_OWNER_DATA in package com.google.android.setupwizard
11-02 17:33:11.636   521   542 W PackageManager: Unknown permission com.google.android.voicesearch.SHORTCUTS_ACCESS in package com.google.android.googlequicksearchbox
11-02 17:33:11.636   521   542 W PackageManager: Unknown permission com.google.android.ears.permission.WRITE in package com.google.android.googlequicksearchbox
11-02 17:33:11.636   521   542 W PackageManager: Unknown permission com.google.android.apps.googlevoice.permission.AUTO_SEND in package com.google.android.googlequicksearchbox
11-02 17:33:11.646   521   542 W PackageManager: Not granting permission android.permission.SEND_DOWNLOAD_COMPLETED_INTENTS to package com.android.vending (protectionLevel=2 flags=0x8abe45)
11-02 17:33:11.646   521   542 W PackageManager: Unknown permission com.android.email.permission.READ_ATTACHMENT in package com.android.exchange
11-02 17:33:11.646   521   542 W PackageManager: Unknown permission com.android.email.permission.ACCESS_PROVIDER in package com.android.exchange
11-02 17:33:11.646   521   542 W PackageManager: Unknown permission com.google.android.gallery3d.permission.GALLERY_PROVIDER in package com.android.exchange
11-02 17:33:11.646   521   542 W PackageManager: Not granting permission android.permission.DEVICE_POWER to package com.android.deskclock (protectionLevel=2 flags=0x88be45)
11-02 17:33:11.646   521   542 W PackageManager: Not granting permission android.permission.READ_DREAM_STATE to package com.google.android.gsf (protectionLevel=2 flags=0x883e45)
11-02 17:33:11.646   521   542 W PackageManager: Unknown permission htc.socialmanager.permission.USE_SOCIALSERVICE in package com.joelapenna.foursquared
11-02 17:33:11.646   521   542 W PackageManager: Unknown permission htc.socialmanager.permission.READ_SOCIAL_DATABASE in package com.joelapenna.foursquared
11-02 17:33:11.646   521   542 W PackageManager: Unknown permission htc.socialmanager.permission.WRITE_SOCIAL_DATABASE in package com.joelapenna.foursquared
11-02 17:33:11.646   521   542 W PackageManager: Unknown permission htc.socialmanager.permission.USE_SOCIALCOMPONENT in package com.joelapenna.foursquared
11-02 17:33:11.696   521   542 I ActivityManager: Force stopping package com.joelapenna.foursquared appid=10061 user=0
11-02 17:33:11.886  8566  8566 W ContextImpl: Calling a method in the system process without a qualified user: android.app.ContextImpl.startService:1358 android.content.ContextWrapper.startService:450 android.content.ContextWrapper.startService:450 com.android.keychain.KeyChainBroadcastReceiver.onReceive:12 android.app.ActivityThread.handleReceiver:2376 
11-02 17:33:11.896   521   562 W InputMethodManagerService: Found no subtypes in a system IME: com.android.inputmethod.pinyin
11-02 17:33:12.186   521   655 D ConnectivityService: Captive portal check NetworkInfo: type: WIFI[], state: CONNECTING/CAPTIVE_PORTAL_CHECK, reason: (unspecified), extra: "nesl5", roaming: false, failover: false, isAvailable: true
11-02 17:33:12.186   521   655 D ConnectivityService: Captive portal check NetworkInfo: type: WIFI[], state: CONNECTING/CAPTIVE_PORTAL_CHECK, reason: (unspecified), extra: "nesl5", roaming: false, failover: false, isAvailable: true
11-02 17:33:12.197   521   655 D ConnectivityService: ConnectivityChange for WIFI: CONNECTED/CONNECTED
11-02 17:33:12.197   521   655 D ConnectivityService: handleConnectivityChange: address are the same reset per doReset linkProperty[1]: resetMask=0
11-02 17:33:12.207   521   655 D ConnectivityService: ConnectivityChange for WIFI: CONNECTED/CONNECTED
11-02 17:33:12.207   521   655 D ConnectivityService: handleConnectivityChange: address are the same reset per doReset linkProperty[1]: resetMask=0
11-02 17:33:12.607   521   808 W ActivityManager: Unable to start service Intent { act=com.google.android.gms.analytics.service.START (has extras) } U=0: not found
11-02 17:33:13.198   521   655 D ConnectivityService: NetTransition Wakelock for WifiStateMachine released by timeout
11-02 17:33:13.208   521  5446 W ActivityManager: Unable to start service Intent { act=com.google.android.gms.analytics.service.START (has extras) } U=0: not found
11-02 17:33:15.280   521   865 I ActivityManager: Start proc com.google.android.apps.uploader for broadcast com.google.android.apps.uploader/com.google.android.picasasync.ConnectivityReceiver: pid=8997 uid=10050 gids={50050, 3003, 1015, 1028}
11-02 17:33:18.233   521   655 D ConnectivityService: handleInetConditionHoldEnd: net=1, condition=0, published condition=0
11-02 17:33:18.914   521   542 W ActivityManager: No content provider found for permission revoke: file:///data/data/com.android.vending/cache/patches/com.google.android.googlequicksearchbox-943279766.apk
11-02 17:33:19.074   521   542 W ActivityManager: No content provider found for permission revoke: file:///data/data/com.android.vending/cache/patches/com.google.android.googlequicksearchbox-943279766.apk
11-02 17:33:19.074   521   542 I PackageManager: Copying native libraries to /data/app-lib/vmdl-2092257007
11-02 17:33:21.196   521   539 I ActivityManager: Force stopping package com.google.android.googlequicksearchbox appid=10053 user=-1
11-02 17:33:21.196   521   539 I ActivityManager: Killing proc 8608:com.google.android.googlequicksearchbox/u0a10053: force stop com.google.android.googlequicksearchbox
11-02 17:33:21.196   521   542 W PackageManager: Trying to update system app code path from /system/app/Velvet.apk to /data/app/com.google.android.googlequicksearchbox-1.apk
11-02 17:33:23.799   521   539 I ActivityManager: Force stopping package com.google.android.googlequicksearchbox appid=10053 user=-1
11-02 17:33:23.799   521   542 W PackageManager: Code path for pkg : com.google.android.googlequicksearchbox changing from /system/app/Velvet.apk to /data/app/com.google.android.googlequicksearchbox-1.apk
11-02 17:33:23.799   521   542 W PackageManager: Resource path for pkg : com.google.android.googlequicksearchbox changing from /system/app/Velvet.apk to /data/app/com.google.android.googlequicksearchbox-1.apk
11-02 17:33:23.869   521   542 I PackageManager: Removing old permission: com.google.android.voicesearch.OVERRIDE from package com.google.android.googlequicksearchbox
11-02 17:33:23.869   521   542 W PackageManager: Unknown permission android.permission.ADD_SYSTEM_SERVICE in package com.android.phone
11-02 17:33:23.869   521   542 W PackageManager: Unknown permission com.android.vending.billing.IBillingAccountService.BIND2 in package com.google.android.gsf.login
11-02 17:33:23.869   521   542 W PackageManager: Unknown permission com.android.chrome.TOS_ACKED in package com.google.android.gsf.login
11-02 17:33:23.869   521   542 W PackageManager: Unknown permission com.google.android.gallery3d.permission.GALLERY_PROVIDER in package com.android.bluetooth
11-02 17:33:23.869   521   542 W PackageManager: Not granting permission android.permission.SEND_DOWNLOAD_COMPLETED_INTENTS to package com.android.browser (protectionLevel=2 flags=0x89be45)
11-02 17:33:23.869   521   542 W PackageManager: Unknown permission htc.socialmanager.permission.USE_SOCIALSERVICE in package com.joelapenna.foursquared
11-02 17:33:23.869   521   542 W PackageManager: Unknown permission htc.socialmanager.permission.READ_SOCIAL_DATABASE in package com.joelapenna.foursquared
11-02 17:33:23.869   521   542 W PackageManager: Unknown permission htc.socialmanager.permission.WRITE_SOCIAL_DATABASE in package com.joelapenna.foursquared
11-02 17:33:23.869   521   542 W PackageManager: Unknown permission htc.socialmanager.permission.USE_SOCIALCOMPONENT in package com.joelapenna.foursquared
11-02 17:33:23.869   521   542 W PackageManager: Unknown permission android.permission.LOCATION_HARDWARE in package com.google.android.gms
11-02 17:33:23.869   521   542 W PackageManager: Unknown permission android.permission.GET_APP_OPS_STATS in package com.google.android.gms
11-02 17:33:23.869   521   542 W PackageManager: Unknown permission android.permission.UPDATE_APP_OPS_STATS in package com.google.android.gms
11-02 17:33:23.869   521   542 W PackageManager: Unknown permission com.google.android.gallery3d.permission.PICASA_STORE in package com.android.dreams.phototable
11-02 17:33:23.869   521   542 W PackageManager: Unknown permission android.permission.READ_OWNER_DATA in package com.google.android.setupwizard
11-02 17:33:23.869   521   542 W PackageManager: Unknown permission android.permission.WRITE_OWNER_DATA in package com.google.android.setupwizard
11-02 17:33:23.879   521   542 W PackageManager: Not granting permission android.permission.SEND_DOWNLOAD_COMPLETED_INTENTS to package com.android.vending (protectionLevel=2 flags=0x8abe45)
11-02 17:33:23.879   521   542 W PackageManager: Unknown permission com.android.email.permission.READ_ATTACHMENT in package com.android.exchange
11-02 17:33:23.879   521   542 W PackageManager: Unknown permission com.android.email.permission.ACCESS_PROVIDER in package com.android.exchange
11-02 17:33:23.879   521   542 W PackageManager: Unknown permission com.google.android.gallery3d.permission.GALLERY_PROVIDER in package com.android.exchange
11-02 17:33:23.879   521   542 W PackageManager: Not granting permission android.permission.DEVICE_POWER to package com.android.deskclock (protectionLevel=2 flags=0x88be45)
11-02 17:33:23.879   521   542 W PackageManager: Not granting permission android.permission.READ_DREAM_STATE to package com.google.android.gsf (protectionLevel=2 flags=0x883e45)
11-02 17:33:23.939   521   542 W PackageManager: Unknown permission com.google.android.voicesearch.SHORTCUTS_ACCESS in package com.google.android.googlequicksearchbox
11-02 17:33:23.939   521   542 W PackageManager: Unknown permission com.google.android.ears.permission.WRITE in package com.google.android.googlequicksearchbox
11-02 17:33:23.939   521   542 W PackageManager: Unknown permission com.google.android.apps.googlevoice.permission.AUTO_SEND in package com.google.android.googlequicksearchbox
11-02 17:33:23.939   521   542 W PackageManager: Unknown permission com.android.chrome.PRERENDER_URL in package com.google.android.googlequicksearchbox
11-02 17:33:23.999   521   542 I ActivityManager: Force stopping package com.google.android.googlequicksearchbox appid=10053 user=0
11-02 17:33:24.099  8566  8566 W ContextImpl: Calling a method in the system process without a qualified user: android.app.ContextImpl.startService:1358 android.content.ContextWrapper.startService:450 android.content.ContextWrapper.startService:450 com.android.keychain.KeyChainBroadcastReceiver.onReceive:12 android.app.ActivityThread.handleReceiver:2376 
11-02 17:33:24.199   521   792 I ActivityManager: Start proc com.google.android.googlequicksearchbox for broadcast com.google.android.googlequicksearchbox/com.google.android.searchcommon.summons.icing.InternalIcingCorporaProvider$CorporaChangedReceiver: pid=9041 uid=10053 gids={50053, 3003, 1028, 3002, 1015}
11-02 17:33:24.470   521   562 W InputMethodManagerService: Found no subtypes in a system IME: com.android.inputmethod.pinyin
11-02 17:33:25.811   521  1007 W ActivityManager: Permission denied: checkComponentPermission() owningUid=10053
11-02 17:33:25.811   521  1007 W ActivityManager: Permission denied: checkComponentPermission() owningUid=10053
11-02 17:33:25.851   521  5370 W ActivityManager: Permission denied: checkComponentPermission() owningUid=10053
11-02 17:33:25.851   521  5370 W ActivityManager: Permission denied: checkComponentPermission() owningUid=10053
11-02 17:33:25.871   521   532 W ActivityManager: Permission denied: checkComponentPermission() owningUid=10053
11-02 17:33:25.871   521   532 W ActivityManager: Permission denied: checkComponentPermission() owningUid=10053
11-02 17:33:25.971   521   951 W ActivityManager: Permission denied: checkComponentPermission() owningUid=10053
11-02 17:33:25.971   521   951 W ActivityManager: Permission denied: checkComponentPermission() owningUid=10053
11-02 17:33:25.981   521  1001 W ActivityManager: Permission denied: checkComponentPermission() owningUid=10053
11-02 17:33:25.981   521  1001 W ActivityManager: Permission denied: checkComponentPermission() owningUid=10053
11-02 17:33:25.991   521  1007 W ActivityManager: Permission denied: checkComponentPermission() owningUid=10053
11-02 17:33:25.991   521  1007 W ActivityManager: Permission denied: checkComponentPermission() owningUid=10053
11-02 17:33:26.001   521  5370 W ActivityManager: Permission denied: checkComponentPermission() owningUid=10053
11-02 17:33:26.001   521  5370 W ActivityManager: Permission denied: checkComponentPermission() owningUid=10053
11-02 17:33:26.001   521   532 W ActivityManager: Permission denied: checkComponentPermission() owningUid=10053
11-02 17:33:26.001   521   532 W ActivityManager: Permission denied: checkComponentPermission() owningUid=10053
11-02 17:33:26.101   521  1008 W ActivityManager: Permission denied: checkComponentPermission() owningUid=10053
11-02 17:33:26.101   521  1008 W ActivityManager: Permission denied: checkComponentPermission() owningUid=10053
11-02 17:33:26.101   521   533 W ActivityManager: Permission denied: checkComponentPermission() owningUid=10053
11-02 17:33:26.101   521   533 W ActivityManager: Permission denied: checkComponentPermission() owningUid=10053
11-02 17:36:17.244   521   786 W ThrottleService: unable to find stats for iface rmnet_usb0
11-02 17:46:18.526   521   786 W ThrottleService: unable to find stats for iface rmnet_usb0
11-02 17:53:43.350   521   566 I ActivityManager: Start proc com.google.android.apps.maps for service com.google.android.apps.maps/com.google.android.apps.gmm.prefetch.PrefetcherService: pid=9134 uid=10060 gids={50060, 3003, 1015, 1028}
11-02 17:53:43.941   521   808 I ActivityManager: Start proc com.google.android.tts for service com.google.android.tts/.GoogleTTSService: pid=9181 uid=10048 gids={50048, 3003, 1015, 1028}
11-02 17:53:54.032   521  5370 I ActivityManager: No longer want com.google.android.apps.uploader (pid 8997): empty #17
11-02 17:56:17.254   521   786 W ThrottleService: unable to find stats for iface rmnet_usb0
11-02 18:03:04.008   521  1007 I ActivityManager: No longer want android.process.media (pid 8324): empty #17
11-02 18:03:04.039   521   533 W ActivityManager: Scheduling restart of crashed service com.android.providers.media/.MtpService in 5000ms
11-02 18:03:09.094   521   539 I ActivityManager: Start proc android.process.media for service com.android.providers.media/.MtpService: pid=9220 uid=10010 gids={50010, 1015, 1023, 1024, 1028, 2001, 3003, 3007}
11-02 18:03:19.455   521  5446 I ActivityManager: No longer want com.android.defcontainer (pid 8502): empty for 1800s
11-02 18:03:24.570   521   521 I ActivityManager: No longer want com.google.process.location (pid 8724): empty for 1800s
11-02 18:03:24.570   521   521 I ActivityManager: No longer want android.process.acore (pid 8522): empty for 1800s
11-02 18:03:24.570   521   521 I ActivityManager: No longer want com.android.musicfx (pid 8580): empty for 1800s
11-02 18:03:24.570   521   521 I ActivityManager: No longer want com.svox.pico (pid 8677): empty for 1800s
11-02 18:03:24.590   521   521 I ActivityManager: No longer want com.android.gallery3d (pid 8551): empty for 1800s
11-02 18:03:24.590   521   521 I ActivityManager: No longer want com.android.voicedialer (pid 8594): empty for 1800s
11-02 18:03:24.600   521   521 I ActivityManager: No longer want com.android.keychain (pid 8566): empty for 1800s
11-02 18:03:24.661   521  5837 I ActivityManager: No longer want com.google.android.partnersetup (pid 8624): empty for 1800s
11-02 18:03:24.661   521  5837 I ActivityManager: No longer want com.google.android.googlequicksearchbox (pid 9041): empty for 1800s
11-02 18:03:24.681   521   951 W ActivityManager: Scheduling restart of crashed service com.google.android.gms/com.google.android.location.fused.NlpLocationReceiverService in 5000ms
11-02 18:03:24.681   521   951 W ActivityManager: Scheduling restart of crashed service com.google.android.gms/com.google.android.location.internal.GoogleLocationManagerService in 15000ms
11-02 18:03:29.726   521   539 I ActivityManager: Start proc com.google.process.location for service com.google.android.gms/com.google.android.location.fused.NlpLocationReceiverService: pid=9263 uid=10044 gids={50044, 3003, 1007, 1028, 1015, 1006, 2001, 3006}
11-02 18:03:40.077   521  1008 I ActivityManager: No longer want com.android.vending (pid 8387): empty for 1800s
11-02 18:04:04.703   521   951 I ActivityManager: No longer want com.google.android.gm (pid 8762): empty for 1800s
11-02 18:06:17.265   521   786 W ThrottleService: unable to find stats for iface rmnet_usb0
11-02 18:16:17.265   521   786 W ThrottleService: unable to find stats for iface rmnet_usb0
11-02 18:26:17.275   521   786 W ThrottleService: unable to find stats for iface rmnet_usb0
11-02 18:30:53.430   521   655 D ConnectivityService: Captive portal check NetworkInfo: type: WIFI[], state: CONNECTING/CAPTIVE_PORTAL_CHECK, reason: (unspecified), extra: "nesl5", roaming: false, failover: false, isAvailable: true
11-02 18:30:53.430   521   655 D ConnectivityService: Captive portal check NetworkInfo: type: WIFI[], state: CONNECTING/CAPTIVE_PORTAL_CHECK, reason: (unspecified), extra: "nesl5", roaming: false, failover: false, isAvailable: true
11-02 18:30:53.440   521   655 D ConnectivityService: ConnectivityChange for WIFI: CONNECTED/CONNECTED
11-02 18:30:53.440   521   655 D ConnectivityService: handleConnectivityChange: address are the same reset per doReset linkProperty[1]: resetMask=0
11-02 18:30:53.440   521   655 D ConnectivityService: ConnectivityChange for WIFI: CONNECTED/CONNECTED
11-02 18:30:53.440   521   655 D ConnectivityService: handleConnectivityChange: address are the same reset per doReset linkProperty[1]: resetMask=0
11-02 18:30:54.441   521   655 D ConnectivityService: NetTransition Wakelock for WifiStateMachine released by timeout
11-02 18:30:56.533   521   792 I ActivityManager: Start proc com.google.android.apps.uploader for broadcast com.google.android.apps.uploader/com.google.android.picasasync.ConnectivityReceiver: pid=9351 uid=10050 gids={50050, 3003, 1015, 1028}
11-02 18:30:56.603   521  1007 I ActivityManager: Start proc com.android.browser for content provider com.android.browser/.provider.BrowserProvider2: pid=9383 uid=10003 gids={50003, 3003, 1015, 1028}
11-02 18:30:56.743   521   792 I ActivityManager: No longer want com.google.android.apps.maps (pid 9134): empty for 2233s
11-02 18:30:56.783   521   663 I ActivityManager: Start proc com.google.android.gm for service com.google.android.gm/.provider.MailSyncAdapterService: pid=9447 uid=10045 gids={50045, 3003, 1015, 1028}
11-02 18:30:56.854  9447  9447 D ActivityThread: Loading provider com.android.gmail.ui: com.google.android.gm.provider.GmailProvider
11-02 18:30:57.484   521   953 I ActivityManager: Start proc android.process.acore for content provider com.android.providers.contacts/.ContactsProvider2: pid=9483 uid=10000 gids={50000, 3003, 1015, 1028}
11-02 18:30:58.455   521  1007 I ActivityManager: No longer want com.google.android.tts (pid 9181): empty for 2234s
11-02 18:30:59.496   521   655 D ConnectivityService: handleInetConditionHoldEnd: net=1, condition=0, published condition=0
11-02 18:31:01.959   521  1008 W ActivityManager: Unable to start service Intent { act=com.google.android.gms.analytics.service.START (has extras) } U=0: not found
11-02 18:31:06.964   521  5446 W ActivityManager: Unable to start service Intent { act=com.google.android.gms.analytics.service.START (has extras) } U=0: not found
11-02 18:36:17.285   521   786 W ThrottleService: unable to find stats for iface rmnet_usb0
11-02 18:46:17.296   521   786 W ThrottleService: unable to find stats for iface rmnet_usb0
11-02 18:56:17.296   521   786 W ThrottleService: unable to find stats for iface rmnet_usb0
11-02 19:00:59.998   521   539 I ActivityManager: No longer want com.google.android.gms (pid 8646): empty for 1801s
11-02 19:00:59.998   521   539 I ActivityManager: No longer want com.google.android.gm (pid 9447): empty for 1801s
11-02 19:00:59.998   521   539 I ActivityManager: No longer want com.android.browser (pid 9383): empty for 1802s
11-02 19:00:59.998   521   539 I ActivityManager: No longer want com.google.android.apps.uploader (pid 9351): empty for 1803s
11-02 19:00:59.998   521   539 I ActivityManager: No longer want android.process.media (pid 9220): empty for 1803s
11-02 19:01:00.098   521   953 W ActivityManager: Scheduling restart of crashed service com.android.providers.media/.MtpService in 5000ms
11-02 19:01:05.133   521   539 I ActivityManager: Start proc android.process.media for service com.android.providers.media/.MtpService: pid=9599 uid=10010 gids={50010, 1015, 1023, 1024, 1028, 2001, 3003, 3007}
11-02 19:06:17.306   521   786 W ThrottleService: unable to find stats for iface rmnet_usb0
11-02 19:08:43.352   521   566 I ActivityManager: Start proc com.google.android.apps.maps for service com.google.android.apps.maps/com.google.android.apps.gmm.prefetch.PrefetcherService: pid=9624 uid=10060 gids={50060, 3003, 1015, 1028}
11-02 19:08:43.923   521  1008 I ActivityManager: Start proc com.google.android.tts for service com.google.android.tts/.GoogleTTSService: pid=9668 uid=10048 gids={50048, 3003, 1015, 1028}
11-02 19:08:54.003   521  1006 I ActivityManager: No longer want com.google.process.location (pid 9263): empty for 2274s
11-02 19:08:54.003   521  1006 I ActivityManager: No longer want android.process.acore (pid 9483): empty for 2275s
11-02 19:08:54.033   521   953 W ActivityManager: Scheduling restart of crashed service com.google.android.gms/com.google.android.location.fused.NlpLocationReceiverService in 5000ms
11-02 19:08:54.033   521   953 W ActivityManager: Scheduling restart of crashed service com.google.android.gms/com.google.android.location.internal.GoogleLocationManagerService in 15000ms
11-02 19:08:59.079   521   539 I ActivityManager: Start proc com.google.process.location for service com.google.android.gms/com.google.android.location.fused.NlpLocationReceiverService: pid=9710 uid=10044 gids={50044, 3003, 1007, 1028, 1015, 1006, 2001, 3006}
11-02 19:08:59.159   521   539 I ActivityManager: Start proc com.google.android.gms for broadcast com.google.android.gms/.init.InitializeGmsReceiver: pid=9723 uid=10044 gids={50044, 3003, 1007, 1028, 1015, 1006, 2001, 3006}
11-02 19:16:17.306   521   786 W ThrottleService: unable to find stats for iface rmnet_usb0
11-02 19:26:17.317   521   786 W ThrottleService: unable to find stats for iface rmnet_usb0
11-02 19:28:29.868   521   655 D ConnectivityService: Captive portal check NetworkInfo: type: WIFI[], state: CONNECTING/CAPTIVE_PORTAL_CHECK, reason: (unspecified), extra: "nesl5", roaming: false, failover: false, isAvailable: true
11-02 19:28:29.868   521   655 D ConnectivityService: Captive portal check NetworkInfo: type: WIFI[], state: CONNECTING/CAPTIVE_PORTAL_CHECK, reason: (unspecified), extra: "nesl5", roaming: false, failover: false, isAvailable: true
11-02 19:28:29.898   521   655 D ConnectivityService: ConnectivityChange for WIFI: CONNECTED/CONNECTED
11-02 19:28:29.898   521   655 D ConnectivityService: handleConnectivityChange: address are the same reset per doReset linkProperty[1]: resetMask=0
11-02 19:28:29.908   521   655 D ConnectivityService: ConnectivityChange for WIFI: CONNECTED/CONNECTED
11-02 19:28:29.918   521   655 D ConnectivityService: handleConnectivityChange: address are the same reset per doReset linkProperty[1]: resetMask=0
11-02 19:28:30.909   521   655 D ConnectivityService: NetTransition Wakelock for WifiStateMachine released by timeout
11-02 19:28:33.082   521   533 I ActivityManager: Start proc com.google.android.apps.uploader for broadcast com.google.android.apps.uploader/com.google.android.picasasync.ConnectivityReceiver: pid=9844 uid=10050 gids={50050, 3003, 1015, 1028}
11-02 19:28:35.975   521   655 D ConnectivityService: handleInetConditionHoldEnd: net=1, condition=0, published condition=0
11-02 19:33:20.298   521   537 I PowerManagerService: Waking up from sleep...
11-02 19:33:20.438   521   537 I WindowManager: Lock screen displayed!
11-02 19:33:21.609   686   686 D PhoneStatusBar: disable: < expand icons alerts ticker system_info BACK HOME recent* CLOCK search >
11-02 19:33:21.650   686   686 D PhoneStatusBar: disable: < expand icons alerts ticker system_info back* home* recent clock* search >
11-02 19:33:21.660   521  1008 W InputMethodManagerService: Window already focused, ignoring focus gain of: com.android.internal.view.IInputMethodClient$Stub$Proxy@41edbea8 attribute=android.view.inputmethod.EditorInfo@422b9640, token = android.os.BinderProxy@41eba520
11-02 19:33:44.053   521   542 I ActivityManager: Start proc com.android.defcontainer for service com.android.defcontainer/.DefaultContainerService: pid=9935 uid=10008 gids={50008, 1015, 2001, 1028}
