--------- beginning of /dev/log/system
10-31 16:38:45.370   155   155 I Vold    : Vold 2.1 (the revenge) firing up
10-31 16:38:45.370   155   155 E Vold    : Error reading configuration (No such file or directory)... continuing anyways
10-31 16:38:49.965   521   521 I SystemServer: Entered the Android system server!
10-31 16:38:49.965   521   536 I SystemServer: Waiting for installd to be ready.
10-31 16:38:49.965   521   537 I SystemServer: Enabled StrictMode logging for UI Looper
10-31 16:38:49.965   521   536 I Installer: connecting...
10-31 16:38:49.965   521   536 I SystemServer: Entropy Mixer
10-31 16:38:49.975   521   538 I SystemServer: Enabled StrictMode logging for WM Looper
10-31 16:38:50.265   521   536 I SystemServer: Power Manager
10-31 16:38:50.265   521   536 I SystemServer: Activity Manager
10-31 16:38:50.275   521   539 I ActivityManager: Memory class: 192
10-31 16:38:50.315   521   539 W UsageStats: Usage stats version changed; dropping
10-31 16:38:50.385   521   539 I ActivityManager: Enabled StrictMode logging for AThread's Looper
10-31 16:38:50.395   521   536 I SystemServer: Display Manager
10-31 16:38:50.395   521   538 I DisplayManagerService: Display device added: DisplayDeviceInfo{"Built-in Screen": 768 x 1280, 60.0 fps, density 320, 319.79 x 318.745 dpi, touch INTERNAL, FLAG_DEFAULT_DISPLAY, FLAG_ROTATES_WITH_CONTENT, FLAG_SECURE, FLAG_SUPPORTS_PROTECTED_BUFFERS, rotation 0, type BUILT_IN, address null}
10-31 16:38:50.395   521   536 I SystemServer: Telephony Registry
10-31 16:38:50.395   521   536 I SystemServer: Scheduling Policy
10-31 16:38:50.395   521   536 I SystemServer: Package Manager
10-31 16:38:51.166   521   536 E PackageManager: Package com.android.dreams.basic signatures do not match the previously installed version; ignoring!
10-31 16:38:51.166   521   536 W PackageManager: System package com.android.dreams.basic signature changed; retaining data.
10-31 16:38:51.186   521   536 W PackageParser: No actions in intent filter at /system/app/Bluetooth.apk Binary XML file line #199
10-31 16:38:51.296   521   536 E PackageManager: Package com.android.providers.calendar signatures do not match the previously installed version; ignoring!
10-31 16:38:51.336   521   536 W PackageParser: No actions in intent filter at /system/app/Contacts.apk Binary XML file line #533
10-31 16:38:51.456   521   536 W PackageParser: Unknown element under <application>: permission at /system/app/Gallery2.apk Binary XML file line #219
10-31 16:38:51.456   521   536 W PackageParser: Unknown element under <application>: permission at /system/app/Gallery2.apk Binary XML file line #222
10-31 16:38:52.667   521   536 E PackageManager: Package com.google.android.backup has no signatures that match those in shared user android.uid.system; ignoring!
10-31 16:38:53.208   521   536 E PackageManager: Package com.android.stk has no signatures that match those in shared user android.uid.phone; ignoring!
10-31 16:38:54.579   521   536 W PackageManager: System package com.android.quicksearchbox no longer exists; wiping its data
10-31 16:38:54.589   521   536 W PackageManager: Couldn't delete native library directory /data/app-lib/com.android.quicksearchbox
10-31 16:38:54.589   521   536 W PackageManager: System package com.android.providers.calendar no longer exists; wiping its data
10-31 16:38:54.589   521   536 W PackageManager: Couldn't delete native library directory /data/app-lib/com.android.providers.calendar
10-31 16:38:54.599   521   536 I PackageManager: Time to scan packages: 4.003 seconds
10-31 16:38:54.599   521   536 W PackageManager: Unknown permission android.permission.ADD_SYSTEM_SERVICE in package com.android.phone
10-31 16:38:54.599   521   536 W PackageManager: Unknown permission com.android.vending.billing.IBillingAccountService.BIND2 in package com.google.android.gsf.login
10-31 16:38:54.599   521   536 W PackageManager: Unknown permission com.android.chrome.TOS_ACKED in package com.google.android.gsf.login
10-31 16:38:54.599   521   536 W PackageManager: Unknown permission com.google.android.gallery3d.permission.GALLERY_PROVIDER in package com.android.bluetooth
10-31 16:38:54.599   521   536 W PackageManager: Not granting permission android.permission.SEND_DOWNLOAD_COMPLETED_INTENTS to package com.android.browser (protectionLevel=2 flags=0x9be45)
10-31 16:38:54.599   521   536 W PackageManager: Unknown permission com.google.android.gallery3d.permission.PICASA_STORE in package com.android.dreams.phototable
10-31 16:38:54.599   521   536 W PackageManager: Unknown permission android.permission.READ_OWNER_DATA in package com.google.android.setupwizard
10-31 16:38:54.609   521   536 W PackageManager: Unknown permission android.permission.WRITE_OWNER_DATA in package com.google.android.setupwizard
10-31 16:38:54.609   521   536 W PackageManager: Unknown permission com.google.android.voicesearch.SHORTCUTS_ACCESS in package com.google.android.googlequicksearchbox
10-31 16:38:54.609   521   536 W PackageManager: Unknown permission com.google.android.ears.permission.WRITE in package com.google.android.googlequicksearchbox
10-31 16:38:54.609   521   536 W PackageManager: Unknown permission com.google.googlenav.friend.permission.OPT_IN in package com.google.android.googlequicksearchbox
10-31 16:38:54.609   521   536 W PackageManager: Unknown permission com.google.android.apps.maps.permission.PREFETCH in package com.google.android.googlequicksearchbox
10-31 16:38:54.609   521   536 W PackageManager: Unknown permission com.google.android.apps.googlevoice.permission.AUTO_SEND in package com.google.android.googlequicksearchbox
10-31 16:38:54.609   521   536 W PackageManager: Not granting permission android.permission.SEND_DOWNLOAD_COMPLETED_INTENTS to package com.android.vending (protectionLevel=2 flags=0xabe45)
10-31 16:38:54.609   521   536 W PackageManager: Unknown permission com.android.email.permission.READ_ATTACHMENT in package com.android.exchange
10-31 16:38:54.609   521   536 W PackageManager: Unknown permission com.android.email.permission.ACCESS_PROVIDER in package com.android.exchange
10-31 16:38:54.609   521   536 W PackageManager: Unknown permission com.google.android.gallery3d.permission.GALLERY_PROVIDER in package com.android.exchange
10-31 16:38:54.609   521   536 W PackageManager: Not granting permission android.permission.DEVICE_POWER to package com.android.deskclock (protectionLevel=2 flags=0x8be45)
10-31 16:38:54.609   521   536 W PackageManager: Not granting permission android.permission.READ_DREAM_STATE to package com.google.android.gsf (protectionLevel=2 flags=0x83e45)
10-31 16:38:54.770   521   536 I SystemServer: User Service
10-31 16:38:54.770   521   536 I SystemServer: Account Manager
10-31 16:38:54.770   521   536 I SystemServer: Content Manager
10-31 16:38:54.770   521   536 I SystemServer: System Content Providers
10-31 16:38:54.830   521   536 I SystemServer: Lights Service
10-31 16:38:54.840   521   536 I SystemServer: Battery Service
10-31 16:38:54.840   521   536 I SystemServer: Vibrator Service
10-31 16:38:54.840   521   536 I SystemServer: Alarm Manager
10-31 16:38:54.850   521   536 I SystemServer: Init Watchdog
10-31 16:38:54.850   521   536 I SystemServer: Input Manager
10-31 16:38:54.850   521   536 I InputManager: Initializing input manager, mUseDevInputEventForAudioJack=true
10-31 16:38:54.850   521   536 I SystemServer: Window Manager
10-31 16:38:54.930   521   536 I InputManager: Starting input manager
10-31 16:38:54.930   521   536 I SystemServer: Bluetooth Manager Service
10-31 16:38:54.930   521   536 I SystemServer: Input Method Service
10-31 16:38:54.930   521   536 W InputMethodManagerService: Couldn't create dir.: /data/system/inputmethod
10-31 16:38:54.950   521   536 I SystemServer: Accessibility Manager
10-31 16:38:54.960   521   536 I ActivityManager: Config changes=15f8 {1.0 ?mcc?mnc en_US ldltr sw384dp w384dp h567dp 320dpi nrml port ?uimode ?night finger -keyb/v/h -nav/h s.2}
10-31 16:38:55.040   521   538 I ActivityManager: Config changes=1400 {1.0 ?mcc?mnc en_US ldltr sw384dp w384dp h567dp 320dpi nrml port ?uimode ?night finger -keyb/v/h -nav/h s.3}
10-31 16:39:07.123   521   536 I SystemServer: Mount Service
10-31 16:39:07.123   521   536 D MountService: got storage path: null description: Internal storage primary: false removable: false emulated: true mtpReserve: 100 allowMassStorage: false maxFileSize: 0
10-31 16:39:07.123   521   536 D MountService: addVolumeLocked() StorageVolume [mStorageId=65537 mPath=/storage/emulated/0 mDescriptionId=17040613 mPrimary=true mRemovable=false mEmulated=true mMtpReserveSpace=100 mAllowMassStorage=false mMaxFileSize=0 mOwner=UserHandle{0}]
10-31 16:39:07.123   521   536 I SystemServer: LockSettingsService
10-31 16:39:07.123   521   536 I SystemServer: Device Policy
10-31 16:39:07.133   521   536 I SystemServer: Status Bar
10-31 16:39:07.143   521   536 I SystemServer: Clipboard Service
10-31 16:39:07.143   521   647 W PackageManager: Unknown permission android.permission.ADD_SYSTEM_SERVICE in package com.android.phone
10-31 16:39:07.143   521   647 W PackageManager: Unknown permission com.android.vending.billing.IBillingAccountService.BIND2 in package com.google.android.gsf.login
10-31 16:39:07.143   521   647 W PackageManager: Unknown permission com.android.chrome.TOS_ACKED in package com.google.android.gsf.login
10-31 16:39:07.143   521   647 W PackageManager: Unknown permission com.google.android.gallery3d.permission.GALLERY_PROVIDER in package com.android.bluetooth
10-31 16:39:07.143   521   647 W PackageManager: Not granting permission android.permission.SEND_DOWNLOAD_COMPLETED_INTENTS to package com.android.browser (protectionLevel=2 flags=0x89be45)
10-31 16:39:07.143   521   647 W PackageManager: Unknown permission com.google.android.gallery3d.permission.PICASA_STORE in package com.android.dreams.phototable
10-31 16:39:07.143   521   647 W PackageManager: Unknown permission android.permission.READ_OWNER_DATA in package com.google.android.setupwizard
10-31 16:39:07.143   521   647 W PackageManager: Unknown permission android.permission.WRITE_OWNER_DATA in package com.google.android.setupwizard
10-31 16:39:07.143   521   647 W PackageManager: Unknown permission com.google.android.voicesearch.SHORTCUTS_ACCESS in package com.google.android.googlequicksearchbox
10-31 16:39:07.143   521   647 W PackageManager: Unknown permission com.google.android.ears.permission.WRITE in package com.google.android.googlequicksearchbox
10-31 16:39:07.143   521   647 W PackageManager: Unknown permission com.google.googlenav.friend.permission.OPT_IN in package com.google.android.googlequicksearchbox
10-31 16:39:07.143   521   647 W PackageManager: Unknown permission com.google.android.apps.maps.permission.PREFETCH in package com.google.android.googlequicksearchbox
10-31 16:39:07.143   521   647 W PackageManager: Unknown permission com.google.android.apps.googlevoice.permission.AUTO_SEND in package com.google.android.googlequicksearchbox
10-31 16:39:07.153   521   536 I SystemServer: NetworkManagement Service
10-31 16:39:07.153   521   647 W PackageManager: Not granting permission android.permission.SEND_DOWNLOAD_COMPLETED_INTENTS to package com.android.vending (protectionLevel=2 flags=0x8abe45)
10-31 16:39:07.153   521   647 W PackageManager: Unknown permission com.android.email.permission.READ_ATTACHMENT in package com.android.exchange
10-31 16:39:07.153   521   647 W PackageManager: Unknown permission com.android.email.permission.ACCESS_PROVIDER in package com.android.exchange
10-31 16:39:07.153   521   647 W PackageManager: Unknown permission com.google.android.gallery3d.permission.GALLERY_PROVIDER in package com.android.exchange
10-31 16:39:07.163   521   647 W PackageManager: Not granting permission android.permission.DEVICE_POWER to package com.android.deskclock (protectionLevel=2 flags=0x88be45)
10-31 16:39:07.163   521   647 W PackageManager: Not granting permission android.permission.READ_DREAM_STATE to package com.google.android.gsf (protectionLevel=2 flags=0x883e45)
10-31 16:39:07.163   521   536 I SystemServer: Text Service Manager Service
10-31 16:39:07.233   521   536 I SystemServer: NetworkStats Service
10-31 16:39:07.233   521   536 I SystemServer: NetworkPolicy Service
10-31 16:39:07.243   521   536 I SystemServer: Wi-Fi P2pService
10-31 16:39:07.243   521   536 I SystemServer: Wi-Fi Service
10-31 16:39:07.253   521   536 I SystemServer: Connectivity Service
10-31 16:39:07.253   521   536 D ConnectivityService: ConnectivityService starting up
10-31 16:39:07.263   521   536 W ContextImpl: Calling a method in the system process without a qualified user: android.app.ContextImpl.bindService:1412 android.bluetooth.BluetoothPan.<init>:141 android.bluetooth.BluetoothAdapter.getProfileProxy:1164 android.bluetooth.BluetoothTetheringDataTracker.startMonitoring:110 com.android.server.ConnectivityService.<init>:523 
10-31 16:39:07.263   521   536 E MobileDataStateTracker: default: Ignoring feature request because could not acquire PhoneService
10-31 16:39:07.263   521   536 E MobileDataStateTracker: default: Could not enable APN type "default"
10-31 16:39:07.273   521   536 I WifiService: WifiService starting up with Wi-Fi disabled
10-31 16:39:07.273   521   536 I SystemServer: Network Service Discovery Service
10-31 16:39:07.273   521   536 D NsdService: Network service discovery enabled true
10-31 16:39:07.273   521   536 I SystemServer: Throttle Service
10-31 16:39:07.283   521   536 I SystemServer: UpdateLock Service
10-31 16:39:07.323   521   536 I SystemServer: Notification Manager
10-31 16:39:07.323   521   536 I SystemServer: Device Storage Monitor
10-31 16:39:07.323   521   536 I SystemServer: Location Manager
10-31 16:39:07.323   521   536 I SystemServer: Country Detector
10-31 16:39:07.323   521   536 I SystemServer: Search Service
10-31 16:39:07.323   521   536 I SystemServer: DropBox Service
10-31 16:39:07.333   521   536 I SystemServer: Wallpaper Service
10-31 16:39:07.333   521   536 I SystemServer: Audio Service
10-31 16:39:07.393   521   536 I SystemServer: Dock Observer
10-31 16:39:07.393   521   536 W DockObserver: This kernel does not have dock station support
10-31 16:39:07.393   521   536 I SystemServer: Wired Accessory Manager
10-31 16:39:07.393   521   536 I SystemServer: USB Service
10-31 16:39:07.403   521   536 I SystemServer: Serial Service
10-31 16:39:07.403   521   536 I SystemServer: Twilight Service
10-31 16:39:07.403   521   536 I SystemServer: UI Mode Manager Service
10-31 16:39:07.413   521   536 I SystemServer: Backup Service
10-31 16:39:07.413   521   536 V BackupManagerService: No ancestral data
10-31 16:39:07.543   521   536 I BackupManagerService: Found stale backup journal, scheduling
10-31 16:39:07.543   521   536 I BackupManagerService:   android
10-31 16:39:07.543   521   536 I BackupManagerService:   com.android.browser
10-31 16:39:07.543   521   536 I BackupManagerService:   com.android.calendar
10-31 16:39:07.543   521   536 I BackupManagerService:   com.android.inputmethod.latin
10-31 16:39:07.543   521   536 I BackupManagerService:   com.android.nfc
10-31 16:39:07.543   521   536 I BackupManagerService:   com.android.providers.settings
10-31 16:39:07.543   521   536 I BackupManagerService:   com.android.providers.userdictionary
10-31 16:39:07.543   521   536 I BackupManagerService:   com.android.sharedstoragebackup
10-31 16:39:07.543   521   536 I BackupManagerService: Backup enabled => false
10-31 16:39:07.543   521   536 I SystemServer: AppWidget Service
10-31 16:39:07.543   521   536 I SystemServer: Recognition Service
10-31 16:39:07.543   521   536 I SystemServer: DiskStats Service
10-31 16:39:07.543   521   536 I SystemServer: SamplingProfiler Service
10-31 16:39:07.543   521   536 I SystemServer: NetworkTimeUpdateService
10-31 16:39:07.543   521   536 I SystemServer: CommonTimeManagementService
10-31 16:39:07.543   521   536 I SystemServer: CertBlacklister
10-31 16:39:07.543   521   536 I SystemServer: Sensor Firewall Config Service
10-31 16:39:07.543   521   536 I SystemServer: Dreams Service
10-31 16:39:07.593   521   536 I ActivityManager: Sending system update to ComponentInfo{com.google.android.gsf/com.google.android.gsf.loginservice.MigrateToAccountManagerBroadcastReceiver} for user 0
10-31 16:39:07.593   521   536 I SystemServer: Enabled StrictMode for system server main thread.
10-31 16:39:07.663   521   536 I ActivityManager: Start proc com.google.process.gapps for broadcast com.google.android.gsf/.loginservice.MigrateToAccountManagerBroadcastReceiver: pid=672 uid=10044 gids={50044, 3003, 1007, 1028, 1015, 1006, 2001, 3006}
10-31 16:39:07.663   521   521 I ActivityManager: Launching preboot mode app: ProcessRecord{41d1bf68 672:com.google.process.gapps/u0a10044}
10-31 16:39:07.713   521   539 I ActivityManager: Writing new set of last done pre-boot receivers...
10-31 16:39:07.733   521   539 I ActivityManager: Removing system update proc: ProcessRecord{41d1bf68 672:com.google.process.gapps/u0a10044}
10-31 16:39:07.733   521   539 I ActivityManager: Killing proc 672:com.google.process.gapps/u0a10044: system update done
10-31 16:39:07.733   521   539 I ActivityManager: System now ready
10-31 16:39:07.743   521   539 I SystemServer: Making services ready
10-31 16:39:07.743   521   539 I ActivityManager: Start proc com.android.systemui for service com.android.systemui/.SystemUIService: pid=686 uid=10036 gids={50036, 1028, 1015, 3002, 3001}
10-31 16:39:07.743   521   539 D NetworkManagementService: enabling bandwidth control
10-31 16:39:07.743   521   644 W MountService: Duplicate state transition (mounted -> mounted) for /storage/emulated/0
10-31 16:39:08.104   686   686 D SystemUIService: loading: class com.android.systemui.statusbar.phone.PhoneStatusBar
10-31 16:39:08.104   686   686 D SystemUIService: running: com.android.systemui.statusbar.phone.PhoneStatusBar@419b53a8
10-31 16:39:08.124   521   533 I StatusBarManagerService: registerStatusBar bar=com.android.internal.statusbar.IStatusBar$Stub$Proxy@41b93b50
10-31 16:39:08.124   521   539 I ActivityManager: Config changes=200 {1.0 ?mcc?mnc en_US ldltr sw384dp w384dp h567dp 320dpi nrml port finger -keyb/v/h -nav/h s.4}
10-31 16:39:08.244   521   539 I ActivityManager: Start proc com.android.phasebeam for service com.android.phasebeam/.PhaseBeamWallpaper: pid=762 uid=10028 gids={50028, 1028}
10-31 16:39:08.244   521   539 W InputMethodManagerService: Ignoring setImeWindowStatus of uid 1000 token: null
10-31 16:39:08.264   521   539 W InputMethodManagerService: Found no subtypes in a system IME: com.android.inputmethod.pinyin
10-31 16:39:08.274   521   539 I ActivityManager: Start proc com.android.inputmethod.latin for service com.android.inputmethod.latin/.LatinIME: pid=775 uid=10017 gids={50017, 1028}
10-31 16:39:08.284   521   783 I LocationBlacklist: whitelist: []
10-31 16:39:08.284   521   783 I LocationBlacklist: blacklist: []
10-31 16:39:08.324   521   539 I ActivityManager: Start proc com.android.phone for added application com.android.phone: pid=796 uid=1001 gids={41001, 3002, 3001, 3003, 1015, 1028}
10-31 16:39:08.334   521   786 W ThrottleService: unable to find stats for iface rmnet_usb0
10-31 16:39:08.334   521   539 I ActivityManager: Start proc com.android.nfc for added application com.android.nfc: pid=812 uid=1027 gids={41027, 3002, 3001, 1015, 1028}
10-31 16:39:08.344   521   539 I ActivityManager: START u0 {act=android.intent.action.MAIN cat=[android.intent.category.HOME] flg=0x10000000 cmp=com.google.android.setupwizard/.SetupWizardActivity} from pid 0
10-31 16:39:08.354   521   539 I ActivityManager: Start proc com.google.android.setupwizard for activity com.google.android.setupwizard/.SetupWizardActivity: pid=826 uid=10052 gids={50052, 3003, 1028}
10-31 16:39:08.484   521   539 I ActivityManager: Start proc android.process.media for broadcast com.android.providers.media/.MtpReceiver: pid=852 uid=10010 gids={50010, 1015, 1023, 1024, 1028, 2001, 3003, 3007}
10-31 16:39:08.544   521   865 I ActivityManager: Start proc com.google.android.gsf.login for service com.google.android.gsf.login/com.google.android.gsf.loginservice.GoogleLoginService: pid=876 uid=10044 gids={50044, 3003, 1007, 1028, 1015, 1006, 2001, 3006}
10-31 16:39:08.614   521   809 I ActivityManager: Start proc com.android.nfc:handover for service com.android.nfc/.handover.HandoverService: pid=904 uid=1027 gids={41027, 3002, 3001, 1015, 1028}
10-31 16:39:08.664   521   808 I ActivityManager: Start proc com.google.process.gapps for content provider com.google.android.gsf/.gservices.GservicesProvider: pid=921 uid=10044 gids={50044, 3003, 1007, 1028, 1015, 1006, 2001, 3006}
10-31 16:39:08.684   521   521 I ActivityManager: Start proc com.google.android.inputmethod.latin.dictionarypack for content provider com.google.android.inputmethod.latin.dictionarypack/.DictionaryProvider: pid=929 uid=10049 gids={50049, 3003, 1015, 1028}
10-31 16:39:08.684   521   865 W InputMethodManagerService: Found no subtypes in a system IME: com.android.inputmethod.pinyin
10-31 16:39:08.695   521   532 I ActivityManager: Start proc android.process.acore for content provider com.android.providers.userdictionary/.UserDictionaryProvider: pid=937 uid=10000 gids={50000, 3003, 1015, 1028}
10-31 16:39:08.735   521   809 I ActivityManager: Start proc com.android.smspush for service com.android.smspush/.WapPushManager: pid=955 uid=10042 gids={50042, 1028}
10-31 16:39:08.765   521   783 W LocationManagerService: no network location provider found
10-31 16:39:08.785   521   783 I ActivityManager: Start proc com.android.location.fused for service com.android.location.fused/.FusedLocationService: pid=980 uid=10012 gids={50012, 1028}
10-31 16:39:08.795   686   686 D PhoneStatusBar: disable: < expand icons alerts ticker system_info back home recent clock search >
10-31 16:39:08.855   521   783 E LocationManagerService: no geocoder provider found
10-31 16:39:08.955   521   536 I ActivityManager: Start proc com.android.music for broadcast com.android.music/.MediaButtonIntentReceiver: pid=1021 uid=10023 gids={50023, 3003, 1015, 1028}
10-31 16:39:09.005   686   686 D SystemUIService: loading: class com.android.systemui.power.PowerUI
10-31 16:39:09.005   686   686 D SystemUIService: running: com.android.systemui.power.PowerUI@41b4f750
10-31 16:39:09.015   686   686 D SystemUIService: loading: class com.android.systemui.media.RingtonePlayer
10-31 16:39:09.015   686   686 D SystemUIService: running: com.android.systemui.media.RingtonePlayer@41b50080
10-31 16:39:09.045   521   793 I ActivityManager: Start proc com.google.android.partnersetup for broadcast com.google.android.partnersetup/.PhoneStateReceiver: pid=1048 uid=10047 gids={50047, 3003, 1028}
10-31 16:39:09.155   521   865 I ActivityManager: Start proc com.android.settings for broadcast com.android.settings/.widget.SettingsAppWidgetProvider: pid=1070 uid=1000 gids={41000, 1015, 1028, 3002, 3001, 3003}
10-31 16:39:09.285   521  1008 I ActivityManager: START u0 {cmp=com.google.android.setupwizard/.WelcomeActivity (has extras)} from pid 826
10-31 16:39:09.545  1070  1070 W ContextImpl: Calling a method in the system process without a qualified user: android.app.ContextImpl.bindService:1412 android.content.ContextWrapper.bindService:473 android.bluetooth.BluetoothInputDevice.<init>:240 android.bluetooth.BluetoothAdapter.getProfileProxy:1161 com.android.settings.bluetooth.LocalBluetoothAdapter.getProfileProxy:94 
10-31 16:39:09.545  1070  1070 W ContextImpl: Calling a method in the system process without a qualified user: android.app.ContextImpl.bindService:1412 android.content.ContextWrapper.bindService:473 android.bluetooth.BluetoothPan.<init>:141 android.bluetooth.BluetoothAdapter.getProfileProxy:1164 com.android.settings.bluetooth.PanProfile.<init>:73 
10-31 16:39:09.555  1070  1070 W ContextImpl: Calling a method in the system process without a qualified user: android.app.ContextImpl.bindService:1412 android.content.ContextWrapper.bindService:473 android.bluetooth.BluetoothPbap.<init>:161 com.android.settings.bluetooth.PbapServerProfile.<init>:68 com.android.settings.bluetooth.LocalBluetoothProfileManager.<init>:124 
10-31 16:39:09.575   521   865 I ActivityManager: Start proc com.google.android.tts for service com.google.android.tts/.GoogleTTSService: pid=1128 uid=10048 gids={50048, 3003, 1015, 1028}
10-31 16:39:09.595   521  1006 I ActivityManager: Start proc com.google.android.gms for broadcast com.google.android.gms/com.google.android.location.internal.NlpNetworkProviderSettingsUpdateReceiver: pid=1141 uid=10044 gids={50044, 3003, 1007, 1028, 1015, 1006, 2001, 3006}
10-31 16:39:09.686   686   686 D PhoneStatusBar: disable: < expand icons ALERTS* ticker system_info BACK* HOME* RECENT* CLOCK* SEARCH* >
10-31 16:39:10.296   521   865 I ActivityManager: Start proc com.google.process.location for service com.google.android.gms/com.google.android.location.internal.GoogleLocationManagerService: pid=1229 uid=10044 gids={50044, 3003, 1007, 1028, 1015, 1006, 2001, 3006}
10-31 16:39:10.787   521   564 I PowerManagerService: Boot animation finished.
10-31 16:39:10.787   521   539 I ActivityManager: Start proc com.android.contacts for broadcast com.android.contacts/.calllog.CallLogReceiver: pid=1310 uid=10000 gids={50000, 3003, 1015, 1028}
10-31 16:39:10.797   521   536 W ContextImpl: Calling a method in the system process without a qualified user: android.app.ContextImpl.bindService:1412 android.bluetooth.BluetoothHeadset.<init>:273 android.bluetooth.BluetoothAdapter.getProfileProxy:1155 android.media.AudioService.getBluetoothHeadset:2111 android.media.AudioService.access$2700:100 
10-31 16:39:10.797   521   536 W ContextImpl: Calling a method in the system process without a qualified user: android.app.ContextImpl.bindService:1412 android.bluetooth.BluetoothA2dp.<init>:160 android.bluetooth.BluetoothAdapter.getProfileProxy:1158 android.media.AudioService$AudioServiceBroadcastReceiver.onReceive:3935 android.app.LoadedApk$ReceiverDispatcher$Args.run:758 
10-31 16:39:10.807   521   536 V WiredAccessoryManager: notifyWiredAccessoryChanged: when=0 bits= mask=14
10-31 16:39:10.807   521   536 V WiredAccessoryManager: newName=h2w newState=0 headsetState=0 prev headsetState=0
10-31 16:39:10.807   521   536 V WiredAccessoryManager: init()
10-31 16:39:10.927   521   536 I ActivityManager: Start proc com.android.deskclock for broadcast com.android.deskclock/.AlarmInitReceiver: pid=1344 uid=10009 gids={50009, 1028}
10-31 16:39:10.947   521  1342 I BootReceiver: Copying /proc/last_kmsg to DropBox (SYSTEM_LAST_KMSG)
10-31 16:39:11.057   521  1008 I ActivityManager: Start proc com.android.exchange for broadcast com.android.exchange/.service.ExchangeBroadcastReceiver: pid=1377 uid=10011 gids={50011, 3003, 1015, 1028}
10-31 16:39:11.127   521   809 W ActivityManager: Unable to start service Intent { act=com.android.email.ACCOUNT_INTENT } U=0: not found
10-31 16:39:11.137   521  1001 W ActivityManager: Unable to start service Intent { act=com.android.email.ACCOUNT_INTENT } U=0: not found
10-31 16:39:11.137  1377  1377 E ActivityThread: Service com.android.exchange.ExchangeService has leaked ServiceConnection com.android.emailcommon.service.ServiceProxy$ProxyConnection@419c0228 that was originally bound here
10-31 16:39:11.137  1377  1377 E ActivityThread: android.app.ServiceConnectionLeaked: Service com.android.exchange.ExchangeService has leaked ServiceConnection com.android.emailcommon.service.ServiceProxy$ProxyConnection@419c0228 that was originally bound here
10-31 16:39:11.137  1377  1377 E ActivityThread: 	at android.app.LoadedApk$ServiceDispatcher.<init>(LoadedApk.java:969)
10-31 16:39:11.137  1377  1377 E ActivityThread: 	at android.app.LoadedApk.getServiceDispatcher(LoadedApk.java:863)
10-31 16:39:11.137  1377  1377 E ActivityThread: 	at android.app.ContextImpl.bindService(ContextImpl.java:1424)
10-31 16:39:11.137  1377  1377 E ActivityThread: 	at android.app.ContextImpl.bindService(ContextImpl.java:1413)
10-31 16:39:11.137  1377  1377 E ActivityThread: 	at android.content.ContextWrapper.bindService(ContextWrapper.java:473)
10-31 16:39:11.137  1377  1377 E ActivityThread: 	at com.android.emailcommon.service.ServiceProxy.setTask(ServiceProxy.java:157)
10-31 16:39:11.137  1377  1377 E ActivityThread: 	at com.android.emailcommon.service.ServiceProxy.setTask(ServiceProxy.java:145)
10-31 16:39:11.137  1377  1377 E ActivityThread: 	at com.android.emailcommon.service.ServiceProxy.test(ServiceProxy.java:191)
10-31 16:39:11.137  1377  1377 E ActivityThread: 	at com.android.exchange.ExchangeService$7.run(ExchangeService.java:1850)
10-31 16:39:11.137  1377  1377 E ActivityThread: 	at com.android.emailcommon.utility.Utility$2.doInBackground(Utility.java:551)
10-31 16:39:11.137  1377  1377 E ActivityThread: 	at com.android.emailcommon.utility.Utility$2.doInBackground(Utility.java:549)
10-31 16:39:11.137  1377  1377 E ActivityThread: 	at android.os.AsyncTask$2.call(AsyncTask.java:287)
10-31 16:39:11.137  1377  1377 E ActivityThread: 	at java.util.concurrent.FutureTask.run(FutureTask.java:234)
10-31 16:39:11.137  1377  1377 E ActivityThread: 	at java.util.concurrent.ThreadPoolExecutor.runWorker(ThreadPoolExecutor.java:1080)
10-31 16:39:11.137  1377  1377 E ActivityThread: 	at java.util.concurrent.ThreadPoolExecutor$Worker.run(ThreadPoolExecutor.java:573)
10-31 16:39:11.137  1377  1377 E ActivityThread: 	at java.lang.Thread.run(Thread.java:856)
10-31 16:39:11.147   521   808 W ActivityManager: Unbind failed: could not find connection for android.os.BinderProxy@41d57f40
10-31 16:39:11.257   521   809 I ActivityManager: Start proc com.android.mms for broadcast com.android.mms/.transaction.MmsSystemEventReceiver: pid=1398 uid=10022 gids={50022, 3003, 1015, 1028}
10-31 16:39:11.387   521   521 D CountryDetector: The first listener is added
10-31 16:39:11.498   521   521 I ActivityManager: Start proc com.android.voicedialer for broadcast com.android.voicedialer/.VoiceDialerReceiver: pid=1424 uid=10040 gids={50040, 3002, 1028}
10-31 16:39:11.588   521   521 I ActivityManager: Start proc com.google.android.gm for broadcast com.google.android.gm/.GoogleMailDeviceStartupReceiver: pid=1437 uid=10045 gids={50045, 3003, 1015, 1028}
10-31 16:39:12.258   921  1492 I SystemUpdateService: cancelUpdate (empty URL)
10-31 16:39:12.278   521   808 I ActivityManager: Start proc com.google.android.onetimeinitializer for broadcast com.google.android.onetimeinitializer/.OneTimeInitializerReceiver: pid=1495 uid=10051 gids={50051, 1028}
10-31 16:39:12.298   921  1508 I SystemUpdateService: cancelUpdate (empty URL)
10-31 16:39:12.328   521  1008 I ActivityManager: Start proc com.google.android.googlequicksearchbox for broadcast com.google.android.googlequicksearchbox/com.google.android.apps.sidekick.StartUpReceiver: pid=1511 uid=10053 gids={50053, 3003, 1028, 1007, 3002, 1015}
10-31 16:39:12.348   521   793 I ActivityManager: Start proc com.android.launcher for content provider com.android.launcher/com.android.launcher2.LauncherProvider: pid=1522 uid=10018 gids={50018, 1028}
10-31 16:39:12.449   521  1001 I ActivityManager: Start proc com.google.android.voicesearch for content provider com.google.android.voicesearch/.VoiceSearchSettingsProvider: pid=1544 uid=10055 gids={50055, 1028}
10-31 16:39:12.699   521   808 W InputMethodManagerService: Found no subtypes in a system IME: com.android.inputmethod.pinyin
10-31 16:39:17.644   521  1001 W ActivityManager: Unable to start service Intent { act=com.google.android.gms.analytics.service.START (has extras) } U=0: not found
10-31 16:39:17.844   521   521 I ActivityManager: Start proc com.android.gallery3d for broadcast com.android.gallery3d/.app.PackagesMonitor: pid=1594 uid=10014 gids={50014, 1006, 3003, 1015, 1028}
10-31 16:39:17.984   521  1006 I ActivityManager: Start proc com.android.vending for broadcast com.android.vending/com.google.android.finsky.widget.consumption.NowPlayingWidgetProvider: pid=1622 uid=10054 gids={50054, 3003, 1015, 1028}
10-31 16:39:18.014   521   865 I ActivityManager: No longer want com.android.contacts (pid 1310): empty #17
10-31 16:39:18.295   521   521 I ActivityManager: No longer want com.android.exchange (pid 1377): empty #17
10-31 16:39:20.787   521   564 I PowerManagerService: Going to sleep due to screen timeout...
10-31 16:39:21.578   521   537 I WindowManager: Lock screen displayed!
10-31 16:39:22.649   521  1006 W ActivityManager: Unable to start service Intent { act=com.google.android.gms.analytics.service.START (has extras) } U=0: not found
10-31 16:40:09.349   521   539 I ActivityManager: Start proc com.android.musicfx for broadcast com.android.musicfx/.ControlPanelReceiver: pid=1762 uid=10024 gids={50024, 3003, 3002, 1028}
10-31 16:40:09.459   521  1001 I ActivityManager: No longer want com.android.music (pid 1021): empty #17
10-31 16:40:38.420   521   786 W ThrottleService: unable to find stats for iface rmnet_usb0
10-31 16:40:38.420   157  1782 W SocketClient: write error (Broken pipe)
10-31 16:50:38.431   521   786 W ThrottleService: unable to find stats for iface rmnet_usb0
10-31 16:53:42.757   157  1790 W SocketClient: write error (Broken pipe)
10-31 16:59:35.534   521   537 I PowerManagerService: Waking up from sleep...
10-31 16:59:35.684   521   537 I WindowManager: Lock screen displayed!
10-31 16:59:37.696   686   686 V DeadZone: consuming errant click: (0.0,56.5)
10-31 16:59:38.827   686   686 V DeadZone: consuming errant click: (0.0,48.5)
10-31 16:59:38.867   521   532 I ActivityManager: Config changes=1400 {1.0 ?mcc?mnc en_US ldltr sw384dp w384dp h567dp 320dpi nrml port finger -keyb/v/h -nav/h s.5}
10-31 16:59:39.087   521   865 I ActivityManager: START u0 {cmp=com.google.android.setupwizard/.SimMissingActivity (has extras)} from pid 826
10-31 16:59:39.608   521   532 I ActivityManager: No longer want com.android.mms (pid 1398): empty #17
10-31 16:59:39.618   521   809 D CountryDetector: No listener is left
10-31 16:59:41.830   521   521 D WifiService: setWifiEnabled: true pid=826, uid=10052
10-31 16:59:41.880   521   532 I ActivityManager: START u0 {act=com.android.net.wifi.SETUP_WIFI_NETWORK cmp=com.android.settings/.wifi.WifiSetupActivity (has extras)} from pid 826
10-31 16:59:50.730   521   655 D ConnectivityService: ConnectivityChange for WIFI: DISCONNECTED/DISCONNECTED
10-31 16:59:50.730   521   655 D ConnectivityService: Attempting to switch to mobile
10-31 16:59:50.730   521   655 D ConnectivityService: Attempting to switch to BLUETOOTH_TETHER
10-31 16:59:50.740   521   655 D ConnectivityService: ConnectivityChange for WIFI: DISCONNECTED/DISCONNECTED
10-31 16:59:50.740   521   655 D ConnectivityService: Attempting to switch to mobile
10-31 16:59:50.740   521   655 D ConnectivityService: Attempting to switch to BLUETOOTH_TETHER
10-31 16:59:52.402   521   655 D ConnectivityService: Captive portal check NetworkInfo: type: WIFI[], state: CONNECTING/CAPTIVE_PORTAL_CHECK, reason: (unspecified), extra: "nesl5", roaming: false, failover: false, isAvailable: true
10-31 16:59:52.402   521   655 D ConnectivityService: Captive portal check NetworkInfo: type: WIFI[], state: CONNECTING/CAPTIVE_PORTAL_CHECK, reason: (unspecified), extra: "nesl5", roaming: false, failover: false, isAvailable: true
10-31 16:59:52.412   521   655 D ConnectivityService: ConnectivityChange for WIFI: CONNECTED/CONNECTED
10-31 16:59:52.442   521   655 D ConnectivityService: ConnectivityChange for WIFI: CONNECTED/CONNECTED
10-31 16:59:52.462   521   655 D ConnectivityService: handleConnectivityChange: address are the same reset per doReset linkProperty[1]: resetMask=0
10-31 16:59:52.502   521   951 I ActivityManager: START u0 {cmp=com.google.android.setupwizard/.WalledGardenActivity} from pid 826
10-31 16:59:54.507   521  1006 I ActivityManager: Start proc com.google.android.apps.uploader for broadcast com.google.android.apps.uploader/com.google.android.picasasync.ConnectivityReceiver: pid=1950 uid=10050 gids={50050, 3003, 1015, 1028}
10-31 16:59:54.817   521   793 I ActivityManager: Start proc com.android.calendar for broadcast com.android.calendar/.widget.CalendarAppWidgetService$CalendarFactory: pid=1978 uid=10005 gids={50005, 3003, 1028}
10-31 16:59:54.887  1978  1997 E ActivityThread: Failed to find provider info for com.android.calendar
10-31 16:59:54.897   521  1006 I ActivityManager: No longer want com.google.android.onetimeinitializer (pid 1495): empty #17
10-31 16:59:54.997   521  2003 I CertBlacklister: Certificate blacklist changed, updating...
10-31 16:59:55.007   521  2003 I CertBlacklister: Certificate blacklist updated
10-31 16:59:55.217   521  2004 I CertBlacklister: Certificate blacklist changed, updating...
10-31 16:59:55.227   521  2004 I CertBlacklister: Certificate blacklist updated
10-31 16:59:55.537   521   533 I ActivityManager: START u0 {cmp=com.google.android.setupwizard/.OtaUpdateActivity} from pid 826
10-31 16:59:55.717   521   533 I ActivityManager: Force stopping package com.android.vending appid=10054 user=0
10-31 16:59:55.717   521   533 I ActivityManager: Killing proc 1622:com.android.vending/u0a10054: force stop com.android.vending
10-31 16:59:55.717   521   533 W ActivityManager: Scheduling restart of crashed service com.android.vending/com.google.android.finsky.services.DailyHygiene in 5000ms
10-31 16:59:55.737   521   533 I ActivityManager: Force stopping package com.google.android.voicesearch appid=10055 user=0
10-31 16:59:55.737   521   533 I ActivityManager: Killing proc 1544:com.google.android.voicesearch/u0a10055: force stop com.google.android.voicesearch
10-31 16:59:55.757   921  2030 I SystemUpdateService: cancelUpdate (empty URL)
10-31 16:59:55.777   521   951 I ActivityManager: START u0 {act=com.google.android.accounts.AccountIntro cmp=com.google.android.gsf.login/.AccountIntroActivity (has extras)} from pid 826
10-31 16:59:55.818   921  2034 I SystemUpdateService: cancelUpdate (empty URL)
10-31 16:59:55.828  1978  2040 E ActivityThread: Failed to find provider info for com.android.calendar
10-31 16:59:55.868   521   532 I ActivityManager: START u0 {cmp=com.google.android.gsf.login/.AccountPreIntroUIActivity (has extras)} from pid 876
10-31 16:59:55.888   521   532 I ActivityManager: Start proc com.android.vending for broadcast com.android.vending/com.google.android.finsky.receivers.PackageMonitorReceiver$RegisteredReceiver: pid=2048 uid=10054 gids={50054, 3003, 1015, 1028}
10-31 16:59:56.708   521   808 W InputMethodManagerService: Found no subtypes in a system IME: com.android.inputmethod.pinyin
10-31 16:59:57.499   521   655 D ConnectivityService: handleInetConditionHoldEnd: net=1, condition=0, published condition=0
10-31 16:59:57.900   521   783 I LocationBlacklist: whitelist: []
10-31 16:59:57.900   521   783 I LocationBlacklist: blacklist: [com.google., com.semaphoremobile.zagat.android]
10-31 16:59:58.801   521  1007 I ActivityManager: START u0 {cmp=com.google.android.gsf.login/.LoginActivity (has extras)} from pid 876
10-31 16:59:58.821   521   951 I ActivityManager: START u0 {cmp=com.google.android.gsf.login/.UsernamePasswordActivity (has extras)} from pid 876
10-31 17:00:06.569   521   655 D ConnectivityService: handleInetConditionHoldEnd: net=1, condition=100, published condition=0
10-31 17:00:12.826   521   532 I ActivityManager: START u0 {cmp=com.google.android.gsf.login/.LoginActivityTask (has extras)} from pid 876
10-31 17:00:12.836   521   532 I UsageStats: No package stats for pkg:com.google.android.gsf.login
10-31 17:00:14.077   521   539 I ActivityManager: Start proc com.android.browser for broadcast com.android.browser/.AccountsChangedReceiver: pid=2184 uid=10003 gids={50003, 3003, 1015, 1028}
10-31 17:00:14.247   521   792 I ActivityManager: Start proc com.android.exchange for broadcast com.android.exchange/.service.ExchangeBroadcastReceiver: pid=2220 uid=10011 gids={50011, 3003, 1015, 1028}
10-31 17:00:14.317   521   808 W ActivityManager: Unable to start service Intent { act=com.android.email.ACCOUNT_INTENT } U=0: not found
10-31 17:00:14.317   521   533 W ActivityManager: Unable to start service Intent { act=com.google.android.backup.SetBackupAccount (has extras) } U=0: not found
10-31 17:00:16.560   521   793 I ActivityManager: START u0 {cmp=com.android.vending/com.google.android.finsky.activities.AvailablePromoOfferActivity (has extras)} from pid 876
10-31 17:00:16.710   686   686 D PhoneStatusBar: disable: < EXPAND* ICONS* ALERTS ticker SYSTEM_INFO* BACK HOME RECENT CLOCK SEARCH >
10-31 17:00:38.984   521   786 W ThrottleService: unable to find stats for iface rmnet_usb0
10-31 17:00:59.335   521   808 I ActivityManager: No longer want com.android.musicfx (pid 1762): empty #17
10-31 17:00:59.365  2220  2220 E ActivityThread: Service com.android.exchange.service.ExchangeBroadcastProcessorService has leaked ServiceConnection com.android.emailcommon.service.ServiceProxy$ProxyConnection@419beec0 that was originally bound here
10-31 17:00:59.365  2220  2220 E ActivityThread: android.app.ServiceConnectionLeaked: Service com.android.exchange.service.ExchangeBroadcastProcessorService has leaked ServiceConnection com.android.emailcommon.service.ServiceProxy$ProxyConnection@419beec0 that was originally bound here
10-31 17:00:59.365  2220  2220 E ActivityThread: 	at android.app.LoadedApk$ServiceDispatcher.<init>(LoadedApk.java:969)
10-31 17:00:59.365  2220  2220 E ActivityThread: 	at android.app.LoadedApk.getServiceDispatcher(LoadedApk.java:863)
10-31 17:00:59.365  2220  2220 E ActivityThread: 	at android.app.ContextImpl.bindService(ContextImpl.java:1424)
10-31 17:00:59.365  2220  2220 E ActivityThread: 	at android.app.ContextImpl.bindService(ContextImpl.java:1413)
10-31 17:00:59.365  2220  2220 E ActivityThread: 	at android.content.ContextWrapper.bindService(ContextWrapper.java:473)
10-31 17:00:59.365  2220  2220 E ActivityThread: 	at com.android.emailcommon.service.ServiceProxy.setTask(ServiceProxy.java:157)
10-31 17:00:59.365  2220  2220 E ActivityThread: 	at com.android.emailcommon.service.ServiceProxy.setTask(ServiceProxy.java:145)
10-31 17:00:59.365  2220  2220 E ActivityThread: 	at com.android.emailcommon.service.AccountServiceProxy.reconcileAccounts(AccountServiceProxy.java:70)
10-31 17:00:59.365  2220  2220 E ActivityThread: 	at com.android.exchange.ExchangeService.runAccountReconcilerSync(ExchangeService.java:1215)
10-31 17:00:59.365  2220  2220 E ActivityThread: 	at com.android.exchange.service.ExchangeBroadcastProcessorService.onHandleIntent(ExchangeBroadcastProcessorService.java:74)
10-31 17:00:59.365  2220  2220 E ActivityThread: 	at android.app.IntentService$ServiceHandler.handleMessage(IntentService.java:65)
10-31 17:00:59.365  2220  2220 E ActivityThread: 	at android.os.Handler.dispatchMessage(Handler.java:99)
10-31 17:00:59.365  2220  2220 E ActivityThread: 	at android.os.Looper.loop(Looper.java:137)
10-31 17:00:59.365  2220  2220 E ActivityThread: 	at android.os.HandlerThread.run(HandlerThread.java:60)
10-31 17:00:59.385   521   521 W ActivityManager: Unbind failed: could not find connection for android.os.BinderProxy@41ad8bb8
10-31 17:02:13.715   521   564 I PowerManagerService: Going to sleep due to screen timeout...
10-31 17:02:19.601   686   686 D PhoneStatusBar: disable: < expand* icons* ALERTS ticker system_info* BACK HOME RECENT CLOCK SEARCH >
10-31 17:05:12.806   521   537 I PowerManagerService: Waking up from sleep...
10-31 17:05:12.866   521   537 I WindowManager: Lock screen displayed!
10-31 17:05:13.967   686   686 D PhoneStatusBar: disable: < EXPAND* ICONS* ALERTS ticker SYSTEM_INFO* BACK HOME RECENT CLOCK SEARCH >
10-31 17:05:14.027   521   865 W InputMethodManagerService: Window already focused, ignoring focus gain of: com.android.internal.view.IInputMethodClient$Stub$Proxy@41b56aa8 attribute=android.view.inputmethod.EditorInfo@420e2e88, token = android.os.BinderProxy@41ec4568
10-31 17:05:15.238   521  1007 I ActivityManager: START u0 {cmp=com.google.android.gsf.login/.SyncIntroActivity (has extras)} from pid 876
10-31 17:05:15.358   686   686 D PhoneStatusBar: disable: < expand* icons* ALERTS ticker system_info* BACK HOME RECENT CLOCK SEARCH >
10-31 17:05:15.779   521   536 I ActivityManager: No longer want com.google.android.tts (pid 1128): empty #17
10-31 17:05:16.800   521  1007 W ActivityManager: Unable to start service Intent { act=com.google.android.backup.SetBackupAccount (has extras) } U=0: not found
10-31 17:05:16.800   521   533 W ActivityManager: Unable to start service Intent { act=com.google.android.backup.BackupEnabler (has extras) } U=0: not found
10-31 17:05:16.980   521   792 I ActivityManager: START u0 {cmp=com.google.android.setupwizard/.LocationSharingActivity (has extras)} from pid 826
10-31 17:05:18.211   521   539 W ActivityManager: Permission denied: checkComponentPermission() owningUid=10044
10-31 17:05:18.211   521   539 W BroadcastQueue: Permission Denial: broadcasting Intent { act=com.google.android.gsf.settings.GoogleLocationSettings.UPDATE_LOCATION_SETTINGS flg=0x10 } from com.google.android.setupwizard (pid=826, uid=10052) is not exported from uid 10044 due to receiver com.google.android.gms/com.google.android.location.reporting.service.ExternalChangeReceiver
10-31 17:05:18.272   521   783 I LocationBlacklist: whitelist: []
10-31 17:05:18.272   521   783 I LocationBlacklist: blacklist: []
10-31 17:05:18.332   521  1007 I ActivityManager: START u0 {cmp=com.google.android.gsf.login/.NameActivity (has extras)} from pid 826
10-31 17:05:19.052   521   542 I ActivityManager: Start proc com.android.defcontainer for service com.android.defcontainer/.DefaultContainerService: pid=2617 uid=10008 gids={50008, 1015, 2001, 1028}
10-31 17:05:19.122   521   542 W ActivityManager: No content provider found for permission revoke: file:///data/local/tmp/FilterManager.apk
10-31 17:05:19.363   521   808 I ActivityManager: START u0 {flg=0x50000000 cmp=com.android.vending/com.google.android.vending.verifier.ConsentDialog (has extras)} from pid 2048
10-31 17:05:21.215   521  1007 I ActivityManager: START u0 {cmp=com.google.android.setupwizard/.SetupCompleteActivity (has extras)} from pid 826
10-31 17:05:21.545   521   542 W ActivityManager: No content provider found for permission revoke: file:///data/local/tmp/FilterManager.apk
10-31 17:05:21.545   521   542 I PackageManager: Copying native libraries to /data/app-lib/vmdl-943279766
10-31 17:05:22.506   521   533 I ActivityManager: START u0 {act=android.intent.action.MAIN cat=[android.intent.category.HOME] flg=0x10200000 cmp=com.android.launcher/com.android.launcher2.Launcher} from pid 826
10-31 17:05:22.516   521   539 I ActivityManager: Force stopping package edu.ucla.ee.nesl.privacyfilter.filtermanager appid=10056 user=-1
10-31 17:05:22.526   521   865 I StatusBarManagerService: binder died for pkg=com.google.android.setupwizard
10-31 17:05:22.526   521   865 I StatusBarManagerService: binder died for pkg=com.google.android.setupwizard
10-31 17:05:22.526   521   865 I WindowState: WIN DEATH: Window{41e622b8 u0 com.google.android.setupwizard/com.google.android.setupwizard.SetupCompleteActivity}
10-31 17:05:22.526   521  1008 I StatusBarManagerService: binder died for pkg=com.google.android.setupwizard
10-31 17:05:22.526   521  1008 I StatusBarManagerService: binder died for pkg=com.google.android.setupwizard
10-31 17:05:22.526   521   532 I ActivityManager: Process com.google.android.setupwizard (pid 826) has died.
10-31 17:05:22.526   686   686 D PhoneStatusBar: disable: < expand icons alerts* ticker system_info BACK home* recent* clock* search* >
10-31 17:05:22.686   521   562 W InputMethodManagerService: Found no subtypes in a system IME: com.android.inputmethod.pinyin
10-31 17:05:22.706   521   951 I ActivityManager: Start proc com.android.musicfx for broadcast com.android.musicfx/.Compatibility$Receiver: pid=2690 uid=10024 gids={50024, 3003, 3002, 1028}
10-31 17:05:22.766   521  1007 I ActivityManager: Start proc com.svox.pico for broadcast com.svox.pico/.VoiceDataInstallerReceiver: pid=2708 uid=10030 gids={50030, 1015, 1028}
10-31 17:05:22.826   521   533 I ActivityManager: No longer want com.android.calendar (pid 1978): empty #17
10-31 17:05:22.987   686   686 D PhoneStatusBar: disable: < expand icons alerts ticker system_info back* home recent clock search >
10-31 17:05:23.047   521   808 W InputMethodManagerService: Got RemoteException sending setActive(false) notification to pid 826 uid 10052
10-31 17:05:23.357   521  1007 I ActivityManager: START u0 {act=android.intent.action.MAIN cat=[android.intent.category.LAUNCHER] flg=0x10000000 cmp=edu.ucla.ee.nesl.privacyfilter.filtermanager/.AppListActivity} from pid 2733
10-31 17:05:23.447   521   808 I ActivityManager: Start proc edu.ucla.ee.nesl.privacyfilter.filtermanager for activity edu.ucla.ee.nesl.privacyfilter.filtermanager/.AppListActivity: pid=2745 uid=10056 gids={50056, 3003, 1015, 1028}
10-31 17:05:26.590   521  1008 I ActivityManager: No longer want com.android.deskclock (pid 1344): empty #17
10-31 17:05:27.431   521   808 I ActivityManager: No longer want com.google.android.apps.uploader (pid 1950): empty #17
10-31 17:05:27.672   521   536 I ActivityManager: No longer want com.google.android.inputmethod.latin.dictionarypack (pid 929): empty #17
10-31 17:05:59.916   521   564 I PowerManagerService: Going to sleep due to screen timeout...
10-31 17:06:05.892   686   686 D PhoneStatusBar: disable: < expand icons alerts ticker system_info back home RECENT* clock search >
10-31 17:06:05.942   686   686 D PhoneStatusBar: disable: < expand icons alerts ticker system_info BACK* HOME* RECENT CLOCK* search >
10-31 17:08:14.810   521   537 I PowerManagerService: Waking up from sleep...
10-31 17:08:14.870   521   537 I WindowManager: Lock screen displayed!
