10-31 18:50:39.036   521   786 W ThrottleService: unable to find stats for iface rmnet_usb0
10-31 18:55:05.400   521   655 D ConnectivityService: Captive portal check NetworkInfo: type: WIFI[], state: CONNECTING/CAPTIVE_PORTAL_CHECK, reason: (unspecified), extra: "nesl5", roaming: false, failover: false, isAvailable: true
10-31 18:55:05.400   521   655 D ConnectivityService: Captive portal check NetworkInfo: type: WIFI[], state: CONNECTING/CAPTIVE_PORTAL_CHECK, reason: (unspecified), extra: "nesl5", roaming: false, failover: false, isAvailable: true
10-31 18:55:05.400   521   655 D ConnectivityService: ConnectivityChange for WIFI: CONNECTED/CONNECTED
10-31 18:55:05.400   521   655 D ConnectivityService: handleConnectivityChange: address are the same reset per doReset linkProperty[1]: resetMask=0
10-31 18:55:05.410   521   655 D ConnectivityService: ConnectivityChange for WIFI: CONNECTED/CONNECTED
10-31 18:55:05.410   521   655 D ConnectivityService: handleConnectivityChange: address are the same reset per doReset linkProperty[1]: resetMask=0
10-31 18:55:06.402   521   655 D ConnectivityService: NetTransition Wakelock for WifiStateMachine released by timeout
10-31 18:55:08.524   521   792 I ActivityManager: Start proc com.google.android.apps.uploader for broadcast com.google.android.apps.uploader/com.google.android.picasasync.ConnectivityReceiver: pid=4869 uid=10050 gids={50050, 3003, 1015, 1028}
10-31 18:55:08.684   521  1006 I ActivityManager: No longer want com.google.android.apps.maps (pid 4571): empty for 1885s
10-31 18:55:11.477   521   655 D ConnectivityService: handleInetConditionHoldEnd: net=1, condition=0, published condition=0
10-31 18:57:59.997   521   539 I ActivityManager: No longer want com.google.android.tts (pid 4637): empty for 2055s
10-31 19:00:39.046   521   786 W ThrottleService: unable to find stats for iface rmnet_usb0
10-31 19:08:25.034   521   564 I PowerManagerService: Waking up from sleep...
10-31 19:08:25.134   521   537 I WindowManager: Lock screen displayed!
10-31 19:08:35.044   521   564 I PowerManagerService: Going to sleep due to screen timeout...
10-31 19:12:23.050   521   786 W ThrottleService: unable to find stats for iface rmnet_usb0
10-31 19:20:32.290   521   655 D ConnectivityService: ConnectivityChange for WIFI: DISCONNECTED/DISCONNECTED
10-31 19:20:32.290   521   655 D ConnectivityService: Attempting to switch to mobile
10-31 19:20:32.290   521   655 D ConnectivityService: Attempting to switch to BLUETOOTH_TETHER
10-31 19:20:32.320   521   655 D ConnectivityService: resetConnections(wlan0, 3)
10-31 19:20:32.650   521   655 D ConnectivityService: ConnectivityChange for WIFI: DISCONNECTED/DISCONNECTED
10-31 19:20:32.650   521   655 D ConnectivityService: Attempting to switch to mobile
10-31 19:20:32.650   521   655 D ConnectivityService: Attempting to switch to BLUETOOTH_TETHER
10-31 19:20:32.650   521   655 D ConnectivityService: resetConnections(wlan0, 3)
10-31 19:20:35.703   521   655 D ConnectivityService: handleInetConditionChange: no active default network - ignore
10-31 19:20:36.023   521   655 D ConnectivityService: handleInetConditionChange: no active default network - ignore
10-31 19:22:17.020   521   655 D ConnectivityService: NetTransition Wakelock for WifiStateMachine released by timeout
10-31 19:24:18.040   521   786 W ThrottleService: unable to find stats for iface rmnet_usb0
10-31 19:35:33.050   521   786 W ThrottleService: unable to find stats for iface rmnet_usb0
10-31 19:38:44.060   521   566 I ActivityManager: Start proc com.google.android.apps.maps for service com.google.android.apps.maps/com.google.android.apps.gmm.prefetch.PrefetcherService: pid=5135 uid=10060 gids={50060, 3003, 1015, 1028}
10-31 19:39:12.361   521  1007 I ActivityManager: Start proc com.google.android.tts for service com.google.android.tts/.GoogleTTSService: pid=5179 uid=10048 gids={50048, 3003, 1015, 1028}
10-31 19:45:33.100   521   786 W ThrottleService: unable to find stats for iface rmnet_usb0
10-31 19:55:33.170   521   786 W ThrottleService: unable to find stats for iface rmnet_usb0
10-31 20:05:33.180   521   786 W ThrottleService: unable to find stats for iface rmnet_usb0
10-31 20:18:04.040   521   786 W ThrottleService: unable to find stats for iface rmnet_usb0
10-31 20:30:33.140   521   786 W ThrottleService: unable to find stats for iface rmnet_usb0
10-31 20:40:33.420   521   786 W ThrottleService: unable to find stats for iface rmnet_usb0
10-31 20:53:44.080   521   786 W ThrottleService: unable to find stats for iface rmnet_usb0
10-31 21:05:33.020   521   786 W ThrottleService: unable to find stats for iface rmnet_usb0
10-31 21:15:33.030   521   786 W ThrottleService: unable to find stats for iface rmnet_usb0
10-31 21:25:33.140   521   786 W ThrottleService: unable to find stats for iface rmnet_usb0
10-31 21:35:33.190   521   786 W ThrottleService: unable to find stats for iface rmnet_usb0
10-31 21:50:33.050   521   786 W ThrottleService: unable to find stats for iface rmnet_usb0
10-31 22:00:33.110   521   786 W ThrottleService: unable to find stats for iface rmnet_usb0
10-31 22:10:33.250   521   786 W ThrottleService: unable to find stats for iface rmnet_usb0
10-31 22:25:33.050   521   786 W ThrottleService: unable to find stats for iface rmnet_usb0
10-31 22:35:33.110   521   786 W ThrottleService: unable to find stats for iface rmnet_usb0
10-31 22:50:32.050   521   786 W ThrottleService: unable to find stats for iface rmnet_usb0
10-31 23:00:32.090   521   786 W ThrottleService: unable to find stats for iface rmnet_usb0
10-31 23:10:32.100   521   786 W ThrottleService: unable to find stats for iface rmnet_usb0
10-31 23:20:33.150   521   786 W ThrottleService: unable to find stats for iface rmnet_usb0
10-31 23:34:02.040   521   786 W ThrottleService: unable to find stats for iface rmnet_usb0
10-31 23:45:33.110   521   786 W ThrottleService: unable to find stats for iface rmnet_usb0
11-01 00:00:32.040   521   786 W ThrottleService: unable to find stats for iface rmnet_usb0
11-01 00:10:32.080   521   786 W ThrottleService: unable to find stats for iface rmnet_usb0
11-01 00:20:33.100   521   786 W ThrottleService: unable to find stats for iface rmnet_usb0
11-01 00:30:33.120   521   786 W ThrottleService: unable to find stats for iface rmnet_usb0
11-01 00:45:32.040   521   786 W ThrottleService: unable to find stats for iface rmnet_usb0
11-01 00:55:33.320   521   786 W ThrottleService: unable to find stats for iface rmnet_usb0
11-01 00:55:33.380   521   953 I ActivityManager: Start proc android.process.acore for content provider com.android.providers.contacts/.ContactsProvider2: pid=5352 uid=10000 gids={50000, 3003, 1015, 1028}
11-01 01:09:25.250   521   786 W ThrottleService: unable to find stats for iface rmnet_usb0
11-01 01:20:33.160   521   786 W ThrottleService: unable to find stats for iface rmnet_usb0
11-01 01:20:33.230   157  5385 W SocketClient: write error (Broken pipe)
11-01 01:35:32.040   521   786 W ThrottleService: unable to find stats for iface rmnet_usb0
11-01 01:35:32.400   157  5389 W SocketClient: write error (Broken pipe)
11-01 01:45:33.170   521   786 W ThrottleService: unable to find stats for iface rmnet_usb0
11-01 01:45:33.220   157  5393 W SocketClient: write error (Broken pipe)
11-01 01:55:33.170   521   786 W ThrottleService: unable to find stats for iface rmnet_usb0
11-01 01:55:33.310   157  5397 W SocketClient: write error (Broken pipe)
11-01 02:05:33.180   521   786 W ThrottleService: unable to find stats for iface rmnet_usb0
11-01 02:15:33.180   157  5403 W SocketClient: write error (Broken pipe)
11-01 02:15:33.190   521   786 W ThrottleService: unable to find stats for iface rmnet_usb0
11-01 02:25:33.230   521   786 W ThrottleService: unable to find stats for iface rmnet_usb0
11-01 02:25:33.250   157  5406 W SocketClient: write error (Broken pipe)
11-01 02:35:32.180   157  5409 W SocketClient: write error (Broken pipe)
11-01 02:39:27.080   521   786 W ThrottleService: unable to find stats for iface rmnet_usb0
11-01 02:45:32.250   157  5412 W SocketClient: write error (Broken pipe)
11-01 02:50:32.110   521   786 W ThrottleService: unable to find stats for iface rmnet_usb0
11-01 03:00:33.190   521   786 W ThrottleService: unable to find stats for iface rmnet_usb0
11-01 03:15:32.080   521   786 W ThrottleService: unable to find stats for iface rmnet_usb0
11-01 03:15:32.240   157  5424 W SocketClient: write error (Broken pipe)
11-01 03:25:32.160   521   786 W ThrottleService: unable to find stats for iface rmnet_usb0
11-01 03:25:32.300   157  5428 W SocketClient: write error (Broken pipe)
11-01 03:35:32.170   521   786 W ThrottleService: unable to find stats for iface rmnet_usb0
11-01 03:45:33.170   521   786 W ThrottleService: unable to find stats for iface rmnet_usb0
11-01 03:45:33.290   157  5434 W SocketClient: write error (Broken pipe)
11-01 03:55:32.230   157  5436 W SocketClient: write error (Broken pipe)
11-01 04:00:33.090   521   786 W ThrottleService: unable to find stats for iface rmnet_usb0
11-01 04:10:33.260   521   786 W ThrottleService: unable to find stats for iface rmnet_usb0
11-01 04:20:33.170   157  5443 W SocketClient: write error (Broken pipe)
11-01 04:20:33.270   521   786 W ThrottleService: unable to find stats for iface rmnet_usb0
11-01 04:30:32.370   521   539 W ProcessStats: Skipping unknown process pid 5450
11-01 04:35:32.040   521   786 W ThrottleService: unable to find stats for iface rmnet_usb0
11-01 04:35:32.200   157  5454 W SocketClient: write error (Broken pipe)
11-01 04:45:32.130   521   786 W ThrottleService: unable to find stats for iface rmnet_usb0
11-01 04:55:33.330   521   786 W ThrottleService: unable to find stats for iface rmnet_usb0
11-01 05:00:32.090   521   536 I ActivityManager: Start proc com.android.calendar for broadcast com.android.calendar/.widget.CalendarAppWidgetService$CalendarFactory: pid=5478 uid=10005 gids={50005, 3003, 1028}
11-01 05:00:32.290   521  1006 I ActivityManager: Start proc com.google.android.inputmethod.latin.dictionarypack for broadcast com.google.android.inputmethod.latin.dictionarypack/.EventHandler: pid=5496 uid=10049 gids={50049, 3003, 1015, 1028}
11-01 05:00:32.320  5478  5495 E ActivityThread: Failed to find provider info for com.android.calendar
11-01 05:09:29.110   521   786 W ThrottleService: unable to find stats for iface rmnet_usb0
11-01 05:20:32.020   521   786 W ThrottleService: unable to find stats for iface rmnet_usb0
11-01 05:20:32.270   157  5522 W SocketClient: write error (Broken pipe)
11-01 05:30:32.100   521   786 W ThrottleService: unable to find stats for iface rmnet_usb0
11-01 05:30:32.550   157  5525 W SocketClient: write error (Broken pipe)
11-01 05:40:32.150   521   786 W ThrottleService: unable to find stats for iface rmnet_usb0
11-01 05:45:32.040   157  5529 W SocketClient: write error (Broken pipe)
11-01 05:50:32.170   521   786 W ThrottleService: unable to find stats for iface rmnet_usb0
11-01 06:00:32.170   521   786 W ThrottleService: unable to find stats for iface rmnet_usb0
11-01 06:00:32.210   157  5538 W SocketClient: write error (Broken pipe)
11-01 06:10:32.170   521   786 W ThrottleService: unable to find stats for iface rmnet_usb0
11-01 06:15:33.180   157  5542 W SocketClient: write error (Broken pipe)
11-01 06:20:32.180   521   786 W ThrottleService: unable to find stats for iface rmnet_usb0
11-01 06:25:32.220   157  5544 W SocketClient: write error (Broken pipe)
11-01 06:30:32.190   521   786 W ThrottleService: unable to find stats for iface rmnet_usb0
11-01 06:35:33.190   157  5547 W SocketClient: write error (Broken pipe)
11-01 06:40:33.020   521   786 W ThrottleService: unable to find stats for iface rmnet_usb0
11-01 06:40:33.230   157  5549 W SocketClient: write error (Broken pipe)
11-01 06:53:43.110   521   786 W ThrottleService: unable to find stats for iface rmnet_usb0
11-01 07:05:32.030   521   786 W ThrottleService: unable to find stats for iface rmnet_usb0
11-01 07:15:32.160   521   786 W ThrottleService: unable to find stats for iface rmnet_usb0
11-01 07:25:32.170   521   786 W ThrottleService: unable to find stats for iface rmnet_usb0
11-01 07:35:33.160   521   786 W ThrottleService: unable to find stats for iface rmnet_usb0
11-01 07:35:33.200   157  5594 W SocketClient: write error (Broken pipe)
11-01 07:50:32.060   521   786 W ThrottleService: unable to find stats for iface rmnet_usb0
11-01 07:50:32.210   157  5597 W SocketClient: write error (Broken pipe)
11-01 08:00:33.170   521   786 W ThrottleService: unable to find stats for iface rmnet_usb0
11-01 08:15:32.030   521   786 W ThrottleService: unable to find stats for iface rmnet_usb0
11-01 08:15:32.380   521   521 I ActivityManager: No longer want com.google.process.location (pid 4744): empty for 1800s
11-01 08:15:32.410   521   808 W ActivityManager: Scheduling restart of crashed service com.google.android.gms/com.google.android.location.fused.NlpLocationReceiverService in 5000ms
11-01 08:15:32.410   521   808 W ActivityManager: Scheduling restart of crashed service com.google.android.gms/com.google.android.location.internal.GoogleLocationManagerService in 15000ms
11-01 08:25:32.040   521   786 W ThrottleService: unable to find stats for iface rmnet_usb0
11-01 08:35:32.100   521   786 W ThrottleService: unable to find stats for iface rmnet_usb0
11-01 08:39:33.080   521   539 I ActivityManager: Start proc com.google.process.location for service com.google.android.gms/com.google.android.location.fused.NlpLocationReceiverService: pid=5632 uid=10044 gids={50044, 3003, 1007, 1028, 1015, 1006, 2001, 3006}
11-01 08:45:32.130   521   786 W ThrottleService: unable to find stats for iface rmnet_usb0
11-01 08:55:32.250   521   786 W ThrottleService: unable to find stats for iface rmnet_usb0
11-01 09:05:33.220   521   786 W ThrottleService: unable to find stats for iface rmnet_usb0
11-01 09:15:33.180   157  5673 W SocketClient: write error (Broken pipe)
11-01 09:15:33.220   521   786 W ThrottleService: unable to find stats for iface rmnet_usb0
11-01 09:30:32.050   521   786 W ThrottleService: unable to find stats for iface rmnet_usb0
11-01 09:30:32.180   157  5677 W SocketClient: write error (Broken pipe)
11-01 09:40:32.090   521   786 W ThrottleService: unable to find stats for iface rmnet_usb0
11-01 09:45:32.070   157  5680 W SocketClient: write error (Broken pipe)
11-01 09:50:33.090   521   786 W ThrottleService: unable to find stats for iface rmnet_usb0
11-01 09:50:33.130   157  5697 W SocketClient: write error (Broken pipe)
11-01 09:56:57.370   157  5704 W SocketClient: write error (Broken pipe)
11-01 10:00:33.090   521   786 W ThrottleService: unable to find stats for iface rmnet_usb0
11-01 10:07:41.230   157  5763 W SocketClient: write error (Broken pipe)
11-01 10:10:54.010   521   786 W ThrottleService: unable to find stats for iface rmnet_usb0
11-01 10:14:10.200   157  5786 W SocketClient: write error (Broken pipe)
11-01 10:20:33.180   157  5794 W SocketClient: write error (Broken pipe)
11-01 10:21:05.060   521   786 W ThrottleService: unable to find stats for iface rmnet_usb0
11-01 10:25:33.260   157  5806 W SocketClient: write error (Broken pipe)
11-01 10:28:24.130   521   539 W ProcessStats: Skipping unknown process pid 5812
11-01 10:35:33.150   521   786 W ThrottleService: unable to find stats for iface rmnet_usb0
11-01 10:35:33.240   157  5833 W SocketClient: write error (Broken pipe)
11-01 10:38:52.169   521   655 D ConnectivityService: Captive portal check NetworkInfo: type: WIFI[], state: CONNECTING/CAPTIVE_PORTAL_CHECK, reason: (unspecified), extra: "nesl5", roaming: false, failover: false, isAvailable: true
11-01 10:38:52.169   521   655 D ConnectivityService: Captive portal check NetworkInfo: type: WIFI[], state: CONNECTING/CAPTIVE_PORTAL_CHECK, reason: (unspecified), extra: "nesl5", roaming: false, failover: false, isAvailable: true
11-01 10:38:52.169   521   655 D ConnectivityService: ConnectivityChange for WIFI: CONNECTED/CONNECTED
11-01 10:38:52.189   521   655 D ConnectivityService: ConnectivityChange for WIFI: CONNECTED/CONNECTED
11-01 10:38:52.199   521   655 D ConnectivityService: handleConnectivityChange: address are the same reset per doReset linkProperty[1]: resetMask=0
11-01 10:53:05.120   521   786 W ThrottleService: unable to find stats for iface rmnet_usb0
11-01 11:07:02.230   521   786 W ThrottleService: unable to find stats for iface rmnet_usb0
11-01 11:08:42.450   521   655 D ConnectivityService: handleInetConditionHoldEnd: net=1, condition=0, published condition=0
11-01 11:26:40.140   521   786 W ThrottleService: unable to find stats for iface rmnet_usb0
11-01 11:36:40.142   521   786 W ThrottleService: unable to find stats for iface rmnet_usb0
11-01 11:39:13.200   521   655 D ConnectivityService: ConnectivityChange for WIFI: DISCONNECTED/DISCONNECTED
11-01 11:39:13.200   521   655 D ConnectivityService: Attempting to switch to mobile
11-01 11:39:13.200   521   655 D ConnectivityService: Attempting to switch to BLUETOOTH_TETHER
11-01 11:39:13.220   521   655 D ConnectivityService: resetConnections(wlan0, 3)
11-01 11:39:13.620   521   655 D ConnectivityService: ConnectivityChange for WIFI: DISCONNECTED/DISCONNECTED
11-01 11:39:13.670   521   655 D ConnectivityService: Attempting to switch to mobile
11-01 11:39:13.670   521   655 D ConnectivityService: Attempting to switch to BLUETOOTH_TETHER
11-01 11:39:13.670   521   655 D ConnectivityService: resetConnections(wlan0, 3)
11-01 11:39:14.671   521   655 D ConnectivityService: Captive portal check NetworkInfo: type: WIFI[], state: CONNECTING/CAPTIVE_PORTAL_CHECK, reason: (unspecified), extra: "nesl5", roaming: false, failover: false, isAvailable: true
11-01 11:39:14.671   521   655 D ConnectivityService: Captive portal check NetworkInfo: type: WIFI[], state: CONNECTING/CAPTIVE_PORTAL_CHECK, reason: (unspecified), extra: "nesl5", roaming: false, failover: false, isAvailable: true
11-01 11:39:14.691   521   655 D ConnectivityService: ConnectivityChange for WIFI: CONNECTED/CONNECTED
11-01 11:39:14.711   521   655 D ConnectivityService: ConnectivityChange for WIFI: CONNECTED/CONNECTED
11-01 11:39:14.721   521   655 D ConnectivityService: handleConnectivityChange: address are the same reset per doReset linkProperty[1]: resetMask=0
11-01 11:39:39.020   521   655 D ConnectivityService: NetTransition Wakelock for WifiStateMachine released by timeout
11-01 11:53:40.100   521   786 W ThrottleService: unable to find stats for iface rmnet_usb0
11-01 12:09:40.590   521   786 W ThrottleService: unable to find stats for iface rmnet_usb0
11-01 12:30:55.100   521   786 W ThrottleService: unable to find stats for iface rmnet_usb0
11-01 12:30:55.110   521   655 D ConnectivityService: handleInetConditionHoldEnd: net=1, condition=0, published condition=0
11-01 12:39:37.110   521   655 D ConnectivityService: Captive portal check NetworkInfo: type: WIFI[], state: CONNECTING/CAPTIVE_PORTAL_CHECK, reason: (unspecified), extra: "nesl5", roaming: false, failover: false, isAvailable: true
11-01 12:39:37.110   521   655 D ConnectivityService: Captive portal check NetworkInfo: type: WIFI[], state: CONNECTING/CAPTIVE_PORTAL_CHECK, reason: (unspecified), extra: "nesl5", roaming: false, failover: false, isAvailable: true
11-01 12:39:37.140   521   655 D ConnectivityService: ConnectivityChange for WIFI: CONNECTED/CONNECTED
11-01 12:39:37.140   521   655 D ConnectivityService: handleConnectivityChange: address are the same reset per doReset linkProperty[1]: resetMask=0
11-01 12:39:37.180   521   655 D ConnectivityService: ConnectivityChange for WIFI: CONNECTED/CONNECTED
11-01 12:39:37.240   521   655 D ConnectivityService: handleConnectivityChange: address are the same reset per doReset linkProperty[1]: resetMask=0
11-01 12:39:41.000   521   655 D ConnectivityService: NetTransition Wakelock for WifiStateMachine released by timeout
11-01 13:02:06.030   521   786 W ThrottleService: unable to find stats for iface rmnet_usb0
11-01 13:18:27.040   521   786 W ThrottleService: unable to find stats for iface rmnet_usb0
11-01 13:30:45.020   521   786 W ThrottleService: unable to find stats for iface rmnet_usb0
11-01 13:31:59.290   521   655 D ConnectivityService: handleInetConditionHoldEnd: net=1, condition=0, published condition=0
11-01 13:37:14.210   521   655 D ConnectivityService: ConnectivityChange for WIFI: DISCONNECTED/DISCONNECTED
11-01 13:37:14.220   521   655 D ConnectivityService: Attempting to switch to mobile
11-01 13:37:14.220   521   655 D ConnectivityService: Attempting to switch to BLUETOOTH_TETHER
11-01 13:37:14.260   521   655 D ConnectivityService: resetConnections(wlan0, 3)
11-01 13:37:14.630   521   655 D ConnectivityService: ConnectivityChange for WIFI: DISCONNECTED/DISCONNECTED
11-01 13:37:14.640   521   655 D ConnectivityService: Attempting to switch to mobile
11-01 13:37:14.640   521   655 D ConnectivityService: Attempting to switch to BLUETOOTH_TETHER
11-01 13:37:14.640   521   655 D ConnectivityService: resetConnections(wlan0, 3)
11-01 13:37:15.621   521   655 D ConnectivityService: Captive portal check NetworkInfo: type: WIFI[], state: CONNECTING/CAPTIVE_PORTAL_CHECK, reason: (unspecified), extra: "nesl5", roaming: false, failover: false, isAvailable: true
11-01 13:37:15.621   521   655 D ConnectivityService: Captive portal check NetworkInfo: type: WIFI[], state: CONNECTING/CAPTIVE_PORTAL_CHECK, reason: (unspecified), extra: "nesl5", roaming: false, failover: false, isAvailable: true
11-01 13:37:15.641   521   655 D ConnectivityService: ConnectivityChange for WIFI: CONNECTED/CONNECTED
11-01 13:37:15.671   521   655 D ConnectivityService: ConnectivityChange for WIFI: CONNECTED/CONNECTED
11-01 13:37:15.671   521   655 D ConnectivityService: handleConnectivityChange: address are the same reset per doReset linkProperty[1]: resetMask=0
11-01 13:37:19.030   521   655 D ConnectivityService: NetTransition Wakelock for WifiStateMachine released by timeout
11-01 13:39:29.960   521   655 D ConnectivityService: handleInetConditionHoldEnd: net=1, condition=0, published condition=0
11-01 13:41:20.020   521   786 W ThrottleService: unable to find stats for iface rmnet_usb0
11-01 14:08:44.040   521   786 W ThrottleService: unable to find stats for iface rmnet_usb0
11-01 14:19:14.020   521   786 W ThrottleService: unable to find stats for iface rmnet_usb0
11-01 14:34:52.020   521   786 W ThrottleService: unable to find stats for iface rmnet_usb0
11-01 14:39:37.180   521   655 D ConnectivityService: ConnectivityChange for WIFI: DISCONNECTED/DISCONNECTED
11-01 14:39:37.200   521   655 D ConnectivityService: Attempting to switch to mobile
11-01 14:39:37.200   521   655 D ConnectivityService: Attempting to switch to BLUETOOTH_TETHER
11-01 14:39:37.240   521   655 D ConnectivityService: resetConnections(wlan0, 3)
11-01 14:39:37.600   521   655 D ConnectivityService: ConnectivityChange for WIFI: DISCONNECTED/DISCONNECTED
11-01 14:39:37.600   521   655 D ConnectivityService: Attempting to switch to mobile
11-01 14:39:37.600   521   655 D ConnectivityService: Attempting to switch to BLUETOOTH_TETHER
11-01 14:39:37.600   521   655 D ConnectivityService: resetConnections(wlan0, 3)
11-01 14:39:38.661   521   655 D ConnectivityService: Captive portal check NetworkInfo: type: WIFI[], state: CONNECTING/CAPTIVE_PORTAL_CHECK, reason: (unspecified), extra: "nesl5", roaming: false, failover: false, isAvailable: true
11-01 14:39:38.661   521   655 D ConnectivityService: Captive portal check NetworkInfo: type: WIFI[], state: CONNECTING/CAPTIVE_PORTAL_CHECK, reason: (unspecified), extra: "nesl5", roaming: false, failover: false, isAvailable: true
11-01 14:39:38.691   521   655 D ConnectivityService: ConnectivityChange for WIFI: CONNECTED/CONNECTED
11-01 14:39:38.711   521   655 D ConnectivityService: ConnectivityChange for WIFI: CONNECTED/CONNECTED
11-01 14:39:38.721   521   655 D ConnectivityService: handleConnectivityChange: address are the same reset per doReset linkProperty[1]: resetMask=0
11-01 14:39:42.030   521   655 D ConnectivityService: NetTransition Wakelock for WifiStateMachine released by timeout
11-01 14:47:06.130   521   786 W ThrottleService: unable to find stats for iface rmnet_usb0
11-01 14:47:07.891   521   655 D ConnectivityService: handleInetConditionHoldEnd: net=1, condition=0, published condition=0
11-01 15:00:32.030   521   786 W ThrottleService: unable to find stats for iface rmnet_usb0
11-01 15:08:58.000   521   539 W ProcessStats: Skipping unknown process pid 6402
11-01 15:08:58.000   521   539 W ProcessStats: Skipping unknown process pid 6403
11-01 15:08:58.000   521   539 W ProcessStats: Skipping unknown process pid 6404
11-01 15:08:58.000   521   539 W ProcessStats: Skipping unknown process pid 6405
11-01 15:12:07.030   521   786 W ThrottleService: unable to find stats for iface rmnet_usb0
11-01 15:22:09.010   521   786 W ThrottleService: unable to find stats for iface rmnet_usb0
11-01 15:37:15.020   521   786 W ThrottleService: unable to find stats for iface rmnet_usb0
11-01 15:39:44.200   521   655 D ConnectivityService: ConnectivityChange for WIFI: DISCONNECTED/DISCONNECTED
11-01 15:39:44.200   521   655 D ConnectivityService: Attempting to switch to mobile
11-01 15:39:44.200   521   655 D ConnectivityService: Attempting to switch to BLUETOOTH_TETHER
11-01 15:39:44.220   521   655 D ConnectivityService: resetConnections(wlan0, 3)
11-01 15:39:44.600   521   655 D ConnectivityService: ConnectivityChange for WIFI: DISCONNECTED/DISCONNECTED
11-01 15:39:44.640   521   655 D ConnectivityService: Attempting to switch to mobile
11-01 15:39:44.640   521   655 D ConnectivityService: Attempting to switch to BLUETOOTH_TETHER
11-01 15:39:44.640   521   655 D ConnectivityService: resetConnections(wlan0, 3)
11-01 15:39:45.801   521   655 D ConnectivityService: Captive portal check NetworkInfo: type: WIFI[], state: CONNECTING/CAPTIVE_PORTAL_CHECK, reason: (unspecified), extra: "nesl5", roaming: false, failover: false, isAvailable: true
11-01 15:39:45.801   521   655 D ConnectivityService: Captive portal check NetworkInfo: type: WIFI[], state: CONNECTING/CAPTIVE_PORTAL_CHECK, reason: (unspecified), extra: "nesl5", roaming: false, failover: false, isAvailable: true
11-01 15:39:45.821   521   655 D ConnectivityService: ConnectivityChange for WIFI: CONNECTED/CONNECTED
11-01 15:39:45.881   521   655 D ConnectivityService: ConnectivityChange for WIFI: CONNECTED/CONNECTED
11-01 15:39:45.881   521   655 D ConnectivityService: handleConnectivityChange: address are the same reset per doReset linkProperty[1]: resetMask=0
11-01 15:50:23.020   521   655 D ConnectivityService: NetTransition Wakelock for WifiStateMachine released by timeout
11-01 15:50:23.150   521   786 W ThrottleService: unable to find stats for iface rmnet_usb0
11-01 16:06:03.350   521   786 W ThrottleService: unable to find stats for iface rmnet_usb0
11-01 16:07:50.020   521   655 D ConnectivityService: handleInetConditionHoldEnd: net=1, condition=0, published condition=0
11-01 16:16:14.100   521   786 W ThrottleService: unable to find stats for iface rmnet_usb0
11-01 16:27:26.160   521   786 W ThrottleService: unable to find stats for iface rmnet_usb0
11-01 16:37:26.163   521   786 W ThrottleService: unable to find stats for iface rmnet_usb0
11-01 16:38:43.170   521   655 D ConnectivityService: ConnectivityChange for WIFI: DISCONNECTED/DISCONNECTED
11-01 16:38:43.170   521   655 D ConnectivityService: Attempting to switch to mobile
11-01 16:38:43.170   521   655 D ConnectivityService: Attempting to switch to BLUETOOTH_TETHER
11-01 16:38:43.200   521   655 D ConnectivityService: resetConnections(wlan0, 3)
11-01 16:38:43.620   521   655 D ConnectivityService: ConnectivityChange for WIFI: DISCONNECTED/DISCONNECTED
11-01 16:38:43.640   521   655 D ConnectivityService: Attempting to switch to mobile
11-01 16:38:43.640   521   655 D ConnectivityService: Attempting to switch to BLUETOOTH_TETHER
11-01 16:38:43.640   521   655 D ConnectivityService: resetConnections(wlan0, 3)
11-01 16:38:44.531   521   655 D ConnectivityService: Captive portal check NetworkInfo: type: WIFI[], state: CONNECTING/CAPTIVE_PORTAL_CHECK, reason: (unspecified), extra: "nesl5", roaming: false, failover: false, isAvailable: true
11-01 16:38:44.541   521   655 D ConnectivityService: Captive portal check NetworkInfo: type: WIFI[], state: CONNECTING/CAPTIVE_PORTAL_CHECK, reason: (unspecified), extra: "nesl5", roaming: false, failover: false, isAvailable: true
11-01 16:38:44.541   521   655 D ConnectivityService: ConnectivityChange for WIFI: CONNECTED/CONNECTED
11-01 16:38:44.601   521   655 D ConnectivityService: ConnectivityChange for WIFI: CONNECTED/CONNECTED
11-01 16:38:44.601   521   655 D ConnectivityService: handleConnectivityChange: address are the same reset per doReset linkProperty[1]: resetMask=0
11-01 16:39:42.020   521   655 D ConnectivityService: NetTransition Wakelock for WifiStateMachine released by timeout
11-01 16:58:30.100   521   786 W ThrottleService: unable to find stats for iface rmnet_usb0
11-01 17:00:14.020   521   655 D ConnectivityService: handleInetConditionHoldEnd: net=1, condition=0, published condition=0
11-01 17:00:14.560   521   566 I ActivityManager: Start proc com.google.android.partnersetup for service com.google.android.partnersetup/.RlzPingService: pid=6641 uid=10047 gids={50047, 3003, 1028}
11-01 17:36:50.170   521   786 W ThrottleService: unable to find stats for iface rmnet_usb0
11-01 17:36:50.180   521   786 W ThrottleService: unable to find stats for iface rmnet_usb0
11-01 17:36:50.220   521   786 W ThrottleService: unable to find stats for iface rmnet_usb0
11-01 17:39:48.020   521   655 D ConnectivityService: Captive portal check NetworkInfo: type: WIFI[], state: CONNECTING/CAPTIVE_PORTAL_CHECK, reason: (unspecified), extra: "nesl5", roaming: false, failover: false, isAvailable: true
11-01 17:39:48.020   521   655 D ConnectivityService: Captive portal check NetworkInfo: type: WIFI[], state: CONNECTING/CAPTIVE_PORTAL_CHECK, reason: (unspecified), extra: "nesl5", roaming: false, failover: false, isAvailable: true
11-01 17:39:48.030   521   655 D ConnectivityService: ConnectivityChange for WIFI: CONNECTED/CONNECTED
11-01 17:39:48.030   521   655 D ConnectivityService: handleConnectivityChange: address are the same reset per doReset linkProperty[1]: resetMask=0
11-01 17:39:48.040   521   655 D ConnectivityService: ConnectivityChange for WIFI: CONNECTED/CONNECTED
11-01 17:39:48.050   521   655 D ConnectivityService: handleConnectivityChange: address are the same reset per doReset linkProperty[1]: resetMask=0
11-01 17:39:49.040   521   655 D ConnectivityService: NetTransition Wakelock for WifiStateMachine released by timeout
11-01 17:51:33.050   521   786 W ThrottleService: unable to find stats for iface rmnet_usb0
11-01 18:09:49.550   521   786 W ThrottleService: unable to find stats for iface rmnet_usb0
11-01 18:09:50.631   521   533 I ActivityManager: Start proc com.android.browser for content provider com.android.browser/.provider.BrowserProvider2: pid=6747 uid=10003 gids={50003, 3003, 1015, 1028}
11-01 18:09:51.281   521   663 I ActivityManager: Start proc com.google.android.gm for service com.google.android.gm/.provider.MailSyncAdapterService: pid=6771 uid=10045 gids={50045, 3003, 1015, 1028}
11-01 18:09:51.502  6771  6771 D ActivityThread: Loading provider com.android.gmail.ui: com.google.android.gm.provider.UiProvider
11-01 18:09:52.172   521   655 D ConnectivityService: handleInetConditionHoldEnd: net=1, condition=0, published condition=0
11-01 18:21:04.240   521   786 W ThrottleService: unable to find stats for iface rmnet_usb0
11-01 18:34:27.150   521   786 W ThrottleService: unable to find stats for iface rmnet_usb0
11-01 18:39:51.180   521   655 D ConnectivityService: ConnectivityChange for WIFI: DISCONNECTED/DISCONNECTED
11-01 18:39:51.180   521   655 D ConnectivityService: Attempting to switch to mobile
11-01 18:39:51.190   521   655 D ConnectivityService: Attempting to switch to BLUETOOTH_TETHER
11-01 18:39:51.220   521   655 D ConnectivityService: resetConnections(wlan0, 3)
11-01 18:39:51.580   521   655 D ConnectivityService: ConnectivityChange for WIFI: DISCONNECTED/DISCONNECTED
11-01 18:39:51.640   521   655 D ConnectivityService: Attempting to switch to mobile
11-01 18:39:51.640   521   655 D ConnectivityService: Attempting to switch to BLUETOOTH_TETHER
11-01 18:39:51.640   521   655 D ConnectivityService: resetConnections(wlan0, 3)
11-01 18:39:52.731   521   655 D ConnectivityService: Captive portal check NetworkInfo: type: WIFI[], state: CONNECTING/CAPTIVE_PORTAL_CHECK, reason: (unspecified), extra: "nesl5", roaming: false, failover: false, isAvailable: true
11-01 18:39:52.731   521   655 D ConnectivityService: Captive portal check NetworkInfo: type: WIFI[], state: CONNECTING/CAPTIVE_PORTAL_CHECK, reason: (unspecified), extra: "nesl5", roaming: false, failover: false, isAvailable: true
11-01 18:39:52.741   521   655 D ConnectivityService: ConnectivityChange for WIFI: CONNECTED/CONNECTED
11-01 18:39:52.761   521   655 D ConnectivityService: ConnectivityChange for WIFI: CONNECTED/CONNECTED
11-01 18:39:52.761   521   655 D ConnectivityService: handleConnectivityChange: address are the same reset per doReset linkProperty[1]: resetMask=0
11-01 18:41:03.030   521   655 D ConnectivityService: NetTransition Wakelock for WifiStateMachine released by timeout
11-01 18:46:57.120   521   786 W ThrottleService: unable to find stats for iface rmnet_usb0
11-01 19:09:53.510   521   786 W ThrottleService: unable to find stats for iface rmnet_usb0
11-01 19:23:44.180   521   786 W ThrottleService: unable to find stats for iface rmnet_usb0
11-01 19:37:29.140   521   786 W ThrottleService: unable to find stats for iface rmnet_usb0
11-01 19:37:29.350   521   655 D ConnectivityService: handleInetConditionHoldEnd: net=1, condition=0, published condition=0
11-01 19:39:54.080   521   655 D ConnectivityService: Captive portal check NetworkInfo: type: WIFI[], state: CONNECTING/CAPTIVE_PORTAL_CHECK, reason: (unspecified), extra: "nesl5", roaming: false, failover: false, isAvailable: true
11-01 19:39:54.080   521   655 D ConnectivityService: Captive portal check NetworkInfo: type: WIFI[], state: CONNECTING/CAPTIVE_PORTAL_CHECK, reason: (unspecified), extra: "nesl5", roaming: false, failover: false, isAvailable: true
11-01 19:39:54.110   521   655 D ConnectivityService: ConnectivityChange for WIFI: CONNECTED/CONNECTED
11-01 19:39:54.120   521   655 D ConnectivityService: handleConnectivityChange: address are the same reset per doReset linkProperty[1]: resetMask=0
11-01 19:39:54.150   521   655 D ConnectivityService: ConnectivityChange for WIFI: CONNECTED/CONNECTED
11-01 19:39:54.170   521   655 D ConnectivityService: handleConnectivityChange: address are the same reset per doReset linkProperty[1]: resetMask=0
11-01 19:46:57.030   521   655 D ConnectivityService: NetTransition Wakelock for WifiStateMachine released by timeout
11-01 20:09:55.180   521   786 W ThrottleService: unable to find stats for iface rmnet_usb0
11-01 20:31:49.160   521   786 W ThrottleService: unable to find stats for iface rmnet_usb0
11-01 20:35:06.630   521   655 D ConnectivityService: handleInetConditionHoldEnd: net=1, condition=0, published condition=0
11-01 20:38:43.190   521   655 D ConnectivityService: ConnectivityChange for WIFI: DISCONNECTED/DISCONNECTED
11-01 20:38:43.200   521   655 D ConnectivityService: Attempting to switch to mobile
11-01 20:38:43.200   521   655 D ConnectivityService: Attempting to switch to BLUETOOTH_TETHER
11-01 20:38:43.210   521   655 D ConnectivityService: resetConnections(wlan0, 3)
11-01 20:38:43.610   521   655 D ConnectivityService: ConnectivityChange for WIFI: DISCONNECTED/DISCONNECTED
11-01 20:38:43.610   521   655 D ConnectivityService: Attempting to switch to mobile
11-01 20:38:43.610   521   655 D ConnectivityService: Attempting to switch to BLUETOOTH_TETHER
11-01 20:38:43.610   521   655 D ConnectivityService: resetConnections(wlan0, 3)
11-01 20:38:44.661   521   655 D ConnectivityService: Captive portal check NetworkInfo: type: WIFI[], state: CONNECTING/CAPTIVE_PORTAL_CHECK, reason: (unspecified), extra: "nesl5", roaming: false, failover: false, isAvailable: true
11-01 20:38:44.661   521   655 D ConnectivityService: Captive portal check NetworkInfo: type: WIFI[], state: CONNECTING/CAPTIVE_PORTAL_CHECK, reason: (unspecified), extra: "nesl5", roaming: false, failover: false, isAvailable: true
11-01 20:38:44.671   521   655 D ConnectivityService: ConnectivityChange for WIFI: CONNECTED/CONNECTED
11-01 20:38:44.721   521   655 D ConnectivityService: ConnectivityChange for WIFI: CONNECTED/CONNECTED
11-01 20:38:44.721   521   655 D ConnectivityService: handleConnectivityChange: address are the same reset per doReset linkProperty[1]: resetMask=0
11-01 20:39:56.030   521   655 D ConnectivityService: NetTransition Wakelock for WifiStateMachine released by timeout
11-01 20:48:52.420   521   786 W ThrottleService: unable to find stats for iface rmnet_usb0
11-01 20:55:50.830   521   655 D ConnectivityService: handleInetConditionHoldEnd: net=1, condition=0, published condition=0
11-01 20:57:37.139   521   655 D ConnectivityService: ConnectivityChange for WIFI: DISCONNECTED/DISCONNECTED
11-01 20:57:37.139   521   655 D ConnectivityService: Attempting to switch to mobile
11-01 20:57:37.139   521   655 D ConnectivityService: Attempting to switch to BLUETOOTH_TETHER
11-01 20:57:37.149   521   655 D ConnectivityService: resetConnections(wlan0, 3)
11-01 20:57:37.239   521   655 D ConnectivityService: ConnectivityChange for WIFI: DISCONNECTED/DISCONNECTED
11-01 20:57:37.239   521   655 D ConnectivityService: Attempting to switch to mobile
11-01 20:57:37.239   521   655 D ConnectivityService: Attempting to switch to BLUETOOTH_TETHER
11-01 20:57:37.239   521   655 D ConnectivityService: resetConnections(wlan0, 3)
11-01 20:57:40.292   521   655 D ConnectivityService: handleInetConditionChange: no active default network - ignore
11-01 20:57:40.402   521   655 D ConnectivityService: handleInetConditionChange: no active default network - ignore
11-01 21:00:59.030   521   655 D ConnectivityService: NetTransition Wakelock for WifiStateMachine released by timeout
11-01 21:00:59.050   521   786 W ThrottleService: unable to find stats for iface rmnet_usb0
11-01 21:03:18.090   521   566 I ActivityManager: Start proc com.android.vending for service com.android.vending/com.google.android.finsky.services.DailyHygiene: pid=7077 uid=10054 gids={50054, 3003, 1015, 1028}
11-01 21:12:11.050   521   786 W ThrottleService: unable to find stats for iface rmnet_usb0
11-01 21:22:37.140   521   786 W ThrottleService: unable to find stats for iface rmnet_usb0
11-01 21:32:38.060   521   786 W ThrottleService: unable to find stats for iface rmnet_usb0
11-01 21:42:38.310   521   786 W ThrottleService: unable to find stats for iface rmnet_usb0
11-01 21:52:38.320   521   786 W ThrottleService: unable to find stats for iface rmnet_usb0
11-01 22:02:38.330   521   786 W ThrottleService: unable to find stats for iface rmnet_usb0
11-01 22:17:37.050   521   786 W ThrottleService: unable to find stats for iface rmnet_usb0
11-01 22:27:38.240   521   786 W ThrottleService: unable to find stats for iface rmnet_usb0
11-01 22:37:38.240   521   786 W ThrottleService: unable to find stats for iface rmnet_usb0
11-01 22:52:37.120   521   786 W ThrottleService: unable to find stats for iface rmnet_usb0
11-01 23:02:37.140   521   786 W ThrottleService: unable to find stats for iface rmnet_usb0
11-01 23:12:37.140   521   786 W ThrottleService: unable to find stats for iface rmnet_usb0
11-01 23:22:37.150   521   786 W ThrottleService: unable to find stats for iface rmnet_usb0
11-01 23:32:37.160   521   786 W ThrottleService: unable to find stats for iface rmnet_usb0
11-01 23:42:37.160   521   786 W ThrottleService: unable to find stats for iface rmnet_usb0
11-01 23:52:37.170   521   786 W ThrottleService: unable to find stats for iface rmnet_usb0
11-02 00:02:38.240   521   786 W ThrottleService: unable to find stats for iface rmnet_usb0
11-02 00:02:38.290  5478  7327 E ActivityThread: Failed to find provider info for com.android.calendar
11-02 00:12:38.390   521   786 W ThrottleService: unable to find stats for iface rmnet_usb0
11-02 00:23:44.110   521   786 W ThrottleService: unable to find stats for iface rmnet_usb0
11-02 00:37:38.150   521   786 W ThrottleService: unable to find stats for iface rmnet_usb0
11-02 00:47:38.160   521   786 W ThrottleService: unable to find stats for iface rmnet_usb0
11-02 00:57:38.220   521   786 W ThrottleService: unable to find stats for iface rmnet_usb0
11-02 01:07:38.230   521   786 W ThrottleService: unable to find stats for iface rmnet_usb0
11-02 01:17:38.230   521   786 W ThrottleService: unable to find stats for iface rmnet_usb0
11-02 01:32:38.060   521   786 W ThrottleService: unable to find stats for iface rmnet_usb0
11-02 01:47:37.050   521   786 W ThrottleService: unable to find stats for iface rmnet_usb0
11-02 01:57:37.190   521   786 W ThrottleService: unable to find stats for iface rmnet_usb0
11-02 02:07:38.170   521   786 W ThrottleService: unable to find stats for iface rmnet_usb0
11-02 02:17:38.170   521   786 W ThrottleService: unable to find stats for iface rmnet_usb0
11-02 02:32:37.050   521   786 W ThrottleService: unable to find stats for iface rmnet_usb0
11-02 02:42:37.050   521   786 W ThrottleService: unable to find stats for iface rmnet_usb0
11-02 02:52:38.140   521   786 W ThrottleService: unable to find stats for iface rmnet_usb0
11-02 03:02:38.150   521   786 W ThrottleService: unable to find stats for iface rmnet_usb0
11-02 03:12:38.300   521   786 W ThrottleService: unable to find stats for iface rmnet_usb0
11-02 03:27:38.110   521   786 W ThrottleService: unable to find stats for iface rmnet_usb0
11-02 03:37:38.140   521   786 W ThrottleService: unable to find stats for iface rmnet_usb0
11-02 03:47:38.230   521   786 W ThrottleService: unable to find stats for iface rmnet_usb0
11-02 03:57:38.270   521   786 W ThrottleService: unable to find stats for iface rmnet_usb0
11-02 04:08:44.140   521   786 W ThrottleService: unable to find stats for iface rmnet_usb0
11-02 04:22:38.230   521   786 W ThrottleService: unable to find stats for iface rmnet_usb0
11-02 04:32:38.230   521   786 W ThrottleService: unable to find stats for iface rmnet_usb0
11-02 04:47:38.060   521   786 W ThrottleService: unable to find stats for iface rmnet_usb0
11-02 05:02:37.040   521   786 W ThrottleService: unable to find stats for iface rmnet_usb0
11-02 05:12:37.040   521   786 W ThrottleService: unable to find stats for iface rmnet_usb0
11-02 05:22:37.140   521   786 W ThrottleService: unable to find stats for iface rmnet_usb0
11-02 05:32:37.150   521   786 W ThrottleService: unable to find stats for iface rmnet_usb0
11-02 05:42:37.160   521   786 W ThrottleService: unable to find stats for iface rmnet_usb0
11-02 05:52:37.160   521   786 W ThrottleService: unable to find stats for iface rmnet_usb0
11-02 06:02:37.170   521   786 W ThrottleService: unable to find stats for iface rmnet_usb0
11-02 06:12:37.170   521   786 W ThrottleService: unable to find stats for iface rmnet_usb0
11-02 06:22:37.180   521   786 W ThrottleService: unable to find stats for iface rmnet_usb0
11-02 06:32:38.220   521   786 W ThrottleService: unable to find stats for iface rmnet_usb0
11-02 06:45:29.060   521   786 W ThrottleService: unable to find stats for iface rmnet_usb0
11-02 06:57:37.220   521   786 W ThrottleService: unable to find stats for iface rmnet_usb0
11-02 07:07:37.230   521   786 W ThrottleService: unable to find stats for iface rmnet_usb0
11-02 07:17:37.230   521   786 W ThrottleService: unable to find stats for iface rmnet_usb0
11-02 07:27:37.240   521   786 W ThrottleService: unable to find stats for iface rmnet_usb0
11-02 07:37:38.150   521   786 W ThrottleService: unable to find stats for iface rmnet_usb0
11-02 07:47:38.170   521   786 W ThrottleService: unable to find stats for iface rmnet_usb0
11-02 07:57:38.260   521   786 W ThrottleService: unable to find stats for iface rmnet_usb0
11-02 08:07:38.260   521   786 W ThrottleService: unable to find stats for iface rmnet_usb0
11-02 08:17:38.360   521   786 W ThrottleService: unable to find stats for iface rmnet_usb0
11-02 08:27:37.360   157  7541 W SocketClient: write error (Broken pipe)
11-02 08:32:37.120   521   786 W ThrottleService: unable to find stats for iface rmnet_usb0
11-02 08:42:37.130   521   786 W ThrottleService: unable to find stats for iface rmnet_usb0
11-02 08:42:37.400   157  7543 W SocketClient: write error (Broken pipe)
11-02 08:52:37.150   521   786 W ThrottleService: unable to find stats for iface rmnet_usb0
11-02 09:02:37.180   521   786 W ThrottleService: unable to find stats for iface rmnet_usb0
11-02 09:12:37.180   521   786 W ThrottleService: unable to find stats for iface rmnet_usb0
11-02 09:22:37.190   521   786 W ThrottleService: unable to find stats for iface rmnet_usb0
11-02 09:22:37.240   157  7553 W SocketClient: write error (Broken pipe)
11-02 09:32:37.240   521   786 W ThrottleService: unable to find stats for iface rmnet_usb0
11-02 09:37:37.560   157  7555 W SocketClient: write error (Broken pipe)
11-02 09:42:37.240   521   786 W ThrottleService: unable to find stats for iface rmnet_usb0
11-02 09:52:38.280   521   786 W ThrottleService: unable to find stats for iface rmnet_usb0
11-02 10:02:38.280   521   786 W ThrottleService: unable to find stats for iface rmnet_usb0
11-02 10:17:37.050   521   786 W ThrottleService: unable to find stats for iface rmnet_usb0
11-02 10:27:37.200   521   786 W ThrottleService: unable to find stats for iface rmnet_usb0
11-02 10:37:37.210   521   786 W ThrottleService: unable to find stats for iface rmnet_usb0
11-02 10:42:37.580   157  7569 W SocketClient: write error (Broken pipe)
11-02 10:47:37.250   521   786 W ThrottleService: unable to find stats for iface rmnet_usb0
11-02 10:57:37.260   521   786 W ThrottleService: unable to find stats for iface rmnet_usb0
11-02 10:57:37.630   157  7571 W SocketClient: write error (Broken pipe)
11-02 11:07:37.430   521   786 W ThrottleService: unable to find stats for iface rmnet_usb0
11-02 11:12:37.670   157  7578 W SocketClient: write error (Broken pipe)
11-02 11:17:37.110   157  7579 W SocketClient: write error (Broken pipe)
11-02 11:17:37.420   521   786 W ThrottleService: unable to find stats for iface rmnet_usb0
11-02 11:27:37.440   521   786 W ThrottleService: unable to find stats for iface rmnet_usb0
11-02 11:27:37.700   157  7581 W SocketClient: write error (Broken pipe)
11-02 11:37:38.150   521   786 W ThrottleService: unable to find stats for iface rmnet_usb0
11-02 11:42:37.750   157  7585 W SocketClient: write error (Broken pipe)
11-02 11:52:38.070   521   786 W ThrottleService: unable to find stats for iface rmnet_usb0
11-02 11:57:38.320   157  7587 W SocketClient: write error (Broken pipe)
11-02 12:02:38.360   521   786 W ThrottleService: unable to find stats for iface rmnet_usb0
11-02 12:17:37.090   521   786 W ThrottleService: unable to find stats for iface rmnet_usb0
11-02 12:27:38.200   521   786 W ThrottleService: unable to find stats for iface rmnet_usb0
11-02 12:40:19.100   521   786 W ThrottleService: unable to find stats for iface rmnet_usb0
11-02 12:47:38.280   157  7611 W SocketClient: write error (Broken pipe)
11-02 12:52:37.140   521   786 W ThrottleService: unable to find stats for iface rmnet_usb0
11-02 13:02:37.180   521   786 W ThrottleService: unable to find stats for iface rmnet_usb0
11-02 13:12:38.160   521   786 W ThrottleService: unable to find stats for iface rmnet_usb0
11-02 13:21:37.150   157  7721 W SocketClient: write error (Broken pipe)
11-02 13:22:38.300   521   786 W ThrottleService: unable to find stats for iface rmnet_usb0
11-02 13:37:38.120   521   786 W ThrottleService: unable to find stats for iface rmnet_usb0
11-02 13:37:38.270   157  7748 W SocketClient: write error (Broken pipe)
11-02 13:40:22.492   521   655 D ConnectivityService: Captive portal check NetworkInfo: type: WIFI[], state: CONNECTING/CAPTIVE_PORTAL_CHECK, reason: (unspecified), extra: "nesl5", roaming: false, failover: false, isAvailable: true
11-02 13:40:22.492   521   655 D ConnectivityService: Captive portal check NetworkInfo: type: WIFI[], state: CONNECTING/CAPTIVE_PORTAL_CHECK, reason: (unspecified), extra: "nesl5", roaming: false, failover: false, isAvailable: true
11-02 13:40:22.492   521   655 D ConnectivityService: ConnectivityChange for WIFI: CONNECTED/CONNECTED
11-02 13:40:22.512   521   655 D ConnectivityService: ConnectivityChange for WIFI: CONNECTED/CONNECTED
11-02 13:40:22.512   521   655 D ConnectivityService: handleConnectivityChange: address are the same reset per doReset linkProperty[1]: resetMask=0
11-02 13:40:28.568   521   655 D ConnectivityService: handleInetConditionHoldEnd: net=1, condition=0, published condition=0
11-02 13:54:20.220   521   786 W ThrottleService: unable to find stats for iface rmnet_usb0
11-02 14:08:44.180   521   786 W ThrottleService: unable to find stats for iface rmnet_usb0
11-02 14:26:39.130   521   786 W ThrottleService: unable to find stats for iface rmnet_usb0
11-02 14:37:59.150   521   786 W ThrottleService: unable to find stats for iface rmnet_usb0
11-02 14:40:21.200   521   655 D ConnectivityService: ConnectivityChange for WIFI: DISCONNECTED/DISCONNECTED
11-02 14:40:21.200   521   655 D ConnectivityService: Attempting to switch to mobile
11-02 14:40:21.200   521   655 D ConnectivityService: Attempting to switch to BLUETOOTH_TETHER
11-02 14:40:21.240   521   655 D ConnectivityService: resetConnections(wlan0, 3)
11-02 14:40:21.620   521   655 D ConnectivityService: ConnectivityChange for WIFI: DISCONNECTED/DISCONNECTED
11-02 14:40:21.650   521   655 D ConnectivityService: Attempting to switch to mobile
