10-31 17:08:16.181   686   686 D PhoneStatusBar: disable: < expand icons alerts ticker system_info BACK HOME recent* CLOCK search >
10-31 17:08:16.231   521   953 W InputMethodManagerService: Window already focused, ignoring focus gain of: com.android.internal.view.IInputMethodClient$Stub$Proxy@41ca7210 attribute=android.view.inputmethod.EditorInfo@42262168, token = android.os.BinderProxy@41eba520
10-31 17:08:16.231   686   686 D PhoneStatusBar: disable: < expand icons alerts ticker system_info back* home* recent clock* search >
10-31 17:08:24.340   521   542 W ActivityManager: No content provider found for permission revoke: file:///data/local/tmp/Android Sensor Box.apk
10-31 17:08:25.171   521   542 W ActivityManager: No content provider found for permission revoke: file:///data/local/tmp/Android Sensor Box.apk
10-31 17:08:25.171   521   542 I PackageManager: Copying native libraries to /data/app-lib/vmdl-1700097387
10-31 17:08:25.702   521   539 I ActivityManager: Force stopping package imoblife.androidsensorbox appid=10057 user=-1
10-31 17:08:26.012   521   562 W InputMethodManagerService: Found no subtypes in a system IME: com.android.inputmethod.pinyin
10-31 17:08:29.706   521   542 W ActivityManager: No content provider found for permission revoke: file:///data/local/tmp/GPSstatus.apk
10-31 17:08:29.716  2048  2087 W PackageParser: No actions in intent filter at /data/local/tmp/GPSstatus.apk Binary XML file line #59
10-31 17:08:30.206   521   542 W ActivityManager: No content provider found for permission revoke: file:///data/local/tmp/GPSstatus.apk
10-31 17:08:30.206   521   542 I PackageManager: Copying native libraries to /data/app-lib/vmdl174692015
10-31 17:08:30.206   521   542 W PackageParser: No actions in intent filter at /data/app/vmdl174692015.tmp Binary XML file line #59
10-31 17:08:30.457   521   542 W PackageManager: Package com.eclipsim.gpsstatus2 desires unavailable shared library com.sec.android.app.multiwindow; ignoring!
10-31 17:08:30.877   521   539 I ActivityManager: Force stopping package com.eclipsim.gpsstatus2 appid=10058 user=-1
10-31 17:08:31.037   521   562 W InputMethodManagerService: Found no subtypes in a system IME: com.android.inputmethod.pinyin
10-31 17:08:43.861   521   542 W ActivityManager: No content provider found for permission revoke: file:///data/local/tmp/MobileContextAwareness.apk
10-31 17:08:44.241   521   542 W ActivityManager: No content provider found for permission revoke: file:///data/local/tmp/MobileContextAwareness.apk
10-31 17:08:44.241   521   542 I PackageManager: Copying native libraries to /data/app-lib/vmdl-541167681
10-31 17:08:44.291   521   521 I ActivityManager: START u0 {act=android.intent.action.MAIN cat=[android.intent.category.LAUNCHER] flg=0x10200000 cmp=com.android.settings/.Settings} from pid 1522
10-31 17:08:44.401   521   539 I ActivityManager: Force stopping package edu.ucla.nesl.mca appid=10059 user=-1
10-31 17:08:44.582   521   562 W InputMethodManagerService: Found no subtypes in a system IME: com.android.inputmethod.pinyin
10-31 17:08:44.632   521   808 D WifiService: setWifiEnabled: true pid=1070, uid=1000
10-31 17:08:45.212   521   793 I ActivityManager: START u0 {act=android.intent.action.MAIN cat=[android.intent.category.LAUNCHER] flg=0x10000000 cmp=edu.ucla.nesl.mca/.MainActivity} from pid 3094
10-31 17:08:45.262   521   521 I ActivityManager: Start proc edu.ucla.nesl.mca for activity edu.ucla.nesl.mca/.MainActivity: pid=3108 uid=10059 gids={50059, 1015, 1028}
10-31 17:08:48.776   521   793 I ActivityManager: START u0 {act=android.intent.action.MAIN cmp=com.android.settings/.SubSettings (has extras)} from pid 1070
10-31 17:08:48.976   521  1006 W DreamManagerService: Dream ComponentInfo{com.google.android.deskclock/com.android.deskclock.Screensaver} does not exist
10-31 17:08:48.976   521  1006 W DreamManagerService: Falling back to default dream ComponentInfo{com.google.android.deskclock/com.android.deskclock.Screensaver}
10-31 17:08:49.847   521   537 I ActivityManager: Config changes=1400 {1.0 ?mcc?mnc en_US ldltr sw384dp w384dp h567dp 320dpi nrml port finger -keyb/v/h -nav/h s.6}
10-31 17:08:51.869   521  1006 W InputMethodManagerService: Window already focused, ignoring focus gain of: com.android.internal.view.IInputMethodClient$Stub$Proxy@41e6e758 attribute=null, token = android.os.BinderProxy@41e60c18
10-31 17:08:53.832   521   536 I ActivityManager: No longer want com.android.exchange (pid 2220): empty #17
10-31 17:09:12.241   521   539 I ActivityManager: No longer want com.android.browser (pid 2184): empty #17
10-31 17:09:12.241   521   539 I ActivityManager: No longer want android.process.media (pid 852): empty #18
10-31 17:09:12.311   521   808 W ActivityManager: Scheduling restart of crashed service com.android.providers.media/.MtpService in 5000ms
10-31 17:09:17.337   521   539 I ActivityManager: Start proc android.process.media for service com.android.providers.media/.MtpService: pid=3177 uid=10010 gids={50010, 1015, 1023, 1024, 1028, 2001, 3003, 3007}
10-31 17:10:38.984   521   786 W ThrottleService: unable to find stats for iface rmnet_usb0
10-31 17:11:38.247   521  1001 I ActivityManager: START u0 {act=android.intent.action.MAIN cat=[android.intent.category.LAUNCHER] flg=0x10200000 cmp=com.android.vending/.AssetBrowserActivity} from pid 1522
10-31 17:11:42.221   521   521 I ActivityManager: START u0 {act=android.intent.action.SEARCH flg=0x10000000 cmp=com.android.vending/.AssetBrowserActivity (has extras)} from pid 2048
10-31 17:11:44.944   521  1008 I ActivityManager: START u0 {cmp=com.android.vending/com.google.android.finsky.billing.lightpurchase.LightPurchaseFlowActivity (has extras)} from pid 2048
10-31 17:11:44.984   521  1007 W InputMethodManagerService: Window already focused, ignoring focus gain of: com.android.internal.view.IInputMethodClient$Stub$Proxy@41bcbba0 attribute=null, token = android.os.BinderProxy@420e7e00
10-31 17:11:45.094   521   809 I ActivityManager: START u0 {cmp=com.android.vending/com.google.android.finsky.activities.AppsPermissionsActivity (has extras)} from pid 2048
10-31 17:11:46.736   521   538 W WindowManager: Rebuild removed 3 windows but added 2
10-31 17:11:46.746   521   538 W WindowManager: This window was lost: Window{42148638 u0 com.android.vending/com.google.android.finsky.activities.AppsPermissionsActivity}
10-31 17:11:46.746   521   538 W WindowManager: mDisplayId=0 mSession=Session{41edb000 2048:u0a10054} mClient=android.os.BinderProxy@41f6fbc8
10-31 17:11:46.746   521   538 W WindowManager: mOwnerUid=10054 mShowToOwnerOnly=true
10-31 17:11:46.746   521   538 W WindowManager: mAttrs=WM.LayoutParams{(0,0)(wrapxwrap) sim=#120 ty=1 fl=#1800002 pfl=0x8 fmt=-3 wanim=0x1030296}
10-31 17:11:46.746   521   538 W WindowManager: Requested w=768 h=1058 mLayoutSeq=301
10-31 17:11:46.746   521   538 W WindowManager: mBaseLayer=21000 mSubLayer=0 mAnimLayer=21015+0=21015 mLastLayer=21015
10-31 17:11:46.746   521   538 W WindowManager: mToken=AppWindowToken{41efbff0 token=Token{41ed7ed0 ActivityRecord{41ed7d90 u0 com.android.vending/com.google.android.finsky.activities.AppsPermissionsActivity}}}
10-31 17:11:46.746   521   538 W WindowManager: mRootToken=AppWindowToken{41efbff0 token=Token{41ed7ed0 ActivityRecord{41ed7d90 u0 com.android.vending/com.google.android.finsky.activities.AppsPermissionsActivity}}}
10-31 17:11:46.746   521   538 W WindowManager: mAppToken=AppWindowToken{41efbff0 token=Token{41ed7ed0 ActivityRecord{41ed7d90 u0 com.android.vending/com.google.android.finsky.activities.AppsPermissionsActivity}}}
10-31 17:11:46.746   521   538 W WindowManager: mViewVisibility=0x8 mHaveFrame=true mObscured=false
10-31 17:11:46.746   521   538 W WindowManager: mSeq=0 mSystemUiVisibility=0x0
10-31 17:11:46.746   521   538 W WindowManager: mGivenContentInsets=[0,0][0,0] mGivenVisibleInsets=[0,0][0,0]
10-31 17:11:46.746   521   538 W WindowManager: mConfiguration={1.0 ?mcc?mnc en_US ldltr sw384dp w384dp h567dp 320dpi nrml port finger -keyb/v/h -nav/h s.6}
10-31 17:11:46.746   521   538 W WindowManager: mHasSurface=true mShownFrame=[0.0,88.0][768.0,1146.0] isReadyForDisplay()=false
10-31 17:11:46.746   521   538 W WindowManager: mFrame=[0,88][768,1146] last=[0,88][768,1146]
10-31 17:11:46.746   521   538 W WindowManager: mSystemDecorRect=[0,0][768,1058] last=[0,0][768,1058]
10-31 17:11:46.746   521   538 W WindowManager: Frames: containing=[0,50][768,1184] parent=[0,50][768,1184] display=[0,50][768,1184]
10-31 17:11:46.746   521   538 W WindowManager:     content=[0,88][768,1146] visible=[0,88][768,1146]
10-31 17:11:46.746   521   538 W WindowManager: Cur insets: content=[0,0][0,0] visible=[0,0][0,0]
10-31 17:11:46.746   521   538 W WindowManager: Lst insets: content=[0,0][0,0] visible=[0,0][0,0]
10-31 17:11:46.746   521   538 W WindowManager: WindowStateAnimator{42269448 com.android.vending/com.google.android.finsky.activities.AppsPermissionsActivity}:
10-31 17:11:46.746   521   538 W WindowManager:   mSurface=Surface(name=com.android.vending/com.google.android.finsky.activities.AppsPermissionsActivity, identity=51)
10-31 17:11:46.746   521   538 W WindowManager:   mDrawState=HAS_DRAWN mLastHidden=true
10-31 17:11:46.746   521   538 W WindowManager:   Surface: shown=false layer=21015 alpha=0.0 rect=(0.0,88.0) 768.0 x 1058.0
10-31 17:11:46.746   521   538 W WindowManager:   mShownAlpha=1.0 mAlpha=1.0 mLastAlpha=0.0
10-31 17:11:46.746   521   538 W WindowManager: mExiting=false mRemoveOnExit=false mDestroying=true mRemoved=false
10-31 17:11:46.746   521   538 W WindowManager: Current app token list:
10-31 17:11:46.746   521   538 V WindowManager:   #2: Token{41d50538 ActivityRecord{42150240 u0 com.android.vending/.AssetBrowserActivity}}
10-31 17:11:46.746   521   538 V WindowManager:   #1: Token{41c497b8 ActivityRecord{41b2ff98 u0 com.android.launcher/com.android.launcher2.Launcher}}
10-31 17:11:46.746   521   538 V WindowManager:   #0: Token{41e4dcc0 ActivityRecord{41e4d888 u0 com.google.android.setupwizard/.SetupWizardActivity}}
10-31 17:11:46.746   521   538 W WindowManager: Final window list:
10-31 17:11:46.746   521   538 V WindowManager:   #0: Window{41e78da8 u0 SearchPanel}
10-31 17:11:46.746   521   538 V WindowManager:   #1: Window{41d2c420 u0 NavigationBar}
10-31 17:11:46.746   521   538 V WindowManager:   #2: Window{41c9ee30 u0 StatusBar}
10-31 17:11:46.746   521   538 V WindowManager:   #3: Window{41b66330 u0 Keyguard}
10-31 17:11:46.746   521   538 V WindowManager:   #4: Window{41d3b008 u0 InputMethod}
10-31 17:11:46.746   521   538 V WindowManager:   #5: Window{41f36780 u0 com.android.vending/com.android.vending.AssetBrowserActivity}
10-31 17:11:46.746   521   538 V WindowManager:   #6: Window{41ca61b8 u0 com.android.launcher/com.android.launcher2.Launcher}
10-31 17:11:46.746   521   538 V WindowManager:   #7: Window{41e7aa28 u0 com.android.phasebeam.PhaseBeamWallpaper}
10-31 17:11:51.031   521   542 W ActivityManager: No content provider found for permission revoke: file:///data/data/com.android.providers.downloads/cache/downloadfile.apk
10-31 17:11:51.161   521   542 W ActivityManager: No content provider found for permission revoke: file:///data/data/com.android.providers.downloads/cache/downloadfile.apk
10-31 17:11:51.161   521   542 I PackageManager: Copying native libraries to /data/app-lib/vmdl-299934628
10-31 17:11:53.513   521   521 I ActivityManager: START u0 {act=android.intent.action.SEARCH flg=0x10000000 cmp=com.android.vending/.AssetBrowserActivity (has extras)} from pid 2048
10-31 17:11:56.256   521   539 I ActivityManager: Force stopping package com.google.android.apps.maps appid=10060 user=-1
10-31 17:11:56.386   521   542 W PackageManager: Unknown permission android.permission.ADD_SYSTEM_SERVICE in package com.android.phone
10-31 17:11:56.406   521   542 W PackageManager: Unknown permission com.android.vending.billing.IBillingAccountService.BIND2 in package com.google.android.gsf.login
10-31 17:11:56.406   521   542 W PackageManager: Unknown permission com.android.chrome.TOS_ACKED in package com.google.android.gsf.login
10-31 17:11:56.416   521   542 W PackageManager: Unknown permission com.google.android.gallery3d.permission.GALLERY_PROVIDER in package com.android.bluetooth
10-31 17:11:56.416   521   542 W PackageManager: Not granting permission android.permission.SEND_DOWNLOAD_COMPLETED_INTENTS to package com.android.browser (protectionLevel=2 flags=0x89be45)
10-31 17:11:56.426   521   542 W PackageManager: Unknown permission com.google.android.gallery3d.permission.PICASA_STORE in package com.android.dreams.phototable
10-31 17:11:56.426   521   542 W PackageManager: Unknown permission android.permission.READ_OWNER_DATA in package com.google.android.setupwizard
10-31 17:11:56.436   521   542 W PackageManager: Unknown permission android.permission.WRITE_OWNER_DATA in package com.google.android.setupwizard
10-31 17:11:56.446   521   542 W PackageManager: Unknown permission com.google.android.voicesearch.SHORTCUTS_ACCESS in package com.google.android.googlequicksearchbox
10-31 17:11:56.446   521   542 W PackageManager: Unknown permission com.google.android.ears.permission.WRITE in package com.google.android.googlequicksearchbox
10-31 17:11:56.446   521   542 W PackageManager: Unknown permission com.google.android.apps.googlevoice.permission.AUTO_SEND in package com.google.android.googlequicksearchbox
10-31 17:11:56.446   521   542 W PackageManager: Not granting permission android.permission.SEND_DOWNLOAD_COMPLETED_INTENTS to package com.android.vending (protectionLevel=2 flags=0x8abe45)
10-31 17:11:56.446   521   542 W PackageManager: Unknown permission com.android.email.permission.READ_ATTACHMENT in package com.android.exchange
10-31 17:11:56.446   521   542 W PackageManager: Unknown permission com.android.email.permission.ACCESS_PROVIDER in package com.android.exchange
10-31 17:11:56.446   521   542 W PackageManager: Unknown permission com.google.android.gallery3d.permission.GALLERY_PROVIDER in package com.android.exchange
10-31 17:11:56.456   521   542 W PackageManager: Not granting permission android.permission.DEVICE_POWER to package com.android.deskclock (protectionLevel=2 flags=0x88be45)
10-31 17:11:56.456   521   542 W PackageManager: Not granting permission android.permission.READ_DREAM_STATE to package com.google.android.gsf (protectionLevel=2 flags=0x883e45)
10-31 17:11:56.647   521   562 W InputMethodManagerService: Found no subtypes in a system IME: com.android.inputmethod.pinyin
10-31 17:11:57.628   521   792 I ActivityManager: START u0 {cmp=com.android.vending/com.google.android.finsky.billing.lightpurchase.LightPurchaseFlowActivity (has extras)} from pid 2048
10-31 17:11:57.848   521   951 I ActivityManager: START u0 {cmp=com.android.vending/com.google.android.finsky.activities.AppsPermissionsActivity (has extras)} from pid 2048
10-31 17:11:59.259   521   538 W WindowManager: Rebuild removed 3 windows but added 2
10-31 17:11:59.269   521   538 W WindowManager: This window was lost: Window{41d27050 u0 com.android.vending/com.google.android.finsky.activities.AppsPermissionsActivity}
10-31 17:11:59.269   521   538 W WindowManager: mDisplayId=0 mSession=Session{41edb000 2048:u0a10054} mClient=android.os.BinderProxy@41efab88
10-31 17:11:59.269   521   538 W WindowManager: mOwnerUid=10054 mShowToOwnerOnly=true
10-31 17:11:59.269   521   538 W WindowManager: mAttrs=WM.LayoutParams{(0,0)(wrapxwrap) sim=#120 ty=1 fl=#1800002 pfl=0x8 fmt=-3 wanim=0x1030296}
10-31 17:11:59.269   521   538 W WindowManager: Requested w=768 h=898 mLayoutSeq=338
10-31 17:11:59.269   521   538 W WindowManager: mBaseLayer=21000 mSubLayer=0 mAnimLayer=21015+0=21015 mLastLayer=21015
10-31 17:11:59.269   521   538 W WindowManager: mToken=AppWindowToken{420d1260 token=Token{422e3558 ActivityRecord{41b13c78 u0 com.android.vending/com.google.android.finsky.activities.AppsPermissionsActivity}}}
10-31 17:11:59.269   521   538 W WindowManager: mRootToken=AppWindowToken{420d1260 token=Token{422e3558 ActivityRecord{41b13c78 u0 com.android.vending/com.google.android.finsky.activities.AppsPermissionsActivity}}}
10-31 17:11:59.269   521   538 W WindowManager: mAppToken=AppWindowToken{420d1260 token=Token{422e3558 ActivityRecord{41b13c78 u0 com.android.vending/com.google.android.finsky.activities.AppsPermissionsActivity}}}
10-31 17:11:59.269   521   538 W WindowManager: mViewVisibility=0x8 mHaveFrame=true mObscured=false
10-31 17:11:59.269   521   538 W WindowManager: mSeq=0 mSystemUiVisibility=0x0
10-31 17:11:59.269   521   538 W WindowManager: mGivenContentInsets=[0,0][0,0] mGivenVisibleInsets=[0,0][0,0]
10-31 17:11:59.269   521   538 W WindowManager: mConfiguration={1.0 ?mcc?mnc en_US ldltr sw384dp w384dp h567dp 320dpi nrml port finger -keyb/v/h -nav/h s.6}
10-31 17:11:59.269   521   538 W WindowManager: mHasSurface=true mShownFrame=[0.0,168.0][768.0,1066.0] isReadyForDisplay()=false
10-31 17:11:59.269   521   538 W WindowManager: mFrame=[0,168][768,1066] last=[0,168][768,1066]
10-31 17:11:59.269   521   538 W WindowManager: mSystemDecorRect=[0,0][768,898] last=[0,0][768,898]
10-31 17:11:59.269   521   538 W WindowManager: Frames: containing=[0,50][768,1184] parent=[0,50][768,1184] display=[0,50][768,1184]
10-31 17:11:59.269   521   538 W WindowManager:     content=[0,168][768,1066] visible=[0,168][768,1066]
10-31 17:11:59.269   521   538 W WindowManager: Cur insets: content=[0,0][0,0] visible=[0,0][0,0]
10-31 17:11:59.269   521   538 W WindowManager: Lst insets: content=[0,0][0,0] visible=[0,0][0,0]
10-31 17:11:59.269   521   538 W WindowManager: WindowStateAnimator{41d61538 com.android.vending/com.google.android.finsky.activities.AppsPermissionsActivity}:
10-31 17:11:59.269   521   538 W WindowManager:   mSurface=Surface(name=com.android.vending/com.google.android.finsky.activities.AppsPermissionsActivity, identity=56)
10-31 17:11:59.269   521   538 W WindowManager:   mDrawState=HAS_DRAWN mLastHidden=true
10-31 17:11:59.269   521   538 W WindowManager:   Surface: shown=false layer=21015 alpha=0.0 rect=(0.0,168.0) 768.0 x 898.0
10-31 17:11:59.269   521   538 W WindowManager:   mShownAlpha=1.0 mAlpha=1.0 mLastAlpha=0.0
10-31 17:11:59.269   521   538 W WindowManager: mExiting=false mRemoveOnExit=false mDestroying=true mRemoved=false
10-31 17:11:59.269   521   538 W WindowManager: Current app token list:
10-31 17:11:59.269   521   538 V WindowManager:   #2: Token{41d50538 ActivityRecord{42150240 u0 com.android.vending/.AssetBrowserActivity}}
10-31 17:11:59.269   521   538 V WindowManager:   #1: Token{41c497b8 ActivityRecord{41b2ff98 u0 com.android.launcher/com.android.launcher2.Launcher}}
10-31 17:11:59.269   521   538 V WindowManager:   #0: Token{41e4dcc0 ActivityRecord{41e4d888 u0 com.google.android.setupwizard/.SetupWizardActivity}}
10-31 17:11:59.269   521   538 W WindowManager: Final window list:
10-31 17:11:59.269   521   538 V WindowManager:   #0: Window{41e78da8 u0 SearchPanel}
10-31 17:11:59.269   521   538 V WindowManager:   #1: Window{41d2c420 u0 NavigationBar}
10-31 17:11:59.269   521   538 V WindowManager:   #2: Window{41c9ee30 u0 StatusBar}
10-31 17:11:59.269   521   538 V WindowManager:   #3: Window{41b66330 u0 Keyguard}
10-31 17:11:59.269   521   538 V WindowManager:   #4: Window{41d3b008 u0 InputMethod}
10-31 17:11:59.269   521   538 V WindowManager:   #5: Window{41f36780 u0 com.android.vending/com.android.vending.AssetBrowserActivity}
10-31 17:11:59.269   521   538 V WindowManager:   #6: Window{41ca61b8 u0 com.android.launcher/com.android.launcher2.Launcher}
10-31 17:11:59.269   521   538 V WindowManager:   #7: Window{41e7aa28 u0 com.android.phasebeam.PhaseBeamWallpaper}
10-31 17:12:03.194   521   542 W ActivityManager: No content provider found for permission revoke: file:///data/data/com.android.providers.downloads/cache/downloadfile-1.apk
10-31 17:12:03.334   521   542 W ActivityManager: No content provider found for permission revoke: file:///data/data/com.android.providers.downloads/cache/downloadfile-1.apk
10-31 17:12:03.334   521   542 I PackageManager: Copying native libraries to /data/app-lib/vmdl1256944856
10-31 17:12:09.600   521   539 I ActivityManager: Force stopping package com.joelapenna.foursquared appid=10061 user=-1
10-31 17:12:09.650   521   542 W PackageManager: Unknown permission android.permission.ADD_SYSTEM_SERVICE in package com.android.phone
10-31 17:12:09.650   521   542 W PackageManager: Unknown permission com.android.vending.billing.IBillingAccountService.BIND2 in package com.google.android.gsf.login
10-31 17:12:09.650   521   542 W PackageManager: Unknown permission com.android.chrome.TOS_ACKED in package com.google.android.gsf.login
10-31 17:12:09.650   521   542 W PackageManager: Unknown permission com.google.android.gallery3d.permission.GALLERY_PROVIDER in package com.android.bluetooth
10-31 17:12:09.650   521   542 W PackageManager: Not granting permission android.permission.SEND_DOWNLOAD_COMPLETED_INTENTS to package com.android.browser (protectionLevel=2 flags=0x89be45)
10-31 17:12:09.661   521   542 W PackageManager: Unknown permission com.google.android.gallery3d.permission.PICASA_STORE in package com.android.dreams.phototable
10-31 17:12:09.661   521   542 W PackageManager: Unknown permission android.permission.READ_OWNER_DATA in package com.google.android.setupwizard
10-31 17:12:09.661   521   542 W PackageManager: Unknown permission android.permission.WRITE_OWNER_DATA in package com.google.android.setupwizard
10-31 17:12:09.661   521   542 W PackageManager: Unknown permission com.google.android.voicesearch.SHORTCUTS_ACCESS in package com.google.android.googlequicksearchbox
10-31 17:12:09.661   521   542 W PackageManager: Unknown permission com.google.android.ears.permission.WRITE in package com.google.android.googlequicksearchbox
10-31 17:12:09.661   521   542 W PackageManager: Unknown permission com.google.android.apps.googlevoice.permission.AUTO_SEND in package com.google.android.googlequicksearchbox
10-31 17:12:09.661   521   542 W PackageManager: Not granting permission android.permission.SEND_DOWNLOAD_COMPLETED_INTENTS to package com.android.vending (protectionLevel=2 flags=0x8abe45)
10-31 17:12:09.661   521   542 W PackageManager: Unknown permission com.android.email.permission.READ_ATTACHMENT in package com.android.exchange
10-31 17:12:09.661   521   542 W PackageManager: Unknown permission com.android.email.permission.ACCESS_PROVIDER in package com.android.exchange
10-31 17:12:09.661   521   542 W PackageManager: Unknown permission com.google.android.gallery3d.permission.GALLERY_PROVIDER in package com.android.exchange
10-31 17:12:09.671   521   542 W PackageManager: Not granting permission android.permission.DEVICE_POWER to package com.android.deskclock (protectionLevel=2 flags=0x88be45)
10-31 17:12:09.671   521   542 W PackageManager: Not granting permission android.permission.READ_DREAM_STATE to package com.google.android.gsf (protectionLevel=2 flags=0x883e45)
10-31 17:12:09.671   521   542 W PackageManager: Unknown permission htc.socialmanager.permission.USE_SOCIALSERVICE in package com.joelapenna.foursquared
10-31 17:12:09.671   521   542 W PackageManager: Unknown permission htc.socialmanager.permission.READ_SOCIAL_DATABASE in package com.joelapenna.foursquared
10-31 17:12:09.671   521   542 W PackageManager: Unknown permission htc.socialmanager.permission.WRITE_SOCIAL_DATABASE in package com.joelapenna.foursquared
10-31 17:12:09.671   521   542 W PackageManager: Unknown permission htc.socialmanager.permission.USE_SOCIALCOMPONENT in package com.joelapenna.foursquared
10-31 17:12:09.841   521   562 W InputMethodManagerService: Found no subtypes in a system IME: com.android.inputmethod.pinyin
10-31 17:12:16.187   521   809 W InputMethodManagerService: Window already focused, ignoring focus gain of: com.android.internal.view.IInputMethodClient$Stub$Proxy@4256e910 attribute=android.view.inputmethod.EditorInfo@426f89b0, token = android.os.BinderProxy@41eba520
10-31 17:12:17.118   521   533 I ActivityManager: START u0 {act=android.intent.action.MAIN cat=[android.intent.category.LAUNCHER] flg=0x10200000 pkg=com.google.android.apps.maps cmp=com.google.android.apps.maps/com.google.android.maps.MapsActivity bnds=[40,185][200,385]} from pid 1522
10-31 17:12:17.159   521   792 I ActivityManager: Start proc com.google.android.apps.maps for activity com.google.android.apps.maps/com.google.android.maps.MapsActivity: pid=3585 uid=10060 gids={50060, 3003, 1015, 1028}
10-31 17:12:17.869   521   808 I ActivityManager: Start proc com.google.android.tts for service com.google.android.tts/.GoogleTTSService: pid=3636 uid=10048 gids={50048, 3003, 1015, 1028}
10-31 17:12:18.570   521  1013 D ConnectivityService: special network not available ni=mobile_supl
10-31 17:12:22.364   521   793 I ActivityManager: START u0 {act=android.intent.action.VIEW dat=market://details?id=com.google.android.gms flg=0x80000 pkg=com.android.vending cmp=com.android.vending/com.google.android.finsky.activities.LaunchUrlHandlerActivity bnds=[0,291][768,419]} from pid -1
10-31 17:12:22.364   521   793 W ActivityManager: startActivity called from non-Activity context; forcing Intent.FLAG_ACTIVITY_NEW_TASK for: Intent { act=android.intent.action.VIEW dat=market://details?id=com.google.android.gms flg=0x80000 pkg=com.android.vending cmp=com.android.vending/com.google.android.finsky.activities.LaunchUrlHandlerActivity bnds=[0,291][768,419] }
10-31 17:12:22.574   521   521 I ActivityManager: START u0 {act=android.intent.action.VIEW dat=http://market.android.com/details?id=com.google.android.gms cmp=com.android.vending/com.google.android.finsky.activities.MainActivity (has extras)} from pid 2048
10-31 17:12:25.598   521   792 I ActivityManager: START u0 {cmp=com.android.vending/com.google.android.finsky.billing.lightpurchase.LightPurchaseFlowActivity (has extras)} from pid 2048
10-31 17:12:25.758   521   808 I ActivityManager: START u0 {cmp=com.android.vending/com.google.android.finsky.activities.AppsPermissionsActivity (has extras)} from pid 2048
10-31 17:12:27.369   521   538 W WindowManager: Rebuild removed 4 windows but added 3
10-31 17:12:27.379   521   538 W WindowManager: This window was lost: Window{41e7df60 u0 com.android.vending/com.google.android.finsky.activities.AppsPermissionsActivity}
10-31 17:12:27.379   521   538 W WindowManager: mDisplayId=0 mSession=Session{41edb000 2048:u0a10054} mClient=android.os.BinderProxy@41f91378
10-31 17:12:27.379   521   538 W WindowManager: mOwnerUid=10054 mShowToOwnerOnly=true
10-31 17:12:27.379   521   538 W WindowManager: mAttrs=WM.LayoutParams{(0,0)(wrapxwrap) sim=#120 ty=1 fl=#1800002 pfl=0x8 fmt=-3 wanim=0x1030296}
10-31 17:12:27.379   521   538 W WindowManager: Requested w=768 h=1134 mLayoutSeq=404
10-31 17:12:27.379   521   538 W WindowManager: mBaseLayer=21000 mSubLayer=0 mAnimLayer=21020+0=21020 mLastLayer=21020
10-31 17:12:27.379   521   538 W WindowManager: mToken=AppWindowToken{428637a8 token=Token{422e3298 ActivityRecord{41c36530 u0 com.android.vending/com.google.android.finsky.activities.AppsPermissionsActivity}}}
10-31 17:12:27.379   521   538 W WindowManager: mRootToken=AppWindowToken{428637a8 token=Token{422e3298 ActivityRecord{41c36530 u0 com.android.vending/com.google.android.finsky.activities.AppsPermissionsActivity}}}
10-31 17:12:27.379   521   538 W WindowManager: mAppToken=AppWindowToken{428637a8 token=Token{422e3298 ActivityRecord{41c36530 u0 com.android.vending/com.google.android.finsky.activities.AppsPermissionsActivity}}}
10-31 17:12:27.379   521   538 W WindowManager: mViewVisibility=0x8 mHaveFrame=true mObscured=false
10-31 17:12:27.379   521   538 W WindowManager: mSeq=0 mSystemUiVisibility=0x0
10-31 17:12:27.379   521   538 W WindowManager: mGivenContentInsets=[0,0][0,0] mGivenVisibleInsets=[0,0][0,0]
10-31 17:12:27.379   521   538 W WindowManager: mConfiguration={1.0 ?mcc?mnc en_US ldltr sw384dp w384dp h567dp 320dpi nrml port finger -keyb/v/h -nav/h s.6}
10-31 17:12:27.379   521   538 W WindowManager: mHasSurface=true mShownFrame=[0.0,50.0][768.0,1184.0] isReadyForDisplay()=false
10-31 17:12:27.379   521   538 W WindowManager: mFrame=[0,50][768,1184] last=[0,50][768,1184]
10-31 17:12:27.379   521   538 W WindowManager: mSystemDecorRect=[0,0][768,1134] last=[0,0][768,1134]
10-31 17:12:27.379   521   538 W WindowManager: Frames: containing=[0,50][768,1184] parent=[0,50][768,1184] display=[0,50][768,1184]
10-31 17:12:27.379   521   538 W WindowManager:     content=[0,50][768,1184] visible=[0,50][768,1184]
10-31 17:12:27.379   521   538 W WindowManager: Cur insets: content=[0,0][0,0] visible=[0,0][0,0]
10-31 17:12:27.379   521   538 W WindowManager: Lst insets: content=[0,0][0,0] visible=[0,0][0,0]
10-31 17:12:27.379   521   538 W WindowManager: WindowStateAnimator{41d61538 com.android.vending/com.google.android.finsky.activities.AppsPermissionsActivity}:
10-31 17:12:27.379   521   538 W WindowManager:   mSurface=Surface(name=com.android.vending/com.google.android.finsky.activities.AppsPermissionsActivity, identity=62)
10-31 17:12:27.379   521   538 W WindowManager:   mDrawState=HAS_DRAWN mLastHidden=true
10-31 17:12:27.379   521   538 W WindowManager:   Surface: shown=false layer=21020 alpha=0.0 rect=(0.0,50.0) 768.0 x 1134.0
10-31 17:12:27.379   521   538 W WindowManager:   mShownAlpha=1.0 mAlpha=1.0 mLastAlpha=0.0
10-31 17:12:27.379   521   538 W WindowManager: mExiting=false mRemoveOnExit=false mDestroying=true mRemoved=false
10-31 17:12:27.379   521   538 W WindowManager: Current app token list:
10-31 17:12:27.379   521   538 V WindowManager:   #3: Token{422e4828 ActivityRecord{41b13c78 u0 com.android.vending/com.google.android.finsky.activities.MainActivity}}
10-31 17:12:27.379   521   538 V WindowManager:   #2: Token{41ef6838 ActivityRecord{41b0ca48 u0 com.google.android.apps.maps/com.google.android.maps.MapsActivity}}
10-31 17:12:27.379   521   538 V WindowManager:   #1: Token{41c497b8 ActivityRecord{41b2ff98 u0 com.android.launcher/com.android.launcher2.Launcher}}
10-31 17:12:27.379   521   538 V WindowManager:   #0: Token{41e4dcc0 ActivityRecord{41e4d888 u0 com.google.android.setupwizard/.SetupWizardActivity}}
10-31 17:12:27.379   521   538 W WindowManager: Final window list:
10-31 17:12:27.379   521   538 V WindowManager:   #0: Window{41e78da8 u0 SearchPanel}
10-31 17:12:27.379   521   538 V WindowManager:   #1: Window{41d2c420 u0 NavigationBar}
10-31 17:12:27.379   521   538 V WindowManager:   #2: Window{41c9ee30 u0 StatusBar}
10-31 17:12:27.379   521   538 V WindowManager:   #3: Window{41b66330 u0 Keyguard}
10-31 17:12:27.379   521   538 V WindowManager:   #4: Window{41d3b008 u0 InputMethod}
10-31 17:12:27.379   521   538 V WindowManager:   #5: Window{41b44df0 u0 com.android.vending/com.google.android.finsky.activities.MainActivity}
10-31 17:12:27.379   521   538 V WindowManager:   #6: Window{4284aa30 u0 com.google.android.apps.maps/com.google.android.maps.MapsActivity}
10-31 17:12:27.379   521   538 V WindowManager:   #7: Window{41ca61b8 u0 com.android.launcher/com.android.launcher2.Launcher}
10-31 17:12:27.379   521   538 V WindowManager:   #8: Window{41e7aa28 u0 com.android.phasebeam.PhaseBeamWallpaper}
10-31 17:12:33.196   521   536 I ActivityManager: No longer want edu.ucla.nesl.mca (pid 3108): empty #17
10-31 17:12:33.196   521   536 I ActivityManager: No longer want edu.ucla.ee.nesl.privacyfilter.filtermanager (pid 2745): empty #18
10-31 17:12:33.236   521   542 W ActivityManager: No content provider found for permission revoke: file:///data/data/com.android.vending/cache/patches/com.google.android.gms444297292.apk
10-31 17:12:33.366   521   542 W ActivityManager: No content provider found for permission revoke: file:///data/data/com.android.vending/cache/patches/com.google.android.gms444297292.apk
10-31 17:12:33.366   521   542 I PackageManager: Copying native libraries to /data/app-lib/vmdl-73093092
10-31 17:12:34.457   521   539 I ActivityManager: Force stopping package com.google.android.gms appid=10044 user=-1
10-31 17:12:34.457   521   539 I ActivityManager: Killing proc 921:com.google.process.gapps/u0a10044: force stop com.google.android.gms
10-31 17:12:34.457   521   539 W ActivityManager: Scheduling restart of crashed service com.google.android.gsf/.gtalkservice.service.GTalkServiceProxy in 5000ms
10-31 17:12:34.457   521   539 W ActivityManager: Scheduling restart of crashed service com.google.android.gsf/.gtalkservice.service.GTalkService in 15000ms
10-31 17:12:34.457   521   539 I ActivityManager: Killing proc 876:com.google.android.gsf.login/u0a10044: force stop com.google.android.gms
10-31 17:12:34.457   521   539 I ActivityManager: Killing proc 1229:com.google.process.location/u0a10044: force stop com.google.android.gms
10-31 17:12:34.457   521   539 W ActivityManager: Scheduling restart of crashed service com.google.android.gms/com.google.android.location.internal.GoogleLocationManagerService in 24995ms
10-31 17:12:34.457   521   539 I ActivityManager: Killing proc 1141:com.google.android.gms/u0a10044: force stop com.google.android.gms
10-31 17:12:34.457   521   539 W ActivityManager: Scheduling restart of crashed service com.google.android.gms/.icing.impl.IndexService in 34993ms
10-31 17:12:34.467   521   539 I ActivityManager:   Force stopping service ServiceRecord{41cab890 u0 com.google.android.gms/com.google.android.location.internal.GoogleLocationManagerService}
10-31 17:12:34.467   521   539 I ActivityManager:   Force stopping service ServiceRecord{420c1430 u0 com.google.android.gms/.icing.impl.IndexService}
10-31 17:12:34.537   521   542 W PackageManager: Trying to update system app code path from /system/app/GmsCore.apk to /data/app/com.google.android.gms-1.apk
10-31 17:12:38.201   521   539 I ActivityManager: Force stopping package com.google.android.gms appid=10044 user=-1
10-31 17:12:38.201   521   542 W PackageManager: Code path for pkg : com.google.android.gms changing from /system/app/GmsCore.apk to /data/app/com.google.android.gms-1.apk
10-31 17:12:38.201   521   542 W PackageManager: Resource path for pkg : com.google.android.gms changing from /system/app/GmsCore.apk to /data/app/com.google.android.gms-1.apk
10-31 17:12:38.261   521   542 W PackageManager: Unknown permission android.permission.ADD_SYSTEM_SERVICE in package com.android.phone
10-31 17:12:38.261   521   542 W PackageManager: Unknown permission com.android.vending.billing.IBillingAccountService.BIND2 in package com.google.android.gsf.login
10-31 17:12:38.261   521   542 W PackageManager: Unknown permission com.android.chrome.TOS_ACKED in package com.google.android.gsf.login
10-31 17:12:38.261   521   542 W PackageManager: Unknown permission com.google.android.gallery3d.permission.GALLERY_PROVIDER in package com.android.bluetooth
10-31 17:12:38.261   521   542 W PackageManager: Not granting permission android.permission.SEND_DOWNLOAD_COMPLETED_INTENTS to package com.android.browser (protectionLevel=2 flags=0x89be45)
10-31 17:12:38.261   521   542 W PackageManager: Unknown permission htc.socialmanager.permission.USE_SOCIALSERVICE in package com.joelapenna.foursquared
10-31 17:12:38.261   521   542 W PackageManager: Unknown permission htc.socialmanager.permission.READ_SOCIAL_DATABASE in package com.joelapenna.foursquared
10-31 17:12:38.261   521   542 W PackageManager: Unknown permission htc.socialmanager.permission.WRITE_SOCIAL_DATABASE in package com.joelapenna.foursquared
10-31 17:12:38.261   521   542 W PackageManager: Unknown permission htc.socialmanager.permission.USE_SOCIALCOMPONENT in package com.joelapenna.foursquared
10-31 17:12:38.261   521   542 W PackageManager: Unknown permission com.google.android.gallery3d.permission.PICASA_STORE in package com.android.dreams.phototable
10-31 17:12:38.271   521   542 W PackageManager: Unknown permission android.permission.READ_OWNER_DATA in package com.google.android.setupwizard
10-31 17:12:38.271   521   542 W PackageManager: Unknown permission android.permission.WRITE_OWNER_DATA in package com.google.android.setupwizard
10-31 17:12:38.271   521   542 W PackageManager: Unknown permission com.google.android.voicesearch.SHORTCUTS_ACCESS in package com.google.android.googlequicksearchbox
10-31 17:12:38.271   521   542 W PackageManager: Unknown permission com.google.android.ears.permission.WRITE in package com.google.android.googlequicksearchbox
10-31 17:12:38.271   521   542 W PackageManager: Unknown permission com.google.android.apps.googlevoice.permission.AUTO_SEND in package com.google.android.googlequicksearchbox
10-31 17:12:38.271   521   542 W PackageManager: Not granting permission android.permission.SEND_DOWNLOAD_COMPLETED_INTENTS to package com.android.vending (protectionLevel=2 flags=0x8abe45)
10-31 17:12:38.271   521   542 W PackageManager: Unknown permission com.android.email.permission.READ_ATTACHMENT in package com.android.exchange
10-31 17:12:38.271   521   542 W PackageManager: Unknown permission com.android.email.permission.ACCESS_PROVIDER in package com.android.exchange
10-31 17:12:38.271   521   542 W PackageManager: Unknown permission com.google.android.gallery3d.permission.GALLERY_PROVIDER in package com.android.exchange
10-31 17:12:38.271   521   542 W PackageManager: Not granting permission android.permission.DEVICE_POWER to package com.android.deskclock (protectionLevel=2 flags=0x88be45)
10-31 17:12:38.271   521   542 W PackageManager: Not granting permission android.permission.READ_DREAM_STATE to package com.google.android.gsf (protectionLevel=2 flags=0x883e45)
10-31 17:12:38.281   521   542 W PackageManager: Unknown permission android.permission.LOCATION_HARDWARE in package com.google.android.gms
10-31 17:12:38.281   521   542 W PackageManager: Unknown permission android.permission.GET_APP_OPS_STATS in package com.google.android.gms
10-31 17:12:38.281   521   542 W PackageManager: Unknown permission android.permission.UPDATE_APP_OPS_STATS in package com.google.android.gms
10-31 17:12:38.331   521   542 I ActivityManager: Force stopping package com.google.android.gms appid=10044 user=0
10-31 17:12:38.451   521   562 W InputMethodManagerService: Found no subtypes in a system IME: com.android.inputmethod.pinyin
10-31 17:12:38.451   521   792 I ActivityManager: Start proc com.android.keychain for broadcast com.android.keychain/.KeyChainBroadcastReceiver: pid=3871 uid=1000 gids={41000, 1015, 1028, 3002, 3001, 3003}
10-31 17:12:38.471   521   663 I ActivityManager: Start proc com.google.android.gms for service com.google.android.gms/.games.service.GamesSyncServiceMain: pid=3879 uid=10044 gids={50044, 3003, 1007, 1028, 1015, 1006, 2001, 3006}
10-31 17:12:38.501  3871  3871 W ContextImpl: Calling a method in the system process without a qualified user: android.app.ContextImpl.startService:1358 android.content.ContextWrapper.startService:450 android.content.ContextWrapper.startService:450 com.android.keychain.KeyChainBroadcastReceiver.onReceive:12 android.app.ActivityThread.handleReceiver:2376 
10-31 17:12:38.661   521  1001 I ActivityManager: Start proc com.google.process.gapps for broadcast com.google.android.gsf/.gtalkservice.PackageInstalledReceiver: pid=3923 uid=10044 gids={50044, 3003, 1007, 1028, 1015, 1006, 2001, 3006}
10-31 17:12:38.932   521   521 I ActivityManager: Start proc com.google.process.location for broadcast com.google.android.gms/com.google.android.location.reporting.service.ExternalChangeReceiver: pid=3959 uid=10044 gids={50044, 3003, 1007, 1028, 1015, 1006, 2001, 3006}
10-31 17:12:39.082   521   533 I ActivityManager: Start proc com.google.android.gsf.login for service com.google.android.gms/.auth.be.recovery.AccountRecoveryBackgroundService: pid=4002 uid=10044 gids={50044, 3003, 1007, 1028, 1015, 1006, 2001, 3006}
10-31 17:12:39.162   521   521 W ActivityManager: Unable to start service Intent { act=com.google.android.gms.GMS_UPDATED } U=0: not found
10-31 17:12:41.835   521   655 D ConnectivityService: handleInetConditionHoldEnd: net=1, condition=0, published condition=100
10-31 17:12:46.129   521   865 W InputMethodManagerService: Window already focused, ignoring focus gain of: com.android.internal.view.IInputMethodClient$Stub$Proxy@425e0ec8 attribute=android.view.inputmethod.EditorInfo@424dd700, token = android.os.BinderProxy@41eba520
10-31 17:12:56.490   521   539 I ActivityManager: Start proc com.google.android.apps.uploader for broadcast com.google.android.apps.uploader/com.google.android.picasasync.BatteryReceiver: pid=4136 uid=10050 gids={50050, 3003, 1015, 1028}
10-31 17:12:56.581   521  1008 I ActivityManager: No longer want com.android.settings (pid 1070): empty #17
10-31 17:12:57.512   521  1007 I ActivityManager: No longer want com.google.android.gm (pid 1437): empty #17
10-31 17:13:12.888   521   809 I ActivityManager: START u0 {act=android.intent.action.MAIN cat=[android.intent.category.LAUNCHER] flg=0x10200000 cmp=edu.ucla.ee.nesl.privacyfilter.filtermanager/.AppListActivity bnds=[40,385][200,585]} from pid 1522
10-31 17:13:13.008   521   865 I ActivityManager: Start proc edu.ucla.ee.nesl.privacyfilter.filtermanager for activity edu.ucla.ee.nesl.privacyfilter.filtermanager/.AppListActivity: pid=4172 uid=10056 gids={50056, 3003, 1015, 1028}
10-31 17:13:18.914   521   536 I ActivityManager: No longer want com.google.android.apps.maps (pid 3585): empty #17
10-31 17:13:21.037   521   532 I ActivityManager: START u0 {act=android.intent.action.MAIN cat=[android.intent.category.LAUNCHER] flg=0x10200000 cmp=imoblife.androidsensorbox/.AndroidSensorBoxActivity bnds=[40,585][200,785]} from pid 1522
10-31 17:13:21.077   521  1001 I ActivityManager: Start proc imoblife.androidsensorbox for activity imoblife.androidsensorbox/.AndroidSensorBoxActivity: pid=4217 uid=10057 gids={50057, 3003, 1028}
10-31 17:13:24.801   521   536 I ActivityManager: No longer want com.google.android.tts (pid 3636): empty #17
10-31 17:14:11.851   686   686 W PowerUI : unknown intent: Intent { act=android.intent.action.ACTION_POWER_CONNECTED flg=0x8000010 }
10-31 17:20:38.994   521   786 W ThrottleService: unable to find stats for iface rmnet_usb0
10-31 17:24:11.871   521   564 I PowerManagerService: Going to sleep due to screen timeout...
10-31 17:24:17.848   686   686 D PhoneStatusBar: disable: < expand icons alerts ticker system_info back home RECENT* clock search >
10-31 17:24:17.898   686   686 D PhoneStatusBar: disable: < expand icons alerts ticker system_info BACK* HOME* RECENT CLOCK* search >
10-31 17:30:38.994   521   786 W ThrottleService: unable to find stats for iface rmnet_usb0
10-31 17:40:39.004   521   786 W ThrottleService: unable to find stats for iface rmnet_usb0
10-31 17:42:59.995   521   539 I ActivityManager: No longer want com.google.android.gsf.login (pid 4002): empty for 1806s
10-31 17:42:59.995   521   539 I ActivityManager: No longer want com.android.vending (pid 2048): empty for 1806s
10-31 17:43:00.005   521   539 I ActivityManager: No longer want com.google.android.googlequicksearchbox (pid 1511): empty for 1810s
10-31 17:43:00.005   521   539 I ActivityManager: No longer want com.google.process.location (pid 3959): empty for 1810s
10-31 17:43:00.005   521   539 I ActivityManager: No longer want com.android.gallery3d (pid 1594): empty for 1810s
10-31 17:43:00.005   521   539 I ActivityManager: No longer want android.process.acore (pid 937): empty for 1810s
10-31 17:43:00.005   521   539 I ActivityManager: No longer want com.android.voicedialer (pid 1424): empty for 1810s
10-31 17:43:00.025   521   539 I ActivityManager: No longer want com.android.musicfx (pid 2690): empty for 1821s
10-31 17:43:00.025   521   539 I ActivityManager: No longer want com.google.android.partnersetup (pid 1048): empty for 1821s
10-31 17:43:00.025   521   539 I ActivityManager: No longer want com.svox.pico (pid 2708): empty for 1821s
10-31 17:43:00.035   521   539 I ActivityManager: No longer want com.android.keychain (pid 3871): empty for 1821s
10-31 17:43:00.035   521   539 I ActivityManager: No longer want com.android.defcontainer (pid 2617): empty for 1826s
10-31 17:43:00.115   521   951 W ActivityManager: Scheduling restart of crashed service com.google.android.gms/com.google.android.location.fused.NlpLocationReceiverService in 5000ms
10-31 17:43:00.115   521   951 W ActivityManager: Scheduling restart of crashed service com.google.android.gms/com.google.android.location.internal.GoogleLocationManagerService in 15000ms
10-31 17:43:05.150   521   539 I ActivityManager: Start proc com.google.process.location for service com.google.android.gms/com.google.android.location.fused.NlpLocationReceiverService: pid=4364 uid=10044 gids={50044, 3003, 1007, 1028, 1015, 1006, 2001, 3006}
10-31 17:43:05.231   521  1006 I ActivityManager: Start proc com.google.android.gsf.login for service com.google.android.gms/.auth.be.recovery.AccountRecoveryBackgroundService: pid=4384 uid=10044 gids={50044, 3003, 1007, 1028, 1015, 1006, 2001, 3006}
10-31 17:43:59.999   521   539 I ActivityManager: No longer want edu.ucla.ee.nesl.privacyfilter.filtermanager (pid 4172): empty for 1846s
10-31 17:44:59.993   521   539 I ActivityManager: No longer want imoblife.androidsensorbox (pid 4217): empty for 1898s
10-31 17:50:39.005   521   786 W ThrottleService: unable to find stats for iface rmnet_usb0
10-31 17:57:29.172   521   655 D ConnectivityService: Captive portal check NetworkInfo: type: WIFI[], state: CONNECTING/CAPTIVE_PORTAL_CHECK, reason: (unspecified), extra: "nesl5", roaming: false, failover: false, isAvailable: true
10-31 17:57:29.172   521   655 D ConnectivityService: Captive portal check NetworkInfo: type: WIFI[], state: CONNECTING/CAPTIVE_PORTAL_CHECK, reason: (unspecified), extra: "nesl5", roaming: false, failover: false, isAvailable: true
10-31 17:57:29.182   521   655 D ConnectivityService: ConnectivityChange for WIFI: CONNECTED/CONNECTED
10-31 17:57:29.182   521   655 D ConnectivityService: handleConnectivityChange: address are the same reset per doReset linkProperty[1]: resetMask=0
10-31 17:57:29.182   521   655 D ConnectivityService: ConnectivityChange for WIFI: CONNECTED/CONNECTED
10-31 17:57:29.182   521   655 D ConnectivityService: handleConnectivityChange: address are the same reset per doReset linkProperty[1]: resetMask=0
10-31 17:57:30.184   521   655 D ConnectivityService: NetTransition Wakelock for WifiStateMachine released by timeout
10-31 17:57:35.259   521   655 D ConnectivityService: handleInetConditionHoldEnd: net=1, condition=0, published condition=0
10-31 18:00:39.015   521   786 W ThrottleService: unable to find stats for iface rmnet_usb0
10-31 18:05:19.464   521   542 W PackageManager: Invalid verification token 0 received
10-31 18:10:39.015   521   786 W ThrottleService: unable to find stats for iface rmnet_usb0
10-31 18:14:00.000   521   539 I ActivityManager: No longer want com.google.process.location (pid 4364): empty for 1854s
10-31 18:14:00.060   521   865 W ActivityManager: Scheduling restart of crashed service com.google.android.gms/com.google.android.location.fused.NlpLocationReceiverService in 5000ms
10-31 18:14:00.060   521   865 W ActivityManager: Scheduling restart of crashed service com.google.android.gms/com.google.android.location.internal.GoogleLocationManagerService in 15000ms
10-31 18:14:05.105   521   539 I ActivityManager: Start proc com.google.process.location for service com.google.android.gms/com.google.android.location.fused.NlpLocationReceiverService: pid=4531 uid=10044 gids={50044, 3003, 1007, 1028, 1015, 1006, 2001, 3006}
10-31 18:20:39.025   521   786 W ThrottleService: unable to find stats for iface rmnet_usb0
10-31 18:23:43.342   521   566 I ActivityManager: Start proc com.google.android.apps.maps for service com.google.android.apps.maps/com.google.android.apps.gmm.prefetch.PrefetcherService: pid=4571 uid=10060 gids={50060, 3003, 1015, 1028}
10-31 18:23:44.023   521   533 I ActivityManager: Start proc com.google.android.tts for service com.google.android.tts/.GoogleTTSService: pid=4637 uid=10048 gids={50048, 3003, 1015, 1028}
10-31 18:27:32.717   521   533 I ActivityManager: No longer want com.google.android.apps.uploader (pid 4136): empty for 1800s
10-31 18:27:32.717   521   533 I ActivityManager: No longer want android.process.media (pid 3177): empty for 1800s
10-31 18:27:32.757   521  1008 W ActivityManager: Scheduling restart of crashed service com.android.providers.media/.MtpService in 5000ms
10-31 18:27:37.792   521   539 I ActivityManager: Start proc android.process.media for service com.android.providers.media/.MtpService: pid=4686 uid=10010 gids={50010, 1015, 1023, 1024, 1028, 2001, 3003, 3007}
10-31 18:30:39.026   521   786 W ThrottleService: unable to find stats for iface rmnet_usb0
10-31 18:40:39.036   521   786 W ThrottleService: unable to find stats for iface rmnet_usb0
10-31 18:44:05.376   521  1007 I ActivityManager: No longer want com.google.android.gms (pid 3879): empty for 1800s
10-31 18:44:06.427   521   951 I ActivityManager: No longer want com.google.process.location (pid 4531): empty for 1800s
10-31 18:44:06.457   521   532 W ActivityManager: Scheduling restart of crashed service com.google.android.gms/com.google.android.location.fused.NlpLocationReceiverService in 5000ms
10-31 18:44:06.457   521   532 W ActivityManager: Scheduling restart of crashed service com.google.android.gms/com.google.android.location.internal.GoogleLocationManagerService in 15000ms
10-31 18:44:11.513   521   539 I ActivityManager: Start proc com.google.process.location for service com.google.android.gms/com.google.android.location.fused.NlpLocationReceiverService: pid=4744 uid=10044 gids={50044, 3003, 1007, 1028, 1015, 1006, 2001, 3006}
10-31 18:44:11.563   521   539 I ActivityManager: Start proc com.google.android.gms for broadcast com.google.android.gms/.init.InitializeGmsReceiver: pid=4757 uid=10044 gids={50044, 3003, 1007, 1028, 1015, 1006, 2001, 3006}
